Component: ARM Compiler 5.06 update 5 (build 528) Tool: armlink [4d35e2]

==============================================================================

Section Cross References

    nrf_drv_spis.o(i.irq_handler_for_instance_1) refers to nrf_drv_spis.o(i.spis_irq_handler) for spis_irq_handler
    nrf_drv_spis.o(i.irq_handler_for_instance_1) refers to nrf_drv_spis.o(.bss) for .bss
    nrf_drv_spis.o(i.irq_handler_for_instance_2) refers to nrf_drv_spis.o(i.spis_irq_handler) for spis_irq_handler
    nrf_drv_spis.o(i.irq_handler_for_instance_2) refers to nrf_drv_spis.o(.bss) for .bss
    nrf_drv_spis.o(i.nrf_drv_spis_buffers_set) refers to nrf_drv_spis.o(i.nrf_drv_is_in_RAM) for nrf_drv_is_in_RAM
    nrf_drv_spis.o(i.nrf_drv_spis_buffers_set) refers to nrf_drv_spis.o(i.spis_state_change) for spis_state_change
    nrf_drv_spis.o(i.nrf_drv_spis_buffers_set) refers to nrf_drv_spis.o(.bss) for .bss
    nrf_drv_spis.o(i.nrf_drv_spis_init) refers to nrf_drv_common.o(i.nrf_drv_common_per_res_acquire) for nrf_drv_common_per_res_acquire
    nrf_drv_spis.o(i.nrf_drv_spis_init) refers to nrf_drv_spis.o(i.nrf_gpio_cfg) for nrf_gpio_cfg
    nrf_drv_spis.o(i.nrf_drv_spis_init) refers to nrf_drv_spis.o(i.nrf_spis_event_clear) for nrf_spis_event_clear
    nrf_drv_spis.o(i.nrf_drv_spis_init) refers to nrf_drv_common.o(i.nrf_drv_common_irq_enable) for nrf_drv_common_irq_enable
    nrf_drv_spis.o(i.nrf_drv_spis_init) refers to nrf_drv_spis.o(.bss) for .bss
    nrf_drv_spis.o(i.nrf_drv_spis_init) refers to nrf_drv_spis.o(.constdata) for .constdata
    nrf_drv_spis.o(i.nrf_drv_spis_uninit) refers to nrf_drv_common.o(i.nrf_drv_common_per_res_release) for nrf_drv_common_per_res_release
    nrf_drv_spis.o(i.nrf_drv_spis_uninit) refers to nrf_drv_spis.o(.bss) for .bss
    nrf_drv_spis.o(i.spis_irq_handler) refers to nrf_drv_spis.o(i.nrf_spis_event_check) for nrf_spis_event_check
    nrf_drv_spis.o(i.spis_irq_handler) refers to nrf_drv_spis.o(i.nrf_spis_event_clear) for nrf_spis_event_clear
    nrf_drv_spis.o(i.spis_irq_handler) refers to nrf_drv_spis.o(i.spis_state_change) for spis_state_change
    nrf_drv_spis.o(i.spis_state_change) refers to nrf_drv_spis.o(i.spis_state_entry_action_execute) for spis_state_entry_action_execute
    nrf_drv_spis.o(i.spis_state_entry_action_execute) refers to app_error.o(i.app_error_handler_bare) for app_error_handler_bare
    nrf_drv_spis.o(.constdata) refers to nrf_drv_spis.o(i.irq_handler_for_instance_1) for irq_handler_for_instance_1
    nrf_drv_spis.o(.constdata) refers to nrf_drv_spis.o(i.irq_handler_for_instance_2) for irq_handler_for_instance_2
    main.o(i.bmi160_spi_bus_read) refers to nrf_drv_spi.o(i.nrf_drv_spi_transfer) for nrf_drv_spi_transfer
    main.o(i.bmi160_spi_bus_read) refers to main.o(.data) for .data
    main.o(i.bmi160_spi_bus_read) refers to main.o(.bss) for .bss
    main.o(i.bmi160_spi_bus_read) refers to main.o(.constdata) for .constdata
    main.o(i.bmi160_spi_bus_write) refers to malloc.o(i.malloc) for malloc
    main.o(i.bmi160_spi_bus_write) refers to nrf_drv_spi.o(i.nrf_drv_spi_transfer) for nrf_drv_spi_transfer
    main.o(i.bmi160_spi_bus_write) refers to malloc.o(i.free) for free
    main.o(i.bmi160_spi_bus_write) refers to main.o(.data) for .data
    main.o(i.bmi160_spi_bus_write) refers to main.o(.constdata) for .constdata
    main.o(i.button_handler) refers to main.o(i.get_bmi160_fifo_data) for get_bmi160_fifo_data
    main.o(i.compute_fir) refers to arm_fir_f32.o(.text) for arm_fir_f32
    main.o(i.compute_fir) refers to main.o(.bss) for .bss
    main.o(i.compute_fir) refers to main.o(.data) for .data
    main.o(i.config_gpio) refers to nrf_drv_gpiote.o(i.nrf_drv_gpiote_is_init) for nrf_drv_gpiote_is_init
    main.o(i.config_gpio) refers to nrf_drv_gpiote.o(i.nrf_drv_gpiote_init) for nrf_drv_gpiote_init
    main.o(i.config_gpio) refers to nrf_drv_gpiote.o(i.nrf_drv_gpiote_in_init) for nrf_drv_gpiote_in_init
    main.o(i.config_gpio) refers to nrf_drv_gpiote.o(i.nrf_drv_gpiote_in_event_enable) for nrf_drv_gpiote_in_event_enable
    main.o(i.config_gpio) refers to main.o(.constdata) for .constdata
    main.o(i.config_gpio) refers to main.o(i.button_handler) for button_handler
    main.o(i.dsp_config) refers to arm_fir_init_f32.o(.text) for arm_fir_init_f32
    main.o(i.dsp_config) refers to main.o(.bss) for .bss
    main.o(i.dsp_config) refers to main.o(.constdata) for .constdata
    main.o(i.get_bmi160_fifo_data) refers to bmi160.o(i.bmi160_get_fifo_data) for bmi160_get_fifo_data
    main.o(i.get_bmi160_fifo_data) refers to bmi160.o(i.bmi160_extract_gyro) for bmi160_extract_gyro
    main.o(i.get_bmi160_fifo_data) refers to main.o(i.compute_fir) for compute_fir
    main.o(i.get_bmi160_fifo_data) refers to main.o(.bss) for .bss
    main.o(i.get_bmi160_fifo_data) refers to main.o(.data) for .data
    main.o(i.main) refers to main.o(i.config_gpio) for config_gpio
    main.o(i.main) refers to main.o(i.spi_config) for spi_config
[...]
    i.irq_handler                            0x00002b2e   Section        0  nrf_drv_timer.o(i.irq_handler)
    irq_handler                              0x00002b2f   Thumb Code    66  nrf_drv_timer.o(i.irq_handler)
    i.irq_handler_for_instance_0             0x00002b70   Section        0  nrf_drv_spi.o(i.irq_handler_for_instance_0)
    irq_handler_for_instance_0               0x00002b71   Thumb Code     8  nrf_drv_spi.o(i.irq_handler_for_instance_0)
    i.irq_handler_for_instance_1             0x00002b80   Section        0  nrf_drv_spi.o(i.irq_handler_for_instance_1)
    irq_handler_for_instance_1               0x00002b81   Thumb Code    10  nrf_drv_spi.o(i.irq_handler_for_instance_1)
    i.irq_handler_for_instance_2             0x00002b90   Section        0  nrf_drv_spi.o(i.irq_handler_for_instance_2)
    irq_handler_for_instance_2               0x00002b91   Thumb Code     8  nrf_drv_spi.o(i.irq_handler_for_instance_2)
    i.irq_handler_spim                       0x00002ba0   Section        0  nrf_drv_spi.o(i.irq_handler_spim)
    irq_handler_spim                         0x00002ba1   Thumb Code    64  nrf_drv_spi.o(i.irq_handler_spim)
    i.list_insertions_handler                0x00002be0   Section        0  app_timer.o(i.list_insertions_handler)
    list_insertions_handler                  0x00002be1   Thumb Code   234  app_timer.o(i.list_insertions_handler)
    i.main                                   0x00002cd8   Section        0  main.o(i.main)
    i.malloc                                 0x00002cec   Section        0  malloc.o(i.malloc)
    i.map_int_pin_to_low_step_detect         0x00002d58   Section        0  bmi160.o(i.map_int_pin_to_low_step_detect)
    map_int_pin_to_low_step_detect           0x00002d59   Thumb Code    90  bmi160.o(i.map_int_pin_to_low_step_detect)
    i.map_int_pin_to_sig_any_motion          0x00002db2   Section        0  bmi160.o(i.map_int_pin_to_sig_any_motion)
    map_int_pin_to_sig_any_motion            0x00002db3   Thumb Code    90  bmi160.o(i.map_int_pin_to_sig_any_motion)
    i.map_int_pin_to_tap                     0x00002e0c   Section        0  bmi160.o(i.map_int_pin_to_tap)
    map_int_pin_to_tap                       0x00002e0d   Thumb Code   116  bmi160.o(i.map_int_pin_to_tap)
    i.memobj_op                              0x00002e80   Section        0  nrf_memobj.o(i.memobj_op)
    memobj_op                                0x00002e81   Thumb Code   118  nrf_memobj.o(i.memobj_op)
    i.move_next_frame                        0x00002ef6   Section        0  bmi160.o(i.move_next_frame)
    move_next_frame                          0x00002ef7   Thumb Code    20  bmi160.o(i.move_next_frame)
    i.multiline_console_data_check           0x00002f0a   Section        0  nrf_cli.o(i.multiline_console_data_check)
    multiline_console_data_check             0x00002f0b   Thumb Code    80  nrf_cli.o(i.multiline_console_data_check)
    i.nrf_bitmask_bit_is_set                 0x00002f5a   Section        0  nrf_drv_gpiote.o(i.nrf_bitmask_bit_is_set)
    nrf_bitmask_bit_is_set                   0x00002f5b   Thumb Code    16  nrf_drv_gpiote.o(i.nrf_bitmask_bit_is_set)
    i.nrf_cli_cmd_clear                      0x00002f6c   Section        0  nrf_cli.o(i.nrf_cli_cmd_clear)
    nrf_cli_cmd_clear                        0x00002f6d   Thumb Code    54  nrf_cli.o(i.nrf_cli_cmd_clear)
    i.nrf_cli_cmd_colors                     0x00002fac   Section        0  nrf_cli.o(i.nrf_cli_cmd_colors)
    nrf_cli_cmd_colors                       0x00002fad   Thumb Code    80  nrf_cli.o(i.nrf_cli_cmd_colors)
    i.nrf_cli_cmd_colors_off                 0x00003014   Section        0  nrf_cli.o(i.nrf_cli_cmd_colors_off)
    nrf_cli_cmd_colors_off                   0x00003015   Thumb Code    66  nrf_cli.o(i.nrf_cli_cmd_colors_off)
    i.nrf_cli_cmd_colors_on                  0x00003064   Section        0  nrf_cli.o(i.nrf_cli_cmd_colors_on)
    nrf_cli_cmd_colors_on                    0x00003065   Thumb Code    66  nrf_cli.o(i.nrf_cli_cmd_colors_on)
    i.nrf_cli_cmd_history                    0x000030b4   Section        0  nrf_cli.o(i.nrf_cli_cmd_history)
    nrf_cli_cmd_history                      0x000030b5   Thumb Code   130  nrf_cli.o(i.nrf_cli_cmd_history)
    i.nrf_cli_cmd_resize                     0x00003150   Section        0  nrf_cli.o(i.nrf_cli_cmd_resize)
    nrf_cli_cmd_resize                       0x00003151   Thumb Code   122  nrf_cli.o(i.nrf_cli_cmd_resize)
    i.nrf_cli_cmd_resize_default             0x00003224   Section        0  nrf_cli.o(i.nrf_cli_cmd_resize_default)
    nrf_cli_cmd_resize_default               0x00003225   Thumb Code    76  nrf_cli.o(i.nrf_cli_cmd_resize_default)
    i.nrf_cli_fprintf                        0x00003280   Section        0  nrf_cli.o(i.nrf_cli_fprintf)
    i.nrf_cli_help_print                     0x000032d0   Section        0  nrf_cli.o(i.nrf_cli_help_print)
    i.nrf_cli_help_requested                 0x00003558   Section        0  nrf_cli.o(i.nrf_cli_help_requested)
    nrf_cli_help_requested                   0x00003559   Thumb Code    12  nrf_cli.o(i.nrf_cli_help_requested)
    i.nrf_clock_event_check                  0x00003564   Section        0  nrf_drv_clock.o(i.nrf_clock_event_check)
    nrf_clock_event_check                    0x00003565   Thumb Code    14  nrf_drv_clock.o(i.nrf_clock_event_check)
    i.nrf_clock_event_clear                  0x00003572   Section        0  nrf_drv_clock.o(i.nrf_clock_event_clear)
    nrf_clock_event_clear                    0x00003573   Thumb Code    16  nrf_drv_clock.o(i.nrf_clock_event_clear)
    i.nrf_delay_ms                           0x00003582   Section        0  main.o(i.nrf_delay_ms)
    nrf_delay_ms                             0x00003583   Thumb Code    10  main.o(i.nrf_delay_ms)
    i.nrf_delay_us                           0x0000358c   Section        0  main.o(i.nrf_delay_us)
    nrf_delay_us                             0x0000358d   Thumb Code   132  main.o(i.nrf_delay_us)
    i.nrf_delay_us                           0x00003618   Section        0  app_timer.o(i.nrf_delay_us)
    nrf_delay_us                             0x00003619   Thumb Code   132  app_timer.o(i.nrf_delay_us)
    i.nrf_delay_us                           0x000036a4   Section        0  nrf_cli.o(i.nrf_delay_us)
    nrf_delay_us                             0x000036a5   Thumb Code   132  nrf_cli.o(i.nrf_delay_us)
    i.nrf_drv_clock_onIRQ                    0x00003730   Section        0  nrf_drv_clock.o(i.nrf_drv_clock_onIRQ)
    i.nrf_drv_common_irq_enable              0x00003788   Section        0  nrf_drv_common.o(i.nrf_drv_common_irq_enable)
    i.nrf_drv_common_per_res_acquire         0x000037c0   Section        0  nrf_drv_common.o(i.nrf_drv_common_per_res_acquire)
    i.nrf_drv_gpiote_in_event_enable         0x00003804   Section        0  nrf_drv_gpiote.o(i.nrf_drv_gpiote_in_event_enable)
    i.nrf_drv_gpiote_in_init                 0x000038a8   Section        0  nrf_drv_gpiote.o(i.nrf_drv_gpiote_in_init)
    i.nrf_drv_gpiote_init                    0x00003960   Section        0  nrf_drv_gpiote.o(i.nrf_drv_gpiote_init)
    i.nrf_drv_gpiote_is_init                 0x000039bc   Section        0  nrf_drv_gpiote.o(i.nrf_drv_gpiote_is_init)
    i.nrf_drv_is_in_RAM                      0x000039d0   Section        0  nrf_drv_spi.o(i.nrf_drv_is_in_RAM)
    nrf_drv_is_in_RAM                        0x000039d1   Thumb Code    16  nrf_drv_spi.o(i.nrf_drv_is_in_RAM)
    i.nrf_drv_power_onIRQ                    0x000039e0   Section        0  nrf_drv_power.o(i.nrf_drv_power_onIRQ)
    i.nrf_drv_rng_stop                       0x00003a34   Section        0  nrf_drv_rng.o(i.nrf_drv_rng_stop)
    nrf_drv_rng_stop                         0x00003a35   Thumb Code    14  nrf_drv_rng.o(i.nrf_drv_rng_stop)
    i.nrf_drv_rtc_int_handler                0x00003a48   Section        0  nrf_drv_rtc.o(i.nrf_drv_rtc_int_handler)
    nrf_drv_rtc_int_handler                  0x00003a49   Thumb Code   154  nrf_drv_rtc.o(i.nrf_drv_rtc_int_handler)
    i.nrf_drv_spi_init                       0x00003ae8   Section        0  nrf_drv_spi.o(i.nrf_drv_spi_init)
    i.nrf_drv_spi_transfer                   0x00003c28   Section        0  nrf_drv_spi.o(i.nrf_drv_spi_transfer)
    i.nrf_drv_spi_xfer                       0x00003c44   Section        0  nrf_drv_spi.o(i.nrf_drv_spi_xfer)
    i.nrf_drv_swi_process                    0x00003ca4   Section        0  nrf_drv_swi.o(i.nrf_drv_swi_process)
    nrf_drv_swi_process                      0x00003ca5   Thumb Code    86  nrf_drv_swi.o(i.nrf_drv_swi_process)
    i.nrf_fprintf                            0x00003d04   Section        0  nrf_fprintf.o(i.nrf_fprintf)
    i.nrf_fprintf_buffer_flush               0x00003d1e   Section        0  nrf_fprintf.o(i.nrf_fprintf_buffer_flush)
    i.nrf_fprintf_fmt                        0x00003d36   Section        0  nrf_fprintf_format.o(i.nrf_fprintf_fmt)
    i.nrf_gpio_cfg                           0x00003f10   Section        0  nrf_drv_gpiote.o(i.nrf_gpio_cfg)
    nrf_gpio_cfg                             0x00003f11   Thumb Code    36  nrf_drv_gpiote.o(i.nrf_gpio_cfg)
    i.nrf_gpio_cfg                           0x00003f34   Section        0  nrf_drv_spi.o(i.nrf_gpio_cfg)
    nrf_gpio_cfg                             0x00003f35   Thumb Code    36  nrf_drv_spi.o(i.nrf_gpio_cfg)
    i.nrf_gpio_cfg_output                    0x00003f58   Section        0  nrf_drv_spi.o(i.nrf_gpio_cfg_output)
    nrf_gpio_cfg_output                      0x00003f59   Thumb Code    20  nrf_drv_spi.o(i.nrf_gpio_cfg_output)
    i.nrf_gpio_cfg_sense_set                 0x00003f6c   Section        0  nrf_drv_gpiote.o(i.nrf_gpio_cfg_sense_set)
    nrf_gpio_cfg_sense_set                   0x00003f6d   Thumb Code    34  nrf_drv_gpiote.o(i.nrf_gpio_cfg_sense_set)
    i.nrf_gpio_pin_set                       0x00003f8e   Section        0  nrf_drv_spi.o(i.nrf_gpio_pin_set)
    nrf_gpio_pin_set                         0x00003f8f   Thumb Code    14  nrf_drv_spi.o(i.nrf_gpio_pin_set)
    i.nrf_gpio_ports_read                    0x00003f9c   Section        0  nrf_drv_gpiote.o(i.nrf_gpio_ports_read)
    nrf_gpio_ports_read                      0x00003f9d   Thumb Code    34  nrf_drv_gpiote.o(i.nrf_gpio_ports_read)
    i.nrf_gpiote_event_clear                 0x00003fc4   Section        0  nrf_drv_gpiote.o(i.nrf_gpiote_event_clear)
    nrf_gpiote_event_clear                   0x00003fc5   Thumb Code    16  nrf_drv_gpiote.o(i.nrf_gpiote_event_clear)
    i.nrf_gpiote_event_is_set                0x00003fd8   Section        0  nrf_drv_gpiote.o(i.nrf_gpiote_event_is_set)
    nrf_gpiote_event_is_set                  0x00003fd9   Thumb Code    12  nrf_drv_gpiote.o(i.nrf_gpiote_event_is_set)
    i.nrf_i2s_event_check                    0x00003fe8   Section        0  nrf_drv_i2s.o(i.nrf_i2s_event_check)
    nrf_i2s_event_check                      0x00003fe9   Thumb Code    10  nrf_drv_i2s.o(i.nrf_i2s_event_check)
    i.nrf_i2s_event_clear                    0x00003ff2   Section        0  nrf_drv_i2s.o(i.nrf_i2s_event_clear)
    nrf_i2s_event_clear                      0x00003ff3   Thumb Code    12  nrf_drv_i2s.o(i.nrf_i2s_event_clear)
    i.nrf_memobj_read                        0x00003ffe   Section        0  nrf_memobj.o(i.nrf_memobj_read)
    i.nrf_pdm_event_check                    0x0000400c   Section        0  nrf_drv_pdm.o(i.nrf_pdm_event_check)
    nrf_pdm_event_check                      0x0000400d   Thumb Code    12  nrf_drv_pdm.o(i.nrf_pdm_event_check)
    i.nrf_pdm_event_clear                    0x0000401c   Section        0  nrf_drv_pdm.o(i.nrf_pdm_event_clear)
    nrf_pdm_event_clear                      0x0000401d   Thumb Code    16  nrf_drv_pdm.o(i.nrf_pdm_event_clear)
    i.nrf_power_event_get_and_clear          0x00004030   Section        0  nrf_drv_power.o(i.nrf_power_event_get_and_clear)
    nrf_power_event_get_and_clear            0x00004031   Thumb Code    20  nrf_drv_power.o(i.nrf_power_event_get_and_clear)
    i.nrf_pwm_event_check                    0x00004044   Section        0  nrf_drv_pwm.o(i.nrf_pwm_event_check)
    nrf_pwm_event_check                      0x00004045   Thumb Code    10  nrf_drv_pwm.o(i.nrf_pwm_event_check)
    i.nrf_pwm_event_clear                    0x0000404e   Section        0  nrf_drv_pwm.o(i.nrf_pwm_event_clear)
    nrf_pwm_event_clear                      0x0000404f   Thumb Code    12  nrf_drv_pwm.o(i.nrf_pwm_event_clear)
    i.nrf_queue_is_full                      0x0000405a   Section        0  nrf_queue.o(i.nrf_queue_is_full)
    i.nrf_queue_next_idx                     0x00004078   Section        0  nrf_queue.o(i.nrf_queue_next_idx)
    nrf_queue_next_idx                       0x00004079   Thumb Code    14  nrf_queue.o(i.nrf_queue_next_idx)
    i.nrf_queue_push                         0x00004086   Section        0  nrf_queue.o(i.nrf_queue_push)
    i.nrf_rtc_event_clear                    0x00004132   Section        0  nrf_drv_rtc.o(i.nrf_rtc_event_clear)
    nrf_rtc_event_clear                      0x00004133   Thumb Code    12  nrf_drv_rtc.o(i.nrf_rtc_event_clear)
    i.nrf_saadc_buffer_init                  0x00004140   Section        0  nrf_drv_saadc.o(i.nrf_saadc_buffer_init)
    nrf_saadc_buffer_init                    0x00004141   Thumb Code    10  nrf_drv_saadc.o(i.nrf_saadc_buffer_init)
    i.nrf_saadc_event_check                  0x00004150   Section        0  nrf_drv_saadc.o(i.nrf_saadc_event_check)
    nrf_saadc_event_check                    0x00004151   Thumb Code    12  nrf_drv_saadc.o(i.nrf_saadc_event_check)
    i.nrf_saadc_event_clear                  0x00004160   Section        0  nrf_drv_saadc.o(i.nrf_saadc_event_clear)
    nrf_saadc_event_clear                    0x00004161   Thumb Code    16  nrf_drv_saadc.o(i.nrf_saadc_event_clear)
    i.nrf_spim_event_check                   0x00004174   Section        0  nrf_drv_spi.o(i.nrf_spim_event_check)
    nrf_spim_event_check                     0x00004175   Thumb Code    10  nrf_drv_spi.o(i.nrf_spim_event_check)
    i.nrf_uart_event_check                   0x0000417e   Section        0  nrf_drv_uart.o(i.nrf_uart_event_check)
    nrf_uart_event_check                     0x0000417f   Thumb Code    10  nrf_drv_uart.o(i.nrf_uart_event_check)
    i.nrf_uart_event_clear                   0x00004188   Section        0  nrf_drv_uart.o(i.nrf_uart_event_clear)
    nrf_uart_event_clear                     0x00004189   Thumb Code    12  nrf_drv_uart.o(i.nrf_uart_event_clear)
    i.nrf_uart_int_enable_check              0x00004194   Section        0  nrf_drv_uart.o(i.nrf_uart_int_enable_check)
    nrf_uart_int_enable_check                0x00004195   Thumb Code    12  nrf_drv_uart.o(i.nrf_uart_int_enable_check)
    i.nrf_uarte_event_check                  0x000041a0   Section        0  nrf_drv_uart.o(i.nrf_uarte_event_check)
    nrf_uarte_event_check                    0x000041a1   Thumb Code    10  nrf_drv_uart.o(i.nrf_uarte_event_check)
    i.nrf_uarte_event_clear                  0x000041aa   Section        0  nrf_drv_uart.o(i.nrf_uarte_event_clear)
    nrf_uarte_event_clear                    0x000041ab   Thumb Code    12  nrf_drv_uart.o(i.nrf_uarte_event_clear)
    i.null_ptr_check                         0x000041b6   Section        0  bmi160.o(i.null_ptr_check)
    null_ptr_check                           0x000041b7   Thumb Code    24  bmi160.o(i.null_ptr_check)
    i.pin_in_use_by_port                     0x000041d0   Section        0  nrf_drv_gpiote.o(i.pin_in_use_by_port)
    pin_in_use_by_port                       0x000041d1   Thumb Code    20  nrf_drv_gpiote.o(i.pin_in_use_by_port)
    i.pin_in_use_by_te                       0x000041e8   Section        0  nrf_drv_gpiote.o(i.pin_in_use_by_te)
    pin_in_use_by_te                         0x000041e9   Thumb Code    20  nrf_drv_gpiote.o(i.pin_in_use_by_te)
    i.process_under_sampling                 0x00004200   Section        0  bmi160.o(i.process_under_sampling)
    process_under_sampling                   0x00004201   Thumb Code   100  bmi160.o(i.process_under_sampling)
    i.queue_utilization_get                  0x00004264   Section        0  nrf_queue.o(i.queue_utilization_get)
    queue_utilization_get                    0x00004265   Thumb Code    24  nrf_queue.o(i.queue_utilization_get)
    i.rtc1_stop                              0x0000427c   Section        0  app_timer.o(i.rtc1_stop)
    rtc1_stop                                0x0000427d   Thumb Code    52  app_timer.o(i.rtc1_stop)
    i.rx_byte                                0x000042b8   Section        0  nrf_drv_uart.o(i.rx_byte)
    rx_byte                                  0x000042b9   Thumb Code    50  nrf_drv_uart.o(i.rx_byte)
    i.rx_done_event                          0x000042ea   Section        0  nrf_drv_uart.o(i.rx_done_event)
    rx_done_event                            0x000042eb   Thumb Code    24  nrf_drv_uart.o(i.rx_done_event)
    i.sensor_config                          0x00004304   Section        0  main.o(i.sensor_config)
    i.set_accel_flat_detect_int              0x0000439c   Section        0  bmi160.o(i.set_accel_flat_detect_int)
    set_accel_flat_detect_int                0x0000439d   Thumb Code   260  bmi160.o(i.set_accel_flat_detect_int)
    i.set_accel_gyro_data_ready_int          0x000044a0   Section        0  bmi160.o(i.set_accel_gyro_data_ready_int)
    set_accel_gyro_data_ready_int            0x000044a1   Thumb Code   144  bmi160.o(i.set_accel_gyro_data_ready_int)
    i.set_accel_high_g_int                   0x00004530   Section        0  bmi160.o(i.set_accel_high_g_int)
    set_accel_high_g_int                     0x00004531   Thumb Code   320  bmi160.o(i.set_accel_high_g_int)
    i.set_accel_low_g_int                    0x00004670   Section        0  bmi160.o(i.set_accel_low_g_int)
    set_accel_low_g_int                      0x00004671   Thumb Code   246  bmi160.o(i.set_accel_low_g_int)
    i.set_accel_no_motion_int                0x00004766   Section        0  bmi160.o(i.set_accel_no_motion_int)
    set_accel_no_motion_int                  0x00004767   Thumb Code   126  bmi160.o(i.set_accel_no_motion_int)
    i.set_accel_orientation_int              0x000047e4   Section        0  bmi160.o(i.set_accel_orientation_int)
    set_accel_orientation_int                0x000047e5   Thumb Code   192  bmi160.o(i.set_accel_orientation_int)
    i.set_accel_sig_motion_int               0x000048a4   Section        0  bmi160.o(i.set_accel_sig_motion_int)
    set_accel_sig_motion_int                 0x000048a5   Thumb Code   198  bmi160.o(i.set_accel_sig_motion_int)
    i.set_accel_step_detect_int              0x0000496a   Section        0  bmi160.o(i.set_accel_step_detect_int)
    set_accel_step_detect_int                0x0000496b   Thumb Code   120  bmi160.o(i.set_accel_step_detect_int)
    i.set_accel_tap_int                      0x000049e4   Section        0  bmi160.o(i.set_accel_tap_int)
    set_accel_tap_int                        0x000049e5   Thumb Code   216  bmi160.o(i.set_accel_tap_int)
    i.set_fifo_full_int                      0x00004abc   Section        0  bmi160.o(i.set_fifo_full_int)
    set_fifo_full_int                        0x00004abd   Thumb Code   140  bmi160.o(i.set_fifo_full_int)
    i.set_fifo_watermark_int                 0x00004b48   Section        0  bmi160.o(i.set_fifo_watermark_int)
    set_fifo_watermark_int                   0x00004b49   Thumb Code   148  bmi160.o(i.set_fifo_watermark_int)
    i.set_intr_pin_config                    0x00004bdc   Section        0  bmi160.o(i.set_intr_pin_config)
    set_intr_pin_config                      0x00004bdd   Thumb Code    28  bmi160.o(i.set_intr_pin_config)
    i.spi_config                             0x00004bf8   Section        0  main.o(i.spi_config)
    i.spi_event_handler                      0x00004c34   Section        0  main.o(i.spi_event_handler)
    i.spim_xfer                              0x00004c40   Section        0  nrf_drv_spi.o(i.spim_xfer)
    spim_xfer                                0x00004c41   Thumb Code   178  nrf_drv_spi.o(i.spim_xfer)
    i.swi_channel_number                     0x00004cf4   Section        0  nrf_drv_swi.o(i.swi_channel_number)
    i.terminal_size_get                      0x00004d08   Section        0  nrf_cli.o(i.terminal_size_get)
    terminal_size_get                        0x00004d09   Thumb Code    96  nrf_cli.o(i.terminal_size_get)
    i.timer_list_handler                     0x00004d68   Section        0  app_timer.o(i.timer_list_handler)
    timer_list_handler                       0x00004d69   Thumb Code   122  app_timer.o(i.timer_list_handler)
    i.timer_list_insert                      0x00004de8   Section        0  app_timer.o(i.timer_list_insert)
    timer_list_insert                        0x00004de9   Thumb Code    56  app_timer.o(i.timer_list_insert)
    i.timer_list_remove                      0x00004e24   Section        0  app_timer.o(i.timer_list_remove)
    timer_list_remove                        0x00004e25   Thumb Code    88  app_timer.o(i.timer_list_remove)
    i.timer_timeouts_check                   0x00004e84   Section        0  app_timer.o(i.timer_timeouts_check)
    timer_timeouts_check                     0x00004e85   Thumb Code   106  app_timer.o(i.timer_timeouts_check)
    i.tx_byte                                0x00004ef8   Section        0  nrf_drv_uart.o(i.tx_byte)
    tx_byte                                  0x00004ef9   Thumb Code    32  nrf_drv_uart.o(i.tx_byte)
    i.tx_done_event                          0x00004f18   Section        0  nrf_drv_uart.o(i.tx_done_event)
    tx_done_event                            0x00004f19   Thumb Code    28  nrf_drv_uart.o(i.tx_done_event)
    i.uart_irq_handler                       0x00004f34   Section        0  nrf_drv_uart.o(i.uart_irq_handler)
    uart_irq_handler                         0x00004f35   Thumb Code   286  nrf_drv_uart.o(i.uart_irq_handler)
    i.uarte_irq_handler                      0x00005052   Section        0  nrf_drv_uart.o(i.uarte_irq_handler)
    uarte_irq_handler                        0x00005053   Thumb Code   240  nrf_drv_uart.o(i.uarte_irq_handler)
    i.unpack_gyro_data                       0x00005142   Section        0  bmi160.o(i.unpack_gyro_data)
    unpack_gyro_data                         0x00005143   Thumb Code    66  bmi160.o(i.unpack_gyro_data)
    i.unpack_gyro_frame                      0x00005184   Section        0  bmi160.o(i.unpack_gyro_frame)
    unpack_gyro_frame                        0x00005185   Thumb Code   250  bmi160.o(i.unpack_gyro_frame)
    i.unpack_sensortime_frame                0x0000527e   Section        0  bmi160.o(i.unpack_sensortime_frame)
    unpack_sensortime_frame                  0x0000527f   Thumb Code    42  bmi160.o(i.unpack_sensortime_frame)
    i.unpack_skipped_frame                   0x000052a8   Section        0  bmi160.o(i.unpack_skipped_frame)
    unpack_skipped_frame                     0x000052a9   Thumb Code    28  bmi160.o(i.unpack_skipped_frame)
    i.unsigned_print                         0x000052c4   Section        0  nrf_fprintf_format.o(i.unsigned_print)
    unsigned_print                           0x000052c5   Thumb Code   176  nrf_fprintf_format.o(i.unsigned_print)
    i.vt100_bgcolor_set                      0x00005378   Section        0  nrf_cli.o(i.vt100_bgcolor_set)
    vt100_bgcolor_set                        0x00005379   Thumb Code    48  nrf_cli.o(i.vt100_bgcolor_set)
    i.vt100_color_set                        0x000053b4   Section        0  nrf_cli.o(i.vt100_color_set)
    vt100_color_set                          0x000053b5   Thumb Code    64  nrf_cli.o(i.vt100_color_set)
    .constdata                               0x00005404   Section      260  main.o(.constdata)
    spi                                      0x00005408   Data           8  main.o(.constdata)
    .constdata                               0x00005508   Section        4  nrf_drv_gpiote.o(.constdata)
    .constdata                               0x0000550c   Section       24  nrf_drv_rng.o(.constdata)
    m_default_config                         0x0000550c   Data           2  nrf_drv_rng.o(.constdata)
    m_rand_pool                              0x00005510   Data          20  nrf_drv_rng.o(.constdata)
    .constdata                               0x00005524   Section       12  nrf_drv_spi.o(.constdata)
    m_irq_handlers                           0x00005524   Data          12  nrf_drv_spi.o(.constdata)
    .constdata                               0x00005530   Section        6  nrf_drv_swi.o(.constdata)
    egu_ch_count                             0x00005530   Data           6  nrf_drv_swi.o(.constdata)
    .constdata                               0x00005536   Section      127  nrf_cli.o(.constdata)
    cmd                                      0x00005536   Data           3  nrf_cli.o(.constdata)
    cmd                                      0x00005539   Data           3  nrf_cli.o(.constdata)
    cmd                                      0x0000553c   Data           3  nrf_cli.o(.constdata)
    opt_sep                                  0x0000553f   Data           3  nrf_cli.o(.constdata)
    cmd                                      0x00005542   Data           4  nrf_cli.o(.constdata)
    cmd                                      0x00005546   Data           4  nrf_cli.o(.constdata)
    cmd_bspace                               0x0000554a   Data           4  nrf_cli.o(.constdata)
    cmd                                      0x0000554e   Data           4  nrf_cli.o(.constdata)
    cmd_sep                                  0x00005552   Data           4  nrf_cli.o(.constdata)
    cmd                                      0x00005556   Data           4  nrf_cli.o(.constdata)
    cmd_get_terminal_size                    0x0000555a   Data           5  nrf_cli.o(.constdata)
    cmd                                      0x0000555f   Data           5  nrf_cli.o(.constdata)
    cmd                                      0x00005564   Data           6  nrf_cli.o(.constdata)
    m_nrf_cli_bad_param_count                0x0000556a   Data          23  nrf_cli.o(.constdata)
    m_nrf_cli_uknown_parameter               0x00005581   Data          21  nrf_cli.o(.constdata)
    m_nrf_cli_command_not_found              0x00005596   Data          20  nrf_cli.o(.constdata)
    help                                     0x000055aa   Data          11  nrf_cli.o(.constdata)
    .constdata                               0x000055b8   Section        8  nrf_cli.o(.constdata)
    m_sub_colors                             0x000055b8   Data           8  nrf_cli.o(.constdata)
    .constdata                               0x000055c0   Section       48  nrf_cli.o(.constdata)
    m_sub_colors_raw                         0x000055c0   Data          48  nrf_cli.o(.constdata)
    .constdata                               0x000055f0   Section       16  nrf_cli.o(.constdata)
    .constdata                               0x00005600   Section       16  nrf_cli.o(.constdata)
    .constdata                               0x00005610   Section       16  nrf_cli.o(.constdata)
    .constdata                               0x00005620   Section        8  nrf_cli.o(.constdata)
    m_sub_resize                             0x00005620   Data           8  nrf_cli.o(.constdata)
    .constdata                               0x00005628   Section       32  nrf_cli.o(.constdata)
    m_sub_resize_raw                         0x00005628   Data          32  nrf_cli.o(.constdata)
    .constdata                               0x00005648   Section       16  nrf_cli.o(.constdata)
    .constdata                               0x00005658   Section       16  nrf_fprintf_format.o(.constdata)
    _aV2C                                    0x00005658   Data          16  nrf_fprintf_format.o(.constdata)
    .constdata                               0x00005668   Section      129  ctype_o.o(.constdata)
    .constdata                               0x000056ec   Section        4  ctype_o.o(.constdata)
    table                                    0x000056ec   Data           4  ctype_o.o(.constdata)
    .conststring                             0x000056f0   Section       55  nrf_cli.o(.conststring)
    .conststring                             0x00005728   Section       31  nrf_cli.o(.conststring)
    .conststring                             0x00005748   Section       22  nrf_cli.o(.conststring)
    .conststring                             0x00005760   Section       28  nrf_cli.o(.conststring)
    .conststring                             0x0000577c   Section       80  nrf_cli.o(.conststring)
    .conststring                             0x000057cc   Section      163  nrf_cli.o(.conststring)
    cli_command                              0x00005890   Section       32  nrf_cli.o(cli_command)
    __tagsym$$used                           0x00005890   Number         0  nrf_cli.o(cli_command)
    __tagsym$$used                           0x00005898   Number         0  nrf_cli.o(cli_command)
    __tagsym$$used                           0x000058a0   Number         0  nrf_cli.o(cli_command)
    __tagsym$$used                           0x000058a8   Number         0  nrf_cli.o(cli_command)
    .data                                    0x20000000   Section        2  main.o(.data)
    spi_xfer_done                            0x20000000   Data           1  main.o(.data)
    block_cnt                                0x20000001   Data           1  main.o(.data)
    .data                                    0x20000004   Section       32  nrf_drv_common.o(.data)
    m_serial_box_0                           0x20000004   Data           8  nrf_drv_common.o(.data)
    m_serial_box_1                           0x2000000c   Data           8  nrf_drv_common.o(.data)
    m_serial_box_2                           0x20000014   Data           8  nrf_drv_common.o(.data)
    m_comp_lpcomp                            0x2000001c   Data           8  nrf_drv_common.o(.data)
    .data                                    0x20000024   Section       12  nrf_drv_power.o(.data)
    m_initialized                            0x20000024   Data           1  nrf_drv_power.o(.data)
    m_pofwarn_handler                        0x20000028   Data           4  nrf_drv_power.o(.data)
    m_sleepevt_handler                       0x2000002c   Data           4  nrf_drv_power.o(.data)
    .data                                    0x20000030   Section        8  nrf_drv_qdec.o(.data)
    m_state                                  0x20000030   Data           1  nrf_drv_qdec.o(.data)
    m_qdec_event_handler                     0x20000034   Data           4  nrf_drv_qdec.o(.data)
    .data                                    0x20000038   Section       16  nrf_drv_rtc.o(.data)
    m_cb                                     0x20000038   Data           6  nrf_drv_rtc.o(.data)
    m_handlers                               0x20000040   Data           8  nrf_drv_rtc.o(.data)
    .data                                    0x20000048   Section       12  nrf_drv_wdt.o(.data)
    m_state                                  0x20000048   Data           1  nrf_drv_wdt.o(.data)
    m_wdt_event_handler                      0x2000004c   Data           4  nrf_drv_wdt.o(.data)
    m_alloc_index                            0x20000050   Data           4  nrf_drv_wdt.o(.data)
    .data                                    0x20000054   Section       20  app_timer.o(.data)
    m_ticks_elapsed_q_read_ind               0x20000054   Data           1  app_timer.o(.data)
    m_ticks_elapsed_q_write_ind              0x20000055   Data           1  app_timer.o(.data)
    m_rtc1_running                           0x20000056   Data           1  app_timer.o(.data)
    m_rtc1_reset                             0x20000057   Data           1  app_timer.o(.data)
    mp_timer_id_head                         0x20000058   Data           4  app_timer.o(.data)
    m_ticks_latest                           0x2000005c   Data           4  app_timer.o(.data)
    m_ticks_elapsed                          0x20000060   Data           8  app_timer.o(.data)
    .data                                    0x20000068   Section        4  app_util_platform.o(.data)
    m_in_critical_region                     0x20000068   Data           4  app_util_platform.o(.data)
    .data                                    0x2000006c   Section        4  system_nrf52.o(.data)
    __tagsym$$used                           0x2000006c   Number         0  system_nrf52.o(.data)
    .data                                    0x20000070   Section        4  mvars.o(.data)
    .data                                    0x20000074   Section        4  mvars.o(.data)
    cli_sorted_cmd_ptrs                      0x20000078   Section       16  nrf_cli.o(cli_sorted_cmd_ptrs)
    __tagsym$$used                           0x20000078   Number         0  nrf_cli.o(cli_sorted_cmd_ptrs)
    __tagsym$$used                           0x2000007c   Number         0  nrf_cli.o(cli_sorted_cmd_ptrs)
    __tagsym$$used                           0x20000080   Number         0  nrf_cli.o(cli_sorted_cmd_ptrs)
    __tagsym$$used                           0x20000084   Number         0  nrf_cli.o(cli_sorted_cmd_ptrs)
    .bss                                     0x20000088   Section     5952  main.o(.bss)
    firStateF32                              0x20000088   Data         340  main.o(.bss)
    SPI_RX_Buffer                            0x20000210   Data         200  main.o(.bss)
    gyro_x_in_buf                            0x200002d8   Data         800  main.o(.bss)
    gyro_y_in_buf                            0x200005f8   Data         800  main.o(.bss)
    gyro_z_in_buf                            0x20000918   Data         800  main.o(.bss)
    .bss                                     0x200017c8   Section       20  nrf_drv_clock.o(.bss)
    m_clock_cb                               0x200017c8   Data          20  nrf_drv_clock.o(.bss)
    .bss                                     0x200017dc   Section       96  nrf_drv_gpiote.o(.bss)
    m_cb                                     0x200017dc   Data          96  nrf_drv_gpiote.o(.bss)
    .bss                                     0x2000183c   Section       16  nrf_drv_i2s.o(.bss)
    m_cb                                     0x2000183c   Data          16  nrf_drv_i2s.o(.bss)
    .bss                                     0x2000184c   Section       24  nrf_drv_pdm.o(.bss)
    m_cb                                     0x2000184c   Data          24  nrf_drv_pdm.o(.bss)
    .bss                                     0x20001864   Section       24  nrf_drv_pwm.o(.bss)
    m_cb                                     0x20001864   Data          24  nrf_drv_pwm.o(.bss)
    .bss                                     0x2000187c   Section       33  nrf_drv_rng.o(.bss)
    m_rand_pool_nrf_queue_buffer             0x2000187c   Data          33  nrf_drv_rng.o(.bss)
    .bss                                     0x200018a0   Section       12  nrf_drv_rng.o(.bss)
    m_rand_pool_nrf_queue_cb                 0x200018a0   Data          12  nrf_drv_rng.o(.bss)
    .bss                                     0x200018ac   Section       48  nrf_drv_saadc.o(.bss)
    m_cb                                     0x200018ac   Data          48  nrf_drv_saadc.o(.bss)
    .bss                                     0x200018dc   Section      108  nrf_drv_spi.o(.bss)
    m_cb                                     0x200018dc   Data         108  nrf_drv_spi.o(.bss)
    .bss                                     0x20001948   Section       20  nrf_drv_swi.o(.bss)
    m_swi_handlers                           0x20001948   Data          20  nrf_drv_swi.o(.bss)
    .bss                                     0x2000195c   Section       60  nrf_drv_timer.o(.bss)
    m_cb                                     0x2000195c   Data          60  nrf_drv_timer.o(.bss)
    .bss                                     0x20001998   Section       32  nrf_drv_uart.o(.bss)
    m_cb                                     0x20001998   Data          32  nrf_drv_uart.o(.bss)
    .bss                                     0x200019b8   Section      268  app_timer.o(.bss)
    m_op_queue                               0x200019b8   Data         268  app_timer.o(.bss)
    HEAP                                     0x20001ac8   Section     8192  arm_startup_nrf52.o(HEAP)
    STACK                                    0x20003ac8   Section     8192  arm_startup_nrf52.o(STACK)

    Global Symbols

    Symbol Name                              Value     Ov Type        Size  Object(Section)

    BuildAttributes$$THM_ISAv4$E$P$D$K$B$S$7EM$VFPi3$EXTD16$VFPS$VFMA$PE$A:L22UL41UL21$X:L11$S22US41US21$IEEE1$IW$USESV6$~STKCKD$USESV7$~SHL$OTIME$ROPI$IEEEX$EBA8$MICROLIB$REQ8$PRES8$EABIv2 0x00000000   Number         0  anon$$obj.o ABSOLUTE
    __ARM_use_no_argv                        0x00000000   Number         0  main.o ABSOLUTE
    __Vectors                                0x00000000   Data           4  arm_startup_nrf52.o(RESET)
    __cpp_initialize__aeabi_                  - Undefined Weak Reference
    __cxa_finalize                            - Undefined Weak Reference
    __decompress                              - Undefined Weak Reference
    _clock_init                               - Undefined Weak Reference
    _microlib_exit                            - Undefined Weak Reference
    pwr_mgmt_data0$$Base                      - Undefined Reference
    pwr_mgmt_data0$$Limit                     - Undefined Reference
    pwr_mgmt_data1$$Base                      - Undefined Reference
    pwr_mgmt_data1$$Limit                     - Undefined Reference
    pwr_mgmt_data2$$Base                      - Undefined Reference
    pwr_mgmt_data2$$Limit                     - Undefined Reference
    __Vectors_End                            0x00000200   Data           0  arm_startup_nrf52.o(RESET)
    __Vectors_Size                           0x00000200   Number         0  arm_startup_nrf52.o ABSOLUTE
    __main                                   0x00000201   Thumb Code     0  entry.o(.ARM.Collect$$$$00000000)
    _main_stk                                0x00000201   Thumb Code     0  entry2.o(.ARM.Collect$$$$00000001)
    _main_scatterload                        0x00000205   Thumb Code     0  entry5.o(.ARM.Collect$$$$00000004)
    __main_after_scatterload                 0x00000209   Thumb Code     0  entry5.o(.ARM.Collect$$$$00000004)
    _main_clock                              0x00000209   Thumb Code     0  entry7b.o(.ARM.Collect$$$$00000008)
    _main_cpp_init                           0x00000209   Thumb Code     0  entry8b.o(.ARM.Collect$$$$0000000A)
    _main_init                               0x00000209   Thumb Code     0  entry9a.o(.ARM.Collect$$$$0000000B)
    __rt_final_cpp                           0x00000211   Thumb Code     0  entry10a.o(.ARM.Collect$$$$0000000D)
    __rt_final_exit                          0x00000211   Thumb Code     0  entry11a.o(.ARM.Collect$$$$0000000F)
    HardFault_Handler                        0x00000215   Thumb Code    40  hardfault_handler_keil.o(.emb_text)
    Reset_Handler                            0x00000249   Thumb Code     8  arm_startup_nrf52.o(.text)
    NMI_Handler                              0x00000251   Thumb Code     2  arm_startup_nrf52.o(.text)
    MemoryManagement_Handler                 0x00000255   Thumb Code     2  arm_startup_nrf52.o(.text)
    BusFault_Handler                         0x00000257   Thumb Code     2  arm_startup_nrf52.o(.text)
    UsageFault_Handler                       0x00000259   Thumb Code     2  arm_startup_nrf52.o(.text)
    SVC_Handler                              0x0000025b   Thumb Code     2  arm_startup_nrf52.o(.text)
    DebugMon_Handler                         0x0000025d   Thumb Code     2  arm_startup_nrf52.o(.text)
    PendSV_Handler                           0x0000025f   Thumb Code     2  arm_startup_nrf52.o(.text)
    SysTick_Handler                          0x00000261   Thumb Code     2  arm_startup_nrf52.o(.text)
    CCM_AAR_IRQHandler                       0x00000263   Thumb Code     0  arm_startup_nrf52.o(.text)
    ECB_IRQHandler                           0x00000263   Thumb Code     0  arm_startup_nrf52.o(.text)
    FPU_IRQHandler                           0x00000263   Thumb Code     0  arm_startup_nrf52.o(.text)
    MWU_IRQHandler                           0x00000263   Thumb Code     0  arm_startup_nrf52.o(.text)
    NFCT_IRQHandler                          0x00000263   Thumb Code     0  arm_startup_nrf52.o(.text)
    RADIO_IRQHandler                         0x00000263   Thumb Code     0  arm_startup_nrf52.o(.text)
    TEMP_IRQHandler                          0x00000263   Thumb Code     0  arm_startup_nrf52.o(.text)
    arm_fir_f32                              0x0000026d   Thumb Code  1330  arm_fir_f32.o(.text)
    arm_fir_init_f32                         0x0000079f   Thumb Code    28  arm_fir_init_f32.o(.text)
    __rt_ctype_table                         0x000007bd   Thumb Code     4  ctype_o.o(.text)
    ___aeabi_memcpy8$move                    0x000007c5   Thumb Code     0  memmovea.o(.text)
    __aeabi_memcpy                           0x000007c5   Thumb Code    64  memmovea.o(.text)
    __aeabi_memcpy4                          0x000007c5   Thumb Code     0  memmovea.o(.text)
    __aeabi_memmove                          0x000007c5   Thumb Code     0  memmovea.o(.text)
    __aeabi_memmove4                         0x000007c5   Thumb Code     0  memmovea.o(.text)
    __aeabi_memmove8                         0x000007c5   Thumb Code     0  memmovea.o(.text)
    __aeabi_memset                           0x00000805   Thumb Code    14  memseta.o(.text)
    __aeabi_memset4                          0x00000805   Thumb Code     0  memseta.o(.text)
    __aeabi_memset8                          0x00000805   Thumb Code     0  memseta.o(.text)
    __aeabi_memclr                           0x00000813   Thumb Code     4  memseta.o(.text)
    __aeabi_memclr4                          0x00000813   Thumb Code     0  memseta.o(.text)
    __aeabi_memclr8                          0x00000813   Thumb Code     0  memseta.o(.text)
    _memset$wrapper                          0x00000817   Thumb Code    18  memseta.o(.text)
    strlen                                   0x00000829   Thumb Code    14  strlen.o(.text)
    strcmp                                   0x00000837   Thumb Code    28  strcmp.o(.text)
    __scatterload                            0x00000855   Thumb Code    28  init.o(.text)
    __scatterload_rt2                        0x00000855   Thumb Code     0  init.o(.text)
    COMP_LPCOMP_IRQHandler                   0x00000879   Thumb Code     6  nrf_drv_common.o(i.COMP_LPCOMP_IRQHandler)
    GPIOTE_IRQHandler                        0x00000885   Thumb Code   362  nrf_drv_gpiote.o(i.GPIOTE_IRQHandler)
    HardFault_c_handler                      0x000009f9   Thumb Code     4  hardfault_implementation.o(i.HardFault_c_handler)
    HardFault_process                        0x000009fd   Thumb Code    26  hardfault_implementation.o(i.HardFault_process)
    I2S_IRQHandler                           0x00000a21   Thumb Code   206  nrf_drv_i2s.o(i.I2S_IRQHandler)
    PDM_IRQHandler                           0x00000b3d   Thumb Code   222  nrf_drv_pdm.o(i.PDM_IRQHandler)
    POWER_CLOCK_IRQHandler                   0x00000c25   Thumb Code    14  nrf_drv_common.o(i.POWER_CLOCK_IRQHandler)
    PWM0_IRQHandler                          0x00000c35   Thumb Code     8  nrf_drv_pwm.o(i.PWM0_IRQHandler)
    PWM1_IRQHandler                          0x00000c45   Thumb Code     8  nrf_drv_pwm.o(i.PWM1_IRQHandler)
    PWM2_IRQHandler                          0x00000c55   Thumb Code     8  nrf_drv_pwm.o(i.PWM2_IRQHandler)
    QDEC_IRQHandler                          0x00000c65   Thumb Code   172  nrf_drv_qdec.o(i.QDEC_IRQHandler)
    RNG_IRQHandler                           0x00000d21   Thumb Code    62  nrf_drv_rng.o(i.RNG_IRQHandler)
    RTC0_IRQHandler                          0x00000d71   Thumb Code    10  nrf_drv_rtc.o(i.RTC0_IRQHandler)
    RTC1_IRQHandler                          0x00000d81   Thumb Code    32  app_timer.o(i.RTC1_IRQHandler)
    RTC2_IRQHandler                          0x00000da5   Thumb Code    10  nrf_drv_rtc.o(i.RTC2_IRQHandler)
    SAADC_IRQHandler                         0x00000db5   Thumb Code   320  nrf_drv_saadc.o(i.SAADC_IRQHandler)
    SPIM0_SPIS0_TWIM0_TWIS0_SPI0_TWI0_IRQHandler 0x00000efd   Thumb Code     6  nrf_drv_common.o(i.SPIM0_SPIS0_TWIM0_TWIS0_SPI0_TWI0_IRQHandler)
    SPIM1_SPIS1_TWIM1_TWIS1_SPI1_TWI1_IRQHandler 0x00000f09   Thumb Code     6  nrf_drv_common.o(i.SPIM1_SPIS1_TWIM1_TWIS1_SPI1_TWI1_IRQHandler)
    SPIM2_SPIS2_SPI2_IRQHandler              0x00000f15   Thumb Code     6  nrf_drv_common.o(i.SPIM2_SPIS2_SPI2_IRQHandler)
    SWI0_EGU0_IRQHandler                     0x00000f21   Thumb Code     4  app_timer.o(i.SWI0_EGU0_IRQHandler)
    SWI1_EGU1_IRQHandler                     0x00000f25   Thumb Code     8  nrf_drv_swi.o(i.SWI1_EGU1_IRQHandler)
    SWI2_EGU2_IRQHandler                     0x00000f2d   Thumb Code     8  nrf_drv_swi.o(i.SWI2_EGU2_IRQHandler)
    SWI3_EGU3_IRQHandler                     0x00000f35   Thumb Code     8  nrf_drv_swi.o(i.SWI3_EGU3_IRQHandler)
    SWI4_EGU4_IRQHandler                     0x00000f3d   Thumb Code     8  nrf_drv_swi.o(i.SWI4_EGU4_IRQHandler)
    SWI5_EGU5_IRQHandler                     0x00000f45   Thumb Code     8  nrf_drv_swi.o(i.SWI5_EGU5_IRQHandler)
    SystemInit                               0x00000f4d   Thumb Code   700  system_nrf52.o(i.SystemInit)
    TIMER0_IRQHandler                        0x00001249   Thumb Code    10  nrf_drv_timer.o(i.TIMER0_IRQHandler)
    TIMER1_IRQHandler                        0x0000125d   Thumb Code    10  nrf_drv_timer.o(i.TIMER1_IRQHandler)
    TIMER2_IRQHandler                        0x00001271   Thumb Code    10  nrf_drv_timer.o(i.TIMER2_IRQHandler)
    TIMER3_IRQHandler                        0x00001285   Thumb Code    10  nrf_drv_timer.o(i.TIMER3_IRQHandler)
    TIMER4_IRQHandler                        0x00001299   Thumb Code    10  nrf_drv_timer.o(i.TIMER4_IRQHandler)
    UARTE0_UART0_IRQHandler                  0x000012ad   Thumb Code    20  nrf_drv_uart.o(i.UARTE0_UART0_IRQHandler)
    WDT_IRQHandler                           0x000012c9   Thumb Code    38  nrf_drv_wdt.o(i.WDT_IRQHandler)
    __scatterload_copy                       0x000012fd   Thumb Code    14  handlers.o(i.__scatterload_copy)
    __scatterload_null                       0x0000130b   Thumb Code     2  handlers.o(i.__scatterload_null)
    __scatterload_zeroinit                   0x0000130d   Thumb Code    14  handlers.o(i.__scatterload_zeroinit)
    app_util_critical_region_enter           0x00001345   Thumb Code     4  app_util_platform.o(i.app_util_critical_region_enter)
    app_util_critical_region_exit            0x00001349   Thumb Code     4  app_util_platform.o(i.app_util_critical_region_exit)
    app_util_disable_irq                     0x0000134d   Thumb Code    12  app_util_platform.o(i.app_util_disable_irq)
    app_util_enable_irq                      0x0000135d   Thumb Code    14  app_util_platform.o(i.app_util_enable_irq)
    bmi160_extract_gyro                      0x00001371   Thumb Code   126  bmi160.o(i.bmi160_extract_gyro)
    bmi160_get_fifo_data                     0x000013ef   Thumb Code   134  bmi160.o(i.bmi160_get_fifo_data)
    bmi160_get_regs                          0x00001475   Thumb Code    58  bmi160.o(i.bmi160_get_regs)
    bmi160_init                              0x000014af   Thumb Code   116  bmi160.o(i.bmi160_init)
    bmi160_set_fifo_config                   0x00001523   Thumb Code   128  bmi160.o(i.bmi160_set_fifo_config)
    bmi160_set_fifo_wm                       0x000015a3   Thumb Code    28  bmi160.o(i.bmi160_set_fifo_wm)
    bmi160_set_int_config                    0x000015bf   Thumb Code   186  bmi160.o(i.bmi160_set_int_config)
    bmi160_set_power_mode                    0x00001679   Thumb Code   174  bmi160.o(i.bmi160_set_power_mode)
    bmi160_set_regs                          0x00001727   Thumb Code   126  bmi160.o(i.bmi160_set_regs)
    bmi160_set_sens_conf                     0x000017a5   Thumb Code   230  bmi160.o(i.bmi160_set_sens_conf)
    bmi160_soft_reset                        0x0000188b   Thumb Code    72  bmi160.o(i.bmi160_soft_reset)
    bmi160_spi_bus_read                      0x000018d5   Thumb Code    74  main.o(i.bmi160_spi_bus_read)
    bmi160_spi_bus_write                     0x0000192d   Thumb Code    92  main.o(i.bmi160_spi_bus_write)
    button_handler                           0x000019af   Thumb Code     4  main.o(i.button_handler)
    compute_fir                              0x00001e69   Thumb Code   120  main.o(i.compute_fir)
    config_gpio                              0x00001fbd   Thumb Code    48  main.o(i.config_gpio)
    dsp_config                               0x000025ed   Thumb Code    22  main.o(i.dsp_config)
    free                                     0x00002879   Thumb Code    76  malloc.o(i.free)
    get_bmi160_fifo_data                     0x000028f1   Thumb Code   156  main.o(i.get_bmi160_fifo_data)
    main                                     0x00002cd9   Thumb Code    20  main.o(i.main)
    malloc                                   0x00002ced   Thumb Code    92  malloc.o(i.malloc)
    nrf_cli_fprintf                          0x00003281   Thumb Code    80  nrf_cli.o(i.nrf_cli_fprintf)
    nrf_cli_help_print                       0x000032d1   Thumb Code   562  nrf_cli.o(i.nrf_cli_help_print)
    nrf_drv_clock_onIRQ                      0x00003731   Thumb Code    84  nrf_drv_clock.o(i.nrf_drv_clock_onIRQ)
    nrf_drv_common_irq_enable                0x00003789   Thumb Code    56  nrf_drv_common.o(i.nrf_drv_common_irq_enable)
    nrf_drv_common_per_res_acquire           0x000037c1   Thumb Code    52  nrf_drv_common.o(i.nrf_drv_common_per_res_acquire)
    nrf_drv_gpiote_in_event_enable           0x00003805   Thumb Code   156  nrf_drv_gpiote.o(i.nrf_drv_gpiote_in_event_enable)
    nrf_drv_gpiote_in_init                   0x000038a9   Thumb Code   172  nrf_drv_gpiote.o(i.nrf_drv_gpiote_in_init)
    nrf_drv_gpiote_init                      0x00003961   Thumb Code    84  nrf_drv_gpiote.o(i.nrf_drv_gpiote_init)
    nrf_drv_gpiote_is_init                   0x000039bd   Thumb Code    14  nrf_drv_gpiote.o(i.nrf_drv_gpiote_is_init)
    nrf_drv_power_onIRQ                      0x000039e1   Thumb Code    78  nrf_drv_power.o(i.nrf_drv_power_onIRQ)
    nrf_drv_spi_init                         0x00003ae9   Thumb Code   310  nrf_drv_spi.o(i.nrf_drv_spi_init)
    nrf_drv_spi_transfer                     0x00003c29   Thumb Code    28  nrf_drv_spi.o(i.nrf_drv_spi_transfer)
    nrf_drv_spi_xfer                         0x00003c45   Thumb Code    90  nrf_drv_spi.o(i.nrf_drv_spi_xfer)
    nrf_fprintf                              0x00003d05   Thumb Code    26  nrf_fprintf.o(i.nrf_fprintf)
    nrf_fprintf_buffer_flush                 0x00003d1f   Thumb Code    24  nrf_fprintf.o(i.nrf_fprintf_buffer_flush)
    nrf_fprintf_fmt                          0x00003d37   Thumb Code   474  nrf_fprintf_format.o(i.nrf_fprintf_fmt)
    nrf_memobj_read                          0x00003fff   Thumb Code    12  nrf_memobj.o(i.nrf_memobj_read)
    nrf_queue_is_full                        0x0000405b   Thumb Code    30  nrf_queue.o(i.nrf_queue_is_full)
    nrf_queue_push                           0x00004087   Thumb Code   172  nrf_queue.o(i.nrf_queue_push)
    sensor_config                            0x00004305   Thumb Code   130  main.o(i.sensor_config)
    spi_config                               0x00004bf9   Thumb Code    52  main.o(i.spi_config)
    spi_event_handler                        0x00004c35   Thumb Code     8  main.o(i.spi_event_handler)
    swi_channel_number                       0x00004cf5   Thumb Code    14  nrf_drv_swi.o(i.swi_channel_number)
    B                                        0x00005410   Data         232  main.o(.constdata)
    nrf_cli_colors_raw                       0x000055f0   Data          16  nrf_cli.o(.constdata)
    nrf_cli_clear_raw                        0x00005600   Data          16  nrf_cli.o(.constdata)
    nrf_cli_history_raw                      0x00005610   Data          16  nrf_cli.o(.constdata)
    nrf_cli_resize_raw                       0x00005648   Data          16  nrf_cli.o(.constdata)
    __ctype_table                            0x00005668   Data         129  ctype_o.o(.constdata)
    Region$$Table$$Base                      0x00005870   Number         0  anon$$obj.o(Region$$Table)
    Region$$Table$$Limit                     0x00005890   Number         0  anon$$obj.o(Region$$Table)
    cli_command$$Base                        0x00005890   Number         0  nrf_cli.o(cli_command)
    nrf_cli_colors_const                     0x00005890   Data           8  nrf_cli.o(cli_command)
    nrf_cli_clear_const                      0x00005898   Data           8  nrf_cli.o(cli_command)
    nrf_cli_history_const                    0x000058a0   Data           8  nrf_cli.o(cli_command)
    nrf_cli_resize_const                     0x000058a8   Data           8  nrf_cli.o(cli_command)
    cli_command$$Limit                       0x000058b0   Number         0  nrf_cli.o(cli_command)
    SystemCoreClock                          0x2000006c   Data           4  system_nrf52.o(.data)
    __microlib_freelist                      0x20000070   Data           4  mvars.o(.data)
    __microlib_freelist_initialised          0x20000074   Data           4  mvars.o(.data)
    cli_sorted_cmd_ptrs$$Base                0x20000078   Number         0  nrf_cli.o(cli_sorted_cmd_ptrs)
    colors_str_ptr                           0x20000078   Data           4  nrf_cli.o(cli_sorted_cmd_ptrs)
    clear_str_ptr                            0x2000007c   Data           4  nrf_cli.o(cli_sorted_cmd_ptrs)
    history_str_ptr                          0x20000080   Data           4  nrf_cli.o(cli_sorted_cmd_ptrs)
    resize_str_ptr                           0x20000084   Data           4  nrf_cli.o(cli_sorted_cmd_ptrs)
    fir_lpf                                  0x200001dc   Data          12  main.o(.bss)
    sensor                                   0x200001e8   Data          40  main.o(.bss)
    gyro_x_out_buf                           0x20000c38   Data         800  main.o(.bss)
    gyro_y_out_buf                           0x20000f58   Data         800  main.o(.bss)
    gyro_z_out_buf                           0x20001278   Data         800  main.o(.bss)
    fifo_buff                                0x20001598   Data         200  main.o(.bss)
    fifo_frame                               0x20001660   Data          24  main.o(.bss)
    gyro_data                                0x20001678   Data         336  main.o(.bss)
    __heap_base                              0x20001ac8   Data           0  arm_startup_nrf52.o(HEAP)
    STACK$$Base                              0x20003ac8   Number         0  arm_startup_nrf52.o(STACK)
    __heap_limit                             0x20003ac8   Data           0  arm_startup_nrf52.o(HEAP)
    STACK$$Limit                             0x20005ac8   Number         0  arm_startup_nrf52.o(STACK)
    __initial_sp                             0x20005ac8   Data           0  arm_startup_nrf52.o(STACK)



==============================================================================

Memory Map of the image

  Image Entry point : 0x00000201

  Load Region LR_IROM1 (Base: 0x00000000, Size: 0x00005938, Max: 0x00080000, ABSOLUTE)

    Execution Region ER_IROM1 (Exec base: 0x00000000, Load base: 0x00000000, Size: 0x000058b0, Max: 0x00080000, ABSOLUTE)

    Exec Addr    Load Addr    Size         Type   Attr      Idx    E Section Name        Object

    0x00000000   0x00000000   0x00000200   Data   RO         6736    RESET               arm_startup_nrf52.o
    0x00000200   0x00000200   0x00000000   Code   RO         6853  * .ARM.Collect$$$$00000000  mc_w.l(entry.o)
    0x00000200   0x00000200   0x00000004   Code   RO         6942    .ARM.Collect$$$$00000001  mc_w.l(entry2.o)
    0x00000204   0x00000204   0x00000004   Code   RO         6945    .ARM.Collect$$$$00000004  mc_w.l(entry5.o)
    0x00000208   0x00000208   0x00000000   Code   RO         6947    .ARM.Collect$$$$00000008  mc_w.l(entry7b.o)
    0x00000208   0x00000208   0x00000000   Code   RO         6949    .ARM.Collect$$$$0000000A  mc_w.l(entry8b.o)
    0x00000208   0x00000208   0x00000008   Code   RO         6950    .ARM.Collect$$$$0000000B  mc_w.l(entry9a.o)
    0x00000210   0x00000210   0x00000000   Code   RO         6952    .ARM.Collect$$$$0000000D  mc_w.l(entry10a.o)
    0x00000210   0x00000210   0x00000000   Code   RO         6954    .ARM.Collect$$$$0000000F  mc_w.l(entry11a.o)
    0x00000210   0x00000210   0x00000004   Code   RO         6943    .ARM.Collect$$$$00002712  mc_w.l(entry2.o)
    0x00000214   0x00000214   0x00000034   Code   RO         4470    .emb_text           hardfault_handler_keil.o
    0x00000248   0x00000248   0x00000024   Code   RO         6737    .text               arm_startup_nrf52.o
    0x0000026c   0x0000026c   0x00000532   Code   RO         6780    .text               arm_cortexM4lf_math.lib(arm_fir_f32.o)
    0x0000079e   0x0000079e   0x0000001c   Code   RO         6832    .text               arm_cortexM4lf_math.lib(arm_fir_init_f32.o)
    0x000007ba   0x000007ba   0x00000002   PAD
    0x000007bc   0x000007bc   0x00000008   Code   RO         6858    .text               mc_w.l(ctype_o.o)
    0x000007c4   0x000007c4   0x00000040   Code   RO         6890    .text               mc_w.l(memmovea.o)
    0x00000804   0x00000804   0x00000024   Code   RO         6892    .text               mc_w.l(memseta.o)
    0x00000828   0x00000828   0x0000000e   Code   RO         6894    .text               mc_w.l(strlen.o)
    0x00000836   0x00000836   0x0000001c   Code   RO         6896    .text               mc_w.l(strcmp.o)
    0x00000852   0x00000852   0x00000002   PAD
    0x00000854   0x00000854   0x00000024   Code   RO         6965    .text               mc_w.l(init.o)
    0x00000878   0x00000878   0x0000000c   Code   RO          824    i.COMP_LPCOMP_IRQHandler  nrf_drv_common.o
    0x00000884   0x00000884   0x00000174   Code   RO         1035    i.GPIOTE_IRQHandler  nrf_drv_gpiote.o
    0x000009f8   0x000009f8   0x00000004   Code   RO         4492    i.HardFault_c_handler  hardfault_implementation.o
    0x000009fc   0x000009fc   0x00000024   Code   RO         4493    i.HardFault_process  hardfault_implementation.o
    0x00000a20   0x00000a20   0x000000d8   Code   RO         1282    i.I2S_IRQHandler    nrf_drv_i2s.o
    0x00000af8   0x00000af8   0x00000016   Code   RO         4042    i.NVIC_ClearPendingIRQ  app_timer.o
    0x00000b0e   0x00000b0e   0x00000016   Code   RO         4043    i.NVIC_EnableIRQ    app_timer.o
    0x00000b24   0x00000b24   0x00000016   Code   RO         4044    i.NVIC_SetPendingIRQ  app_timer.o
    0x00000b3a   0x00000b3a   0x00000002   PAD
    0x00000b3c   0x00000b3c   0x000000e8   Code   RO         1454    i.PDM_IRQHandler    nrf_drv_pdm.o
    0x00000c24   0x00000c24   0x0000000e   Code   RO          825    i.POWER_CLOCK_IRQHandler  nrf_drv_common.o
    0x00000c32   0x00000c32   0x00000002   PAD
    0x00000c34   0x00000c34   0x00000010   Code   RO         1775    i.PWM0_IRQHandler   nrf_drv_pwm.o
    0x00000c44   0x00000c44   0x00000010   Code   RO         1776    i.PWM1_IRQHandler   nrf_drv_pwm.o
    0x00000c54   0x00000c54   0x00000010   Code   RO         1777    i.PWM2_IRQHandler   nrf_drv_pwm.o
    0x00000c64   0x00000c64   0x000000bc   Code   RO         1900    i.QDEC_IRQHandler   nrf_drv_qdec.o
    0x00000d20   0x00000d20   0x00000050   Code   RO         1988    i.RNG_IRQHandler    nrf_drv_rng.o
    0x00000d70   0x00000d70   0x00000010   Code   RO         2072    i.RTC0_IRQHandler   nrf_drv_rtc.o
    0x00000d80   0x00000d80   0x00000024   Code   RO         4046    i.RTC1_IRQHandler   app_timer.o
    0x00000da4   0x00000da4   0x00000010   Code   RO         2073    i.RTC2_IRQHandler   nrf_drv_rtc.o
    0x00000db4   0x00000db4   0x00000148   Code   RO         2193    i.SAADC_IRQHandler  nrf_drv_saadc.o
    0x00000efc   0x00000efc   0x0000000c   Code   RO          826    i.SPIM0_SPIS0_TWIM0_TWIS0_SPI0_TWI0_IRQHandler  nrf_drv_common.o
    0x00000f08   0x00000f08   0x0000000c   Code   RO          827    i.SPIM1_SPIS1_TWIM1_TWIS1_SPI1_TWI1_IRQHandler  nrf_drv_common.o
    0x00000f14   0x00000f14   0x0000000c   Code   RO          828    i.SPIM2_SPIS2_SPI2_IRQHandler  nrf_drv_common.o
    0x00000f20   0x00000f20   0x00000004   Code   RO         4047    i.SWI0_EGU0_IRQHandler  app_timer.o
    0x00000f24   0x00000f24   0x00000008   Code   RO         2460    i.SWI1_EGU1_IRQHandler  nrf_drv_swi.o
    0x00000f2c   0x00000f2c   0x00000008   Code   RO         2461    i.SWI2_EGU2_IRQHandler  nrf_drv_swi.o
    0x00000f34   0x00000f34   0x00000008   Code   RO         2462    i.SWI3_EGU3_IRQHandler  nrf_drv_swi.o
    0x00000f3c   0x00000f3c   0x00000008   Code   RO         2463    i.SWI4_EGU4_IRQHandler  nrf_drv_swi.o
    0x00000f44   0x00000f44   0x00000008   Code   RO         2464    i.SWI5_EGU5_IRQHandler  nrf_drv_swi.o
    0x00000f4c   0x00000f4c   0x000002fc   Code   RO         6745    i.SystemInit        system_nrf52.o
    0x00001248   0x00001248   0x00000014   Code   RO         2582    i.TIMER0_IRQHandler  nrf_drv_timer.o
    0x0000125c   0x0000125c   0x00000014   Code   RO         2583    i.TIMER1_IRQHandler  nrf_drv_timer.o
    0x00001270   0x00001270   0x00000014   Code   RO         2584    i.TIMER2_IRQHandler  nrf_drv_timer.o
    0x00001284   0x00001284   0x00000014   Code   RO         2585    i.TIMER3_IRQHandler  nrf_drv_timer.o
    0x00001298   0x00001298   0x00000014   Code   RO         2586    i.TIMER4_IRQHandler  nrf_drv_timer.o
    0x000012ac   0x000012ac   0x0000001c   Code   RO         3106    i.UARTE0_UART0_IRQHandler  nrf_drv_uart.o
    0x000012c8   0x000012c8   0x00000034   Code   RO         3337    i.WDT_IRQHandler    nrf_drv_wdt.o
    0x000012fc   0x000012fc   0x0000000e   Code   RO         6969    i.__scatterload_copy  mc_w.l(handlers.o)
    0x0000130a   0x0000130a   0x00000002   Code   RO         6970    i.__scatterload_null  mc_w.l(handlers.o)
    0x0000130c   0x0000130c   0x0000000e   Code   RO         6971    i.__scatterload_zeroinit  mc_w.l(handlers.o)
    0x0000131a   0x0000131a   0x0000002a   Code   RO          829    i.acquire_shared_resource  nrf_drv_common.o
    0x00001344   0x00001344   0x00000004   Code   RO         4354    i.app_util_critical_region_enter  app_util_platform.o
    0x00001348   0x00001348   0x00000004   Code   RO         4355    i.app_util_critical_region_exit  app_util_platform.o
    0x0000134c   0x0000134c   0x00000010   Code   RO         4356    i.app_util_disable_irq  app_util_platform.o
    0x0000135c   0x0000135c   0x00000014   Code   RO         4357    i.app_util_enable_irq  app_util_platform.o
    0x00001370   0x00001370   0x0000007e   Code   RO         6322    i.bmi160_extract_gyro  bmi160.o
    0x000013ee   0x000013ee   0x00000086   Code   RO         6323    i.bmi160_get_fifo_data  bmi160.o
    0x00001474   0x00001474   0x0000003a   Code   RO         6325    i.bmi160_get_regs   bmi160.o
    0x000014ae   0x000014ae   0x00000074   Code   RO         6327    i.bmi160_init       bmi160.o
    0x00001522   0x00001522   0x00000080   Code   RO         6332    i.bmi160_set_fifo_config  bmi160.o
    0x000015a2   0x000015a2   0x0000001c   Code   RO         6335    i.bmi160_set_fifo_wm  bmi160.o
    0x000015be   0x000015be   0x000000ba   Code   RO         6336    i.bmi160_set_int_config  bmi160.o
    0x00001678   0x00001678   0x000000ae   Code   RO         6338    i.bmi160_set_power_mode  bmi160.o
    0x00001726   0x00001726   0x0000007e   Code   RO         6339    i.bmi160_set_regs   bmi160.o
    0x000017a4   0x000017a4   0x000000e6   Code   RO         6340    i.bmi160_set_sens_conf  bmi160.o
    0x0000188a   0x0000188a   0x00000048   Code   RO         6342    i.bmi160_soft_reset  bmi160.o
    0x000018d2   0x000018d2   0x00000002   PAD
    0x000018d4   0x000018d4   0x00000058   Code   RO          215    i.bmi160_spi_bus_read  main.o
    0x0000192c   0x0000192c   0x00000064   Code   RO          216    i.bmi160_spi_bus_write  main.o
    0x00001990   0x00001990   0x0000001e   Code   RO         5799    i.buffer_add        nrf_fprintf_format.o
    0x000019ae   0x000019ae   0x00000004   Code   RO          217    i.button_handler    main.o
    0x000019b2   0x000019b2   0x00000002   PAD
    0x000019b4   0x000019b4   0x0000001c   Code   RO         1036    i.channel_free      nrf_drv_gpiote.o
    0x000019d0   0x000019d0   0x00000048   Code   RO         1037    i.channel_port_alloc  nrf_drv_gpiote.o
    0x00001a18   0x00001a18   0x00000010   Code   RO         1038    i.channel_port_get  nrf_drv_gpiote.o
    0x00001a28   0x00001a28   0x00000140   Code   RO         5113    i.char_insert       nrf_cli.o
    0x00001b68   0x00001b68   0x0000006c   Code   RO         6345    i.check_accel_config  bmi160.o
    0x00001bd4   0x00001bd4   0x00000022   Code   RO         6346    i.check_frame_validity  bmi160.o
    0x00001bf6   0x00001bf6   0x0000006e   Code   RO         6347    i.check_gyro_config  bmi160.o
    0x00001c64   0x00001c64   0x00000014   Code   RO         5114    i.cli_clear_eos     nrf_cli.o
    0x00001c78   0x00001c78   0x00000014   Code   RO         5115    i.cli_cursor_restore  nrf_cli.o
    0x00001c8c   0x00001c8c   0x00000014   Code   RO         5116    i.cli_cursor_save   nrf_cli.o
    0x00001ca0   0x00001ca0   0x0000000e   Code   RO         5117    i.cli_read          nrf_cli.o
    0x00001cae   0x00001cae   0x0000000a   Code   RO         5121    i.cli_strlen        nrf_cli.o
    0x00001cb8   0x00001cb8   0x00000052   Code   RO         5124    i.cli_write         nrf_cli.o
    0x00001d0a   0x00001d0a   0x00000002   PAD
    0x00001d0c   0x00001d0c   0x00000028   Code   RO          674    i.clock_clk_started_notify  nrf_drv_clock.o
    0x00001d34   0x00001d34   0x00000088   Code   RO         5125    i.cmd_get           nrf_cli.o
    0x00001dbc   0x00001dbc   0x000000ac   Code   RO         4057    i.compare_reg_update  app_timer.o
    0x00001e68   0x00001e68   0x0000008c   Code   RO          218    i.compute_fir       main.o
    0x00001ef4   0x00001ef4   0x000000c8   Code   RO         6348    i.config_any_motion_int_settg  bmi160.o
    0x00001fbc   0x00001fbc   0x00000038   Code   RO          219    i.config_gpio       main.o
    0x00001ff4   0x00001ff4   0x0000006a   Code   RO         6349    i.config_int_latch  bmi160.o
    0x0000205e   0x0000205e   0x00000002   PAD
    0x00002060   0x00002060   0x0000009c   Code   RO         6350    i.config_int_out_ctrl  bmi160.o
    0x000020fc   0x000020fc   0x00000080   Code   RO         6351    i.config_no_motion_dur_thr  bmi160.o
    0x0000217c   0x0000217c   0x000000ac   Code   RO         6352    i.config_no_motion_int_settg  bmi160.o
    0x00002228   0x00002228   0x0000007c   Code   RO         6353    i.config_orient_int_settg  bmi160.o
    0x000022a4   0x000022a4   0x00000074   Code   RO         6354    i.config_sig_dur_threshold  bmi160.o
    0x00002318   0x00002318   0x0000009a   Code   RO         6355    i.config_step_detect  bmi160.o
    0x000023b2   0x000023b2   0x00000076   Code   RO         6356    i.config_tap_param  bmi160.o
    0x00002428   0x00002428   0x00000018   Code   RO         5128    i.cursor_down_move  nrf_cli.o
    0x00002440   0x00002440   0x00000026   Code   RO         5131    i.cursor_in_empty_line  nrf_cli.o
    0x00002466   0x00002466   0x00000002   PAD
    0x00002468   0x00002468   0x00000018   Code   RO         5132    i.cursor_left_move  nrf_cli.o
    0x00002480   0x00002480   0x00000014   Code   RO         5133    i.cursor_next_line_move  nrf_cli.o
    0x00002494   0x00002494   0x00000128   Code   RO         5134    i.cursor_position_get  nrf_cli.o
    0x000025bc   0x000025bc   0x00000018   Code   RO         5136    i.cursor_right_move  nrf_cli.o
    0x000025d4   0x000025d4   0x00000018   Code   RO         5137    i.cursor_up_move    nrf_cli.o
    0x000025ec   0x000025ec   0x00000020   Code   RO          220    i.dsp_config        main.o
    0x0000260c   0x0000260c   0x00000040   Code   RO         4058    i.elapsed_ticks_acquire  app_timer.o
    0x0000264c   0x0000264c   0x00000076   Code   RO         6357    i.enable_accel_any_motion_int  bmi160.o
    0x000026c2   0x000026c2   0x000000c2   Code   RO         6360    i.extract_gyro_header_mode  bmi160.o
    0x00002784   0x00002784   0x000000f2   Code   RO         5138    i.format_offset_string_print  nrf_cli.o
    0x00002876   0x00002876   0x00000002   PAD
    0x00002878   0x00002878   0x00000050   Code   RO         6908    i.free              mc_w.l(malloc.o)
    0x000028c8   0x000028c8   0x00000026   Code   RO         5139    i.full_line_cmd     nrf_cli.o
    0x000028ee   0x000028ee   0x00000002   PAD
    0x000028f0   0x000028f0   0x000000a8   Code   RO          221    i.get_bmi160_fifo_data  main.o
    0x00002998   0x00002998   0x00000054   Code   RO         6366    i.get_gyro_len_to_parse  bmi160.o
    0x000029ec   0x000029ec   0x000000a6   Code   RO         5800    i.int_print         nrf_fprintf_format.o
    0x00002a92   0x00002a92   0x0000009c   Code   RO         1779    i.irq_handler       nrf_drv_pwm.o
    0x00002b2e   0x00002b2e   0x00000042   Code   RO         2587    i.irq_handler       nrf_drv_timer.o
    0x00002b70   0x00002b70   0x00000010   Code   RO         2334    i.irq_handler_for_instance_0  nrf_drv_spi.o
    0x00002b80   0x00002b80   0x00000010   Code   RO         2335    i.irq_handler_for_instance_1  nrf_drv_spi.o
    0x00002b90   0x00002b90   0x00000010   Code   RO         2336    i.irq_handler_for_instance_2  nrf_drv_spi.o
    0x00002ba0   0x00002ba0   0x00000040   Code   RO         2337    i.irq_handler_spim  nrf_drv_spi.o
    0x00002be0   0x00002be0   0x000000f8   Code   RO         4059    i.list_insertions_handler  app_timer.o
    0x00002cd8   0x00002cd8   0x00000014   Code   RO          222    i.main              main.o
    0x00002cec   0x00002cec   0x0000006c   Code   RO         6909    i.malloc            mc_w.l(malloc.o)
    0x00002d58   0x00002d58   0x0000005a   Code   RO         6367    i.map_int_pin_to_low_step_detect  bmi160.o
    0x00002db2   0x00002db2   0x0000005a   Code   RO         6368    i.map_int_pin_to_sig_any_motion  bmi160.o
    0x00002e0c   0x00002e0c   0x00000074   Code   RO         6369    i.map_int_pin_to_tap  bmi160.o
    0x00002e80   0x00002e80   0x00000076   Code   RO         5840    i.memobj_op         nrf_memobj.o
    0x00002ef6   0x00002ef6   0x00000014   Code   RO         6370    i.move_next_frame   bmi160.o
    0x00002f0a   0x00002f0a   0x00000050   Code   RO         5145    i.multiline_console_data_check  nrf_cli.o
    0x00002f5a   0x00002f5a   0x00000010   Code   RO         1039    i.nrf_bitmask_bit_is_set  nrf_drv_gpiote.o
    0x00002f6a   0x00002f6a   0x00000002   PAD
    0x00002f6c   0x00002f6c   0x00000040   Code   RO         5146    i.nrf_cli_cmd_clear  nrf_cli.o
    0x00002fac   0x00002fac   0x00000068   Code   RO         5147    i.nrf_cli_cmd_colors  nrf_cli.o
    0x00003014   0x00003014   0x00000050   Code   RO         5148    i.nrf_cli_cmd_colors_off  nrf_cli.o
    0x00003064   0x00003064   0x00000050   Code   RO         5149    i.nrf_cli_cmd_colors_on  nrf_cli.o
    0x000030b4   0x000030b4   0x0000009c   Code   RO         5150    i.nrf_cli_cmd_history  nrf_cli.o
    0x00003150   0x00003150   0x000000d4   Code   RO         5151    i.nrf_cli_cmd_resize  nrf_cli.o
    0x00003224   0x00003224   0x0000005c   Code   RO         5152    i.nrf_cli_cmd_resize_default  nrf_cli.o
    0x00003280   0x00003280   0x00000050   Code   RO         5153    i.nrf_cli_fprintf   nrf_cli.o
    0x000032d0   0x000032d0   0x00000288   Code   RO         5154    i.nrf_cli_help_print  nrf_cli.o
    0x00003558   0x00003558   0x0000000c   Code   RO         5155    i.nrf_cli_help_requested  nrf_cli.o
    0x00003564   0x00003564   0x0000000e   Code   RO          678    i.nrf_clock_event_check  nrf_drv_clock.o
    0x00003572   0x00003572   0x00000010   Code   RO          679    i.nrf_clock_event_clear  nrf_drv_clock.o
    0x00003582   0x00003582   0x0000000a   Code   RO          223    i.nrf_delay_ms      main.o
    0x0000358c   0x0000358c   0x0000008c   Code   RO          224    i.nrf_delay_us      main.o
    0x00003618   0x00003618   0x0000008c   Code   RO         4060    i.nrf_delay_us      app_timer.o
    0x000036a4   0x000036a4   0x0000008c   Code   RO         5164    i.nrf_delay_us      nrf_cli.o
    0x00003730   0x00003730   0x00000058   Code   RO          692    i.nrf_drv_clock_onIRQ  nrf_drv_clock.o
    0x00003788   0x00003788   0x00000038   Code   RO          832    i.nrf_drv_common_irq_enable  nrf_drv_common.o
    0x000037c0   0x000037c0   0x00000044   Code   RO          833    i.nrf_drv_common_per_res_acquire  nrf_drv_common.o
    0x00003804   0x00003804   0x000000a4   Code   RO         1044    i.nrf_drv_gpiote_in_event_enable  nrf_drv_gpiote.o
    0x000038a8   0x000038a8   0x000000b8   Code   RO         1045    i.nrf_drv_gpiote_in_init  nrf_drv_gpiote.o
    0x00003960   0x00003960   0x0000005c   Code   RO         1048    i.nrf_drv_gpiote_init  nrf_drv_gpiote.o
    0x000039bc   0x000039bc   0x00000014   Code   RO         1049    i.nrf_drv_gpiote_is_init  nrf_drv_gpiote.o
    0x000039d0   0x000039d0   0x00000010   Code   RO         2338    i.nrf_drv_is_in_RAM  nrf_drv_spi.o
    0x000039e0   0x000039e0   0x00000054   Code   RO         1547    i.nrf_drv_power_onIRQ  nrf_drv_power.o
    0x00003a34   0x00003a34   0x00000014   Code   RO         1994    i.nrf_drv_rng_stop  nrf_drv_rng.o
    0x00003a48   0x00003a48   0x000000a0   Code   RO         2079    i.nrf_drv_rtc_int_handler  nrf_drv_rtc.o
    0x00003ae8   0x00003ae8   0x00000140   Code   RO         2341    i.nrf_drv_spi_init  nrf_drv_spi.o
    0x00003c28   0x00003c28   0x0000001c   Code   RO         2343    i.nrf_drv_spi_transfer  nrf_drv_spi.o
    0x00003c44   0x00003c44   0x00000060   Code   RO         2345    i.nrf_drv_spi_xfer  nrf_drv_spi.o
    0x00003ca4   0x00003ca4   0x00000060   Code   RO         2470    i.nrf_drv_swi_process  nrf_drv_swi.o
    0x00003d04   0x00003d04   0x0000001a   Code   RO         5769    i.nrf_fprintf       nrf_fprintf.o
    0x00003d1e   0x00003d1e   0x00000018   Code   RO         5770    i.nrf_fprintf_buffer_flush  nrf_fprintf.o
    0x00003d36   0x00003d36   0x000001da   Code   RO         5801    i.nrf_fprintf_fmt   nrf_fprintf_format.o
    0x00003f10   0x00003f10   0x00000024   Code   RO         1063    i.nrf_gpio_cfg      nrf_drv_gpiote.o
    0x00003f34   0x00003f34   0x00000024   Code   RO         2346    i.nrf_gpio_cfg      nrf_drv_spi.o
    0x00003f58   0x00003f58   0x00000014   Code   RO         2347    i.nrf_gpio_cfg_output  nrf_drv_spi.o
    0x00003f6c   0x00003f6c   0x00000022   Code   RO         1065    i.nrf_gpio_cfg_sense_set  nrf_drv_gpiote.o
    0x00003f8e   0x00003f8e   0x0000000e   Code   RO         2348    i.nrf_gpio_pin_set  nrf_drv_spi.o
    0x00003f9c   0x00003f9c   0x00000028   Code   RO         1066    i.nrf_gpio_ports_read  nrf_drv_gpiote.o
    0x00003fc4   0x00003fc4   0x00000014   Code   RO         1067    i.nrf_gpiote_event_clear  nrf_drv_gpiote.o
    0x00003fd8   0x00003fd8   0x00000010   Code   RO         1068    i.nrf_gpiote_event_is_set  nrf_drv_gpiote.o
    0x00003fe8   0x00003fe8   0x0000000a   Code   RO         1292    i.nrf_i2s_event_check  nrf_drv_i2s.o
    0x00003ff2   0x00003ff2   0x0000000c   Code   RO         1293    i.nrf_i2s_event_clear  nrf_drv_i2s.o
    0x00003ffe   0x00003ffe   0x0000000c   Code   RO         5846    i.nrf_memobj_read   nrf_memobj.o
    0x0000400a   0x0000400a   0x00000002   PAD
    0x0000400c   0x0000400c   0x00000010   Code   RO         1461    i.nrf_pdm_event_check  nrf_drv_pdm.o
    0x0000401c   0x0000401c   0x00000014   Code   RO         1462    i.nrf_pdm_event_clear  nrf_drv_pdm.o
    0x00004030   0x00004030   0x00000014   Code   RO         1553    i.nrf_power_event_get_and_clear  nrf_drv_power.o
    0x00004044   0x00004044   0x0000000a   Code   RO         1786    i.nrf_pwm_event_check  nrf_drv_pwm.o
    0x0000404e   0x0000404e   0x0000000c   Code   RO         1787    i.nrf_pwm_event_clear  nrf_drv_pwm.o
    0x0000405a   0x0000405a   0x0000001e   Code   RO         6002    i.nrf_queue_is_full  nrf_queue.o
    0x00004078   0x00004078   0x0000000e   Code   RO         6004    i.nrf_queue_next_idx  nrf_queue.o
    0x00004086   0x00004086   0x000000ac   Code   RO         6006    i.nrf_queue_push    nrf_queue.o
    0x00004132   0x00004132   0x0000000c   Code   RO         2086    i.nrf_rtc_event_clear  nrf_drv_rtc.o
    0x0000413e   0x0000413e   0x00000002   PAD
    0x00004140   0x00004140   0x00000010   Code   RO         2206    i.nrf_saadc_buffer_init  nrf_drv_saadc.o
    0x00004150   0x00004150   0x00000010   Code   RO         2208    i.nrf_saadc_event_check  nrf_drv_saadc.o
    0x00004160   0x00004160   0x00000014   Code   RO         2209    i.nrf_saadc_event_clear  nrf_drv_saadc.o
    0x00004174   0x00004174   0x0000000a   Code   RO         2349    i.nrf_spim_event_check  nrf_drv_spi.o
    0x0000417e   0x0000417e   0x0000000a   Code   RO         3129    i.nrf_uart_event_check  nrf_drv_uart.o
    0x00004188   0x00004188   0x0000000c   Code   RO         3130    i.nrf_uart_event_clear  nrf_drv_uart.o
    0x00004194   0x00004194   0x0000000c   Code   RO         3131    i.nrf_uart_int_enable_check  nrf_drv_uart.o
    0x000041a0   0x000041a0   0x0000000a   Code   RO         3132    i.nrf_uarte_event_check  nrf_drv_uart.o
    0x000041aa   0x000041aa   0x0000000c   Code   RO         3133    i.nrf_uarte_event_clear  nrf_drv_uart.o
    0x000041b6   0x000041b6   0x00000018   Code   RO         6371    i.null_ptr_check    bmi160.o
    0x000041ce   0x000041ce   0x00000002   PAD
    0x000041d0   0x000041d0   0x00000018   Code   RO         1069    i.pin_in_use_by_port  nrf_drv_gpiote.o
    0x000041e8   0x000041e8   0x00000018   Code   RO         1070    i.pin_in_use_by_te  nrf_drv_gpiote.o
    0x00004200   0x00004200   0x00000064   Code   RO         6373    i.process_under_sampling  bmi160.o
    0x00004264   0x00004264   0x00000018   Code   RO         6012    i.queue_utilization_get  nrf_queue.o
    0x0000427c   0x0000427c   0x0000003c   Code   RO         4061    i.rtc1_stop         app_timer.o
    0x000042b8   0x000042b8   0x00000032   Code   RO         3135    i.rx_byte           nrf_drv_uart.o
    0x000042ea   0x000042ea   0x00000018   Code   RO         3136    i.rx_done_event     nrf_drv_uart.o
    0x00004302   0x00004302   0x00000002   PAD
    0x00004304   0x00004304   0x00000098   Code   RO          225    i.sensor_config     main.o
    0x0000439c   0x0000439c   0x00000104   Code   RO         6374    i.set_accel_flat_detect_int  bmi160.o
    0x000044a0   0x000044a0   0x00000090   Code   RO         6375    i.set_accel_gyro_data_ready_int  bmi160.o
    0x00004530   0x00004530   0x00000140   Code   RO         6376    i.set_accel_high_g_int  bmi160.o
    0x00004670   0x00004670   0x000000f6   Code   RO         6377    i.set_accel_low_g_int  bmi160.o
    0x00004766   0x00004766   0x0000007e   Code   RO         6378    i.set_accel_no_motion_int  bmi160.o
    0x000047e4   0x000047e4   0x000000c0   Code   RO         6379    i.set_accel_orientation_int  bmi160.o
    0x000048a4   0x000048a4   0x000000c6   Code   RO         6380    i.set_accel_sig_motion_int  bmi160.o
    0x0000496a   0x0000496a   0x00000078   Code   RO         6381    i.set_accel_step_detect_int  bmi160.o
    0x000049e2   0x000049e2   0x00000002   PAD
    0x000049e4   0x000049e4   0x000000d8   Code   RO         6382    i.set_accel_tap_int  bmi160.o
    0x00004abc   0x00004abc   0x0000008c   Code   RO         6383    i.set_fifo_full_int  bmi160.o
    0x00004b48   0x00004b48   0x00000094   Code   RO         6384    i.set_fifo_watermark_int  bmi160.o
    0x00004bdc   0x00004bdc   0x0000001c   Code   RO         6385    i.set_intr_pin_config  bmi160.o
    0x00004bf8   0x00004bf8   0x0000003c   Code   RO          226    i.spi_config        main.o
    0x00004c34   0x00004c34   0x0000000c   Code   RO          227    i.spi_event_handler  main.o
    0x00004c40   0x00004c40   0x000000b2   Code   RO         2350    i.spim_xfer         nrf_drv_spi.o
    0x00004cf2   0x00004cf2   0x00000002   PAD
    0x00004cf4   0x00004cf4   0x00000014   Code   RO         2474    i.swi_channel_number  nrf_drv_swi.o
    0x00004d08   0x00004d08   0x00000060   Code   RO         5167    i.terminal_size_get  nrf_cli.o
    0x00004d68   0x00004d68   0x00000080   Code   RO         4062    i.timer_list_handler  app_timer.o
    0x00004de8   0x00004de8   0x0000003c   Code   RO         4063    i.timer_list_insert  app_timer.o
    0x00004e24   0x00004e24   0x00000060   Code   RO         4064    i.timer_list_remove  app_timer.o
    0x00004e84   0x00004e84   0x00000074   Code   RO         4066    i.timer_timeouts_check  app_timer.o
    0x00004ef8   0x00004ef8   0x00000020   Code   RO         3138    i.tx_byte           nrf_drv_uart.o
    0x00004f18   0x00004f18   0x0000001c   Code   RO         3139    i.tx_done_event     nrf_drv_uart.o
    0x00004f34   0x00004f34   0x0000011e   Code   RO         3140    i.uart_irq_handler  nrf_drv_uart.o
    0x00005052   0x00005052   0x000000f0   Code   RO         3141    i.uarte_irq_handler  nrf_drv_uart.o
    0x00005142   0x00005142   0x00000042   Code   RO         6389    i.unpack_gyro_data  bmi160.o
    0x00005184   0x00005184   0x000000fa   Code   RO         6390    i.unpack_gyro_frame  bmi160.o
    0x0000527e   0x0000527e   0x0000002a   Code   RO         6391    i.unpack_sensortime_frame  bmi160.o
    0x000052a8   0x000052a8   0x0000001c   Code   RO         6392    i.unpack_skipped_frame  bmi160.o
    0x000052c4   0x000052c4   0x000000b4   Code   RO         5802    i.unsigned_print    nrf_fprintf_format.o
    0x00005378   0x00005378   0x0000003c   Code   RO         5168    i.vt100_bgcolor_set  nrf_cli.o
    0x000053b4   0x000053b4   0x00000050   Code   RO         5169    i.vt100_color_set   nrf_cli.o
    0x00005404   0x00005404   0x00000104   Data   RO          230    .constdata          main.o
    0x00005508   0x00005508   0x00000004   Data   RO         1072    .constdata          nrf_drv_gpiote.o
    0x0000550c   0x0000550c   0x00000018   Data   RO         1998    .constdata          nrf_drv_rng.o
    0x00005524   0x00005524   0x0000000c   Data   RO         2352    .constdata          nrf_drv_spi.o
    0x00005530   0x00005530   0x00000006   Data   RO         2476    .constdata          nrf_drv_swi.o
    0x00005536   0x00005536   0x0000007f   Data   RO         5170    .constdata          nrf_cli.o
    0x000055b5   0x000055b5   0x00000003   PAD
    0x000055b8   0x000055b8   0x00000008   Data   RO         5171    .constdata          nrf_cli.o
    0x000055c0   0x000055c0   0x00000030   Data   RO         5172    .constdata          nrf_cli.o
    0x000055f0   0x000055f0   0x00000010   Data   RO         5173    .constdata          nrf_cli.o
    0x00005600   0x00005600   0x00000010   Data   RO         5174    .constdata          nrf_cli.o
    0x00005610   0x00005610   0x00000010   Data   RO         5175    .constdata          nrf_cli.o
    0x00005620   0x00005620   0x00000008   Data   RO         5176    .constdata          nrf_cli.o
    0x00005628   0x00005628   0x00000020   Data   RO         5177    .constdata          nrf_cli.o
    0x00005648   0x00005648   0x00000010   Data   RO         5178    .constdata          nrf_cli.o
    0x00005658   0x00005658   0x00000010   Data   RO         5803    .constdata          nrf_fprintf_format.o
    0x00005668   0x00005668   0x00000081   Data   RO         6859    .constdata          mc_w.l(ctype_o.o)
    0x000056e9   0x000056e9   0x00000003   PAD
    0x000056ec   0x000056ec   0x00000004   Data   RO         6860    .constdata          mc_w.l(ctype_o.o)
    0x000056f0   0x000056f0   0x00000037   Data   RO         5179    .conststring        nrf_cli.o
    0x00005727   0x00005727   0x00000001   PAD
    0x00005728   0x00005728   0x0000001f   Data   RO         5180    .conststring        nrf_cli.o
    0x00005747   0x00005747   0x00000001   PAD
    0x00005748   0x00005748   0x00000016   Data   RO         5181    .conststring        nrf_cli.o
    0x0000575e   0x0000575e   0x00000002   PAD
    0x00005760   0x00005760   0x0000001c   Data   RO         5182    .conststring        nrf_cli.o
    0x0000577c   0x0000577c   0x00000050   Data   RO         5183    .conststring        nrf_cli.o
    0x000057cc   0x000057cc   0x000000a3   Data   RO         5184    .conststring        nrf_cli.o
    0x0000586f   0x0000586f   0x00000001   PAD
    0x00005870   0x00005870   0x00000020   Data   RO         6967    Region$$Table       anon$$obj.o
    0x00005890   0x00005890   0x00000020   Data   RO         5187    cli_command         nrf_cli.o


    Execution Region RW_IRAM1 (Exec base: 0x20000000, Load base: 0x000058b0, Size: 0x00005ac8, Max: 0x00010000, ABSOLUTE)

    Exec Addr    Load Addr    Size         Type   Attr      Idx    E Section Name        Object

    0x20000000   0x000058b0   0x00000002   Data   RW          232    .data               main.o
    0x20000002   0x000058b2   0x00000002   PAD
    0x20000004   0x000058b4   0x00000020   Data   RW          838    .data               nrf_drv_common.o
    0x20000024   0x000058d4   0x0000000c   Data   RW         1555    .data               nrf_drv_power.o
    0x20000030   0x000058e0   0x00000008   Data   RW         1911    .data               nrf_drv_qdec.o
    0x20000038   0x000058e8   0x00000010   Data   RW         2090    .data               nrf_drv_rtc.o
    0x20000048   0x000058f8   0x0000000c   Data   RW         3346    .data               nrf_drv_wdt.o
    0x20000054   0x00005904   0x00000014   Data   RW         4069    .data               app_timer.o
    0x20000068   0x00005918   0x00000004   Data   RW         4360    .data               app_util_platform.o
    0x2000006c   0x0000591c   0x00000004   Data   RW         6746    .data               system_nrf52.o
    0x20000070   0x00005920   0x00000004   Data   RW         6960    .data               mc_w.l(mvars.o)
    0x20000074   0x00005924   0x00000004   Data   RW         6961    .data               mc_w.l(mvars.o)
    0x20000078   0x00005928   0x00000010   Data   RW         5188    cli_sorted_cmd_ptrs  nrf_cli.o
    0x20000088        -       0x00001740   Zero   RW          228    .bss                main.o
    0x200017c8        -       0x00000014   Zero   RW          694    .bss                nrf_drv_clock.o
    0x200017dc        -       0x00000060   Zero   RW         1071    .bss                nrf_drv_gpiote.o
    0x2000183c        -       0x00000010   Zero   RW         1294    .bss                nrf_drv_i2s.o
    0x2000184c        -       0x00000018   Zero   RW         1463    .bss                nrf_drv_pdm.o
    0x20001864        -       0x00000018   Zero   RW         1790    .bss                nrf_drv_pwm.o
    0x2000187c        -       0x00000021   Zero   RW         1996    .bss                nrf_drv_rng.o
    0x2000189d   0x00005938   0x00000003   PAD
    0x200018a0        -       0x0000000c   Zero   RW         1997    .bss                nrf_drv_rng.o
    0x200018ac        -       0x00000030   Zero   RW         2211    .bss                nrf_drv_saadc.o
    0x200018dc        -       0x0000006c   Zero   RW         2351    .bss                nrf_drv_spi.o
    0x20001948        -       0x00000014   Zero   RW         2475    .bss                nrf_drv_swi.o
    0x2000195c        -       0x0000003c   Zero   RW         2601    .bss                nrf_drv_timer.o
    0x20001998        -       0x00000020   Zero   RW         3142    .bss                nrf_drv_uart.o
    0x200019b8        -       0x0000010c   Zero   RW         4068    .bss                app_timer.o
    0x20001ac4   0x00005938   0x00000004   PAD
    0x20001ac8        -       0x00002000   Zero   RW         6735    HEAP                arm_startup_nrf52.o
    0x20003ac8        -       0x00002000   Zero   RW         6734    STACK               arm_startup_nrf52.o


==============================================================================

Image component sizes


      Code (inc. data)   RO Data    RW Data    ZI Data      Debug   Object Name

         0          0          0          0          0      32387   app_error_weak.o
      1190         80          0         20        268      41108   app_timer.o
        44         10          0          4          0       3196   app_util_platform.o
        36          8        512          0      16384        904   arm_startup_nrf52.o
      6264         14          0          0          0      58360   bmi160.o
         0          0          0          0          0       1420   bsp.o
        52         14          0          0          0        596   hardfault_handler_keil.o
        40         10          0          0          0       2786   hardfault_implementation.o
       982        114        260          2       5952      67755   main.o
      3336        414        698         16          0      42247   nrf_cli.o
       158         10          0          0         20       8254   nrf_drv_clock.o
       228         40          0         32          0      35750   nrf_drv_common.o
      1158         84          4          0         96      28813   nrf_drv_gpiote.o
       238         10          0          0         16       8896   nrf_drv_i2s.o
       268         18          0          0         24       7509   nrf_drv_pdm.o
       104          6          0         12          0      10199   nrf_drv_power.o
       226         24          0          0         24      13690   nrf_drv_pwm.o
       188         16          0          8          0       7897   nrf_drv_qdec.o
       100         24         24          0         45      11324   nrf_drv_rng.o
       204         18          0         16          0       9128   nrf_drv_rtc.o
       380         22          0          0         48      12791   nrf_drv_saadc.o
       830         38         12          0        108      20981   nrf_drv_spi.o
         0          0          0          0          0      37488   nrf_drv_spis.o
       156         16          6          0         20      11100   nrf_drv_swi.o
       166         50          0          0         60      13142   nrf_drv_timer.o
       744          8          0          0         32      23896   nrf_drv_uart.o
        52         14          0         12          0       5273   nrf_drv_wdt.o
        50          0          0          0          0       1905   nrf_fprintf.o
       850          4         16          0          0       5358   nrf_fprintf_format.o
       130          0          0          0          0       5050   nrf_memobj.o
       240          0          0          0          0       4182   nrf_queue.o
       764         64          0          4          0       2883   system_nrf52.o

    ----------------------------------------------------------------------
     19210       1130       1572        128      23104     536268   Object Totals
         0          0         32          0          0          0   (incl. Generated)
        32          0          8          2          7          0   (incl. Padding)

    ----------------------------------------------------------------------

      Code (inc. data)   RO Data    RW Data    ZI Data      Debug   Library Member Name

      1330          6          0          0          0      19914   arm_fir_f32.o
        28          0          0          0          0       1031   arm_fir_init_f32.o
         8          4        133          0          0         68   ctype_o.o
         0          0          0          0          0          0   entry.o
         0          0          0          0          0          0   entry10a.o
         0          0          0          0          0          0   entry11a.o
         8          4          0          0          0          0   entry2.o
         4          0          0          0          0          0   entry5.o
         0          0          0          0          0          0   entry7b.o
         0          0          0          0          0          0   entry8b.o
         8          4          0          0          0          0   entry9a.o
        30          0          0          0          0          0   handlers.o
        36          8          0          0          0         68   init.o
       188         20          0          0          0        160   malloc.o
        64          0          0          0          0         76   memmovea.o
        36          0          0          0          0        108   memseta.o
         0          0          0          8          0          0   mvars.o
        28          0          0          0          0         76   strcmp.o
        14          0          0          0          0         68   strlen.o

    ----------------------------------------------------------------------
      1786         46        136          8          0      21569   Library Totals
         4          0          3          0          0          0   (incl. Padding)

    ----------------------------------------------------------------------

      Code (inc. data)   RO Data    RW Data    ZI Data      Debug   Library Name

      1358          6          0          0          0      20945   arm_cortexM4lf_math.lib
       424         40        133          8          0        624   mc_w.l

    ----------------------------------------------------------------------
      1786         46        136          8          0      21569   Library Totals

    ----------------------------------------------------------------------

==============================================================================


      Code (inc. data)   RO Data    RW Data    ZI Data      Debug   

     20996       1176       1708        136      23104     536333   Grand Totals
     20996       1176       1708        136      23104     536333   ELF Image Totals
     20996       1176       1708        136          0          0   ROM Totals

==============================================================================

    Total RO  Size (Code + RO Data)                22704 (  22.17kB)
    Total RW  Size (RW Data + ZI Data)             23240 (  22.70kB)
    Total ROM Size (Code + RO Data + RW Data)      22840 (  22.30kB)

==============================================================================

