Component: ARM Compiler 5.06 update 5 (build 528) Tool: armlink [4d35e2]

==============================================================================

Section Cross References

    main.o(i.assert_nrf_callback) refers to app_error.o(i.app_error_handler) for app_error_handler
    main.o(i.ble_evt_handler) refers to bsp.o(i.bsp_indication_set) for bsp_indication_set
    main.o(i.ble_evt_handler) refers to app_error.o(i.app_error_handler_bare) for app_error_handler_bare
    main.o(i.ble_evt_handler) refers to memcpya.o(.text) for __aeabi_memcpy
    main.o(i.ble_evt_handler) refers to main.o(.data) for .data
    main.o(i.bmi160_spi_bus_read) refers to nrf_drv_spi.o(i.nrf_drv_spi_transfer) for nrf_drv_spi_transfer
    main.o(i.bmi160_spi_bus_read) refers to main.o(.data) for .data
    main.o(i.bmi160_spi_bus_read) refers to main.o(.bss) for .bss
    main.o(i.bmi160_spi_bus_read) refers to main.o(.constdata) for .constdata
    main.o(i.bmi160_spi_bus_write) refers to malloc.o(i.malloc) for malloc
    main.o(i.bmi160_spi_bus_write) refers to nrf_drv_spi.o(i.nrf_drv_spi_transfer) for nrf_drv_spi_transfer
    main.o(i.bmi160_spi_bus_write) refers to malloc.o(i.free) for free
    main.o(i.bmi160_spi_bus_write) refers to main.o(.data) for .data
    main.o(i.bmi160_spi_bus_write) refers to main.o(.constdata) for .constdata
    main.o(i.bsp_event_handler) refers to main.o(i.sleep_mode_enter) for sleep_mode_enter
    main.o(i.bsp_event_handler) refers to app_error.o(i.app_error_handler_bare) for app_error_handler_bare
    main.o(i.bsp_event_handler) refers to ble_advertising.o(i.ble_advertising_restart_without_whitelist) for ble_advertising_restart_without_whitelist
    main.o(i.bsp_event_handler) refers to main.o(.data) for .data
    main.o(i.bsp_event_handler) refers to main.o(.bss) for .bss
    main.o(i.button_handler) refers to main.o(i.get_bmi160_fifo_data) for get_bmi160_fifo_data
    main.o(i.compute_fir) refers to arm_fir_f32.o(.text) for arm_fir_f32
    main.o(i.compute_fir) refers to f2d.o(.text) for __aeabi_f2d
    main.o(i.compute_fir) refers to sqrt_full.o(i.__hardfp_sqrt) for __hardfp_sqrt
    main.o(i.compute_fir) refers to d2f.o(.text) for __aeabi_d2f
    main.o(i.compute_fir) refers to dadd.o(.text) for __aeabi_dadd
    main.o(i.compute_fir) refers to ddiv.o(.text) for __aeabi_ddiv
    main.o(i.compute_fir) refers to main.o(.bss) for .bss
    main.o(i.compute_fir) refers to main.o(.data) for .data
    main.o(i.config_gpio) refers to nrf_drv_gpiote.o(i.nrf_drv_gpiote_is_init) for nrf_drv_gpiote_is_init
    main.o(i.config_gpio) refers to nrf_drv_gpiote.o(i.nrf_drv_gpiote_init) for nrf_drv_gpiote_init
    main.o(i.config_gpio) refers to nrf_drv_gpiote.o(i.nrf_drv_gpiote_in_init) for nrf_drv_gpiote_in_init
    main.o(i.config_gpio) refers to nrf_drv_gpiote.o(i.nrf_drv_gpiote_in_event_enable) for nrf_drv_gpiote_in_event_enable
    main.o(i.config_gpio) refers to main.o(.constdata) for .constdata
    main.o(i.config_gpio) refers to main.o(i.button_handler) for button_handler
    main.o(i.conn_params_error_handler) refers to app_error.o(i.app_error_handler_bare) for app_error_handler_bare
    main.o(i.dsp_config) refers to arm_fir_init_f32.o(.text) for arm_fir_init_f32
    main.o(i.dsp_config) refers to main.o(.bss) for .bss
    main.o(i.dsp_config) refers to main.o(.constdata) for .constdata
    main.o(i.gatt_evt_handler) refers to main.o(.data) for .data
    main.o(i.gatt_init) refers to nrf_ble_gatt.o(i.nrf_ble_gatt_init) for nrf_ble_gatt_init
    main.o(i.gatt_init) refers to app_error.o(i.app_error_handler_bare) for app_error_handler_bare
    main.o(i.gatt_init) refers to nrf_ble_gatt.o(i.nrf_ble_gatt_att_mtu_periph_set) for nrf_ble_gatt_att_mtu_periph_set
    main.o(i.gatt_init) refers to main.o(i.gatt_evt_handler) for gatt_evt_handler
    main.o(i.gatt_init) refers to main.o(.bss) for .bss
    main.o(i.get_bmi160_fifo_data) refers to bmi160.o(i.bmi160_get_fifo_data) for bmi160_get_fifo_data
    main.o(i.get_bmi160_fifo_data) refers to bmi160.o(i.bmi160_extract_gyro) for bmi160_extract_gyro
    main.o(i.get_bmi160_fifo_data) refers to main.o(i.compute_fir) for compute_fir
    main.o(i.get_bmi160_fifo_data) refers to main.o(.bss) for .bss
    main.o(i.get_bmi160_fifo_data) refers to main.o(.data) for .data
    main.o(i.main) refers to app_timer.o(i.app_timer_init) for app_timer_init
    main.o(i.main) refers to app_error.o(i.app_error_handler_bare) for app_error_handler_bare
    main.o(i.main) refers to memcpya.o(.text) for __aeabi_memcpy4
    main.o(i.main) refers to app_uart_fifo.o(i.app_uart_init) for app_uart_init
    main.o(i.main) refers to bsp.o(i.bsp_init) for bsp_init
    main.o(i.main) refers to bsp_btn_ble.o(i.bsp_btn_ble_init) for bsp_btn_ble_init
    main.o(i.main) refers to nrf_sdh.o(i.nrf_sdh_enable_request) for nrf_sdh_enable_request
    main.o(i.main) refers to nrf_sdh_ble.o(i.nrf_sdh_ble_default_cfg_set) for nrf_sdh_ble_default_cfg_set
[...]
    m_serial_box_2                           0x20002ab4   Data           8  nrf_drv_common.o(.data)
    m_comp_lpcomp                            0x20002abc   Data           8  nrf_drv_common.o(.data)
    .data                                    0x20002ac4   Section       12  nrf_drv_power.o(.data)
    m_initialized                            0x20002ac4   Data           1  nrf_drv_power.o(.data)
    m_pofwarn_handler                        0x20002ac8   Data           4  nrf_drv_power.o(.data)
    m_sleepevt_handler                       0x20002acc   Data           4  nrf_drv_power.o(.data)
    .data                                    0x20002ad0   Section       20  app_button.o(.data)
    m_button_count                           0x20002ad0   Data           1  app_button.o(.data)
    mp_buttons                               0x20002ad4   Data           4  app_button.o(.data)
    m_detection_delay                        0x20002ad8   Data           4  app_button.o(.data)
    m_pin_state                              0x20002adc   Data           4  app_button.o(.data)
    m_pin_transition                         0x20002ae0   Data           4  app_button.o(.data)
    .data                                    0x20002ae4   Section       20  app_timer.o(.data)
    m_ticks_elapsed_q_read_ind               0x20002ae4   Data           1  app_timer.o(.data)
    m_ticks_elapsed_q_write_ind              0x20002ae5   Data           1  app_timer.o(.data)
    m_rtc1_running                           0x20002ae6   Data           1  app_timer.o(.data)
    m_rtc1_reset                             0x20002ae7   Data           1  app_timer.o(.data)
    mp_timer_id_head                         0x20002ae8   Data           4  app_timer.o(.data)
    m_ticks_latest                           0x20002aec   Data           4  app_timer.o(.data)
    m_ticks_elapsed                          0x20002af0   Data           8  app_timer.o(.data)
    .data                                    0x20002af8   Section       16  app_uart_fifo.o(.data)
    tx_buffer                                0x20002af8   Data           1  app_uart_fifo.o(.data)
    rx_buffer                                0x20002af9   Data           1  app_uart_fifo.o(.data)
    m_rx_ovf                                 0x20002afa   Data           1  app_uart_fifo.o(.data)
    m_event_handler                          0x20002afc   Data           4  app_uart_fifo.o(.data)
    app_uart_inst                            0x20002b00   Data           8  app_uart_fifo.o(.data)
    .data                                    0x20002b08   Section        8  nrf_fstorage_sd.o(.data)
    m_flags                                  0x20002b08   Data           4  nrf_fstorage_sd.o(.data)
    m_retry_cnt                              0x20002b0c   Data           4  nrf_fstorage_sd.o(.data)
    .data                                    0x20002b10   Section        4  retarget.o(.data)
    .data                                    0x20002b14   Section        3  nrf_sdh.o(.data)
    m_nrf_sdh_enabled                        0x20002b14   Data           1  nrf_sdh.o(.data)
    m_nrf_sdh_suspended                      0x20002b15   Data           1  nrf_sdh.o(.data)
    m_nrf_sdh_continue                       0x20002b16   Data           1  nrf_sdh.o(.data)
    .data                                    0x20002b18   Section        4  system_nrf52.o(.data)
    __tagsym$$used                           0x20002b18   Number         0  system_nrf52.o(.data)
    .data                                    0x20002b1c   Section        4  mvars.o(.data)
    .data                                    0x20002b20   Section        4  mvars.o(.data)
    .data                                    0x20002b24   Section        4  errno.o(.data)
    _errno                                   0x20002b24   Data           4  errno.o(.data)
    .bss                                     0x20002b28   Section     6032  main.o(.bss)
    data_array                               0x20002b28   Data         244  main.o(.bss)
    rx_buf                                   0x20002c1c   Data         256  main.o(.bss)
    tx_buf                                   0x20002d1c   Data         256  main.o(.bss)
    firStateF32                              0x20002e1c   Data         340  main.o(.bss)
    SPI_RX_Buffer                            0x20002fa4   Data         140  main.o(.bss)
    m_nus                                    0x200041b0   Data          28  main.o(.bss)
    m_gatt                                   0x200041cc   Data          20  main.o(.bss)
    m_advertising                            0x200041e0   Data         216  main.o(.bss)
    .bss                                     0x200042b8   Section       32  bsp.o(.bss)
    m_leds_timer_id_data                     0x200042b8   Data          32  bsp.o(.bss)
    .bss                                     0x200042d8   Section       32  bsp.o(.bss)
    m_alert_timer_id_data                    0x200042d8   Data          32  bsp.o(.bss)
    .bss                                     0x200042f8   Section       12  bsp.o(.bss)
    m_events_list                            0x200042f8   Data          12  bsp.o(.bss)
    .bss                                     0x20004304   Section       32  bsp.o(.bss)
    m_button_timer_id_data                   0x20004304   Data          32  bsp.o(.bss)
    .bss                                     0x20004324   Section       80  ble_conn_params.o(.bss)
    m_timer_data                             0x20004324   Data          32  ble_conn_params.o(.bss)
    m_conn_params_instances                  0x20004344   Data          20  ble_conn_params.o(.bss)
    m_conn_params_config                     0x20004358   Data          28  ble_conn_params.o(.bss)
    .bss                                     0x20004374   Section      184  ble_conn_state.o(.bss)
    m_bcs                                    0x20004374   Data         184  ble_conn_state.o(.bss)
    .bss                                     0x2000442c   Section       20  nrf_drv_clock.o(.bss)
    m_clock_cb                               0x2000442c   Data          20  nrf_drv_clock.o(.bss)
    .bss                                     0x20004440   Section       96  nrf_drv_gpiote.o(.bss)
    m_cb                                     0x20004440   Data          96  nrf_drv_gpiote.o(.bss)
    .bss                                     0x200044a0   Section       32  nrf_drv_uart.o(.bss)
    m_cb                                     0x200044a0   Data          32  nrf_drv_uart.o(.bss)
    .bss                                     0x200044c0   Section      108  nrf_drv_spi.o(.bss)
    m_cb                                     0x200044c0   Data         108  nrf_drv_spi.o(.bss)
    .bss                                     0x2000452c   Section       32  app_button.o(.bss)
    m_detection_delay_timer_id_data          0x2000452c   Data          32  app_button.o(.bss)
    .bss                                     0x2000454c   Section      268  app_timer.o(.bss)
    m_op_queue                               0x2000454c   Data         268  app_timer.o(.bss)
    .bss                                     0x20004658   Section       32  app_uart_fifo.o(.bss)
    m_rx_fifo                                0x20004658   Data          16  app_uart_fifo.o(.bss)
    m_tx_fifo                                0x20004668   Data          16  app_uart_fifo.o(.bss)
    .bss                                     0x20004678   Section       12  app_util_platform.o(.bss)
    .bss                                     0x20004684   Section      120  nrf_fstorage_sd.o(.bss)
    m_queue                                  0x20004684   Data         120  nrf_fstorage_sd.o(.bss)
    HEAP                                     0x20004700   Section     8192  arm_startup_nrf52.o(HEAP)
    STACK                                    0x20006700   Section     8192  arm_startup_nrf52.o(STACK)

    Global Symbols

    Symbol Name                              Value     Ov Type        Size  Object(Section)

    BuildAttributes$$THM_ISAv4$E$P$D$K$B$S$7EM$VFPi3$EXTD16$VFPS$VFMA$PE$A:L22UL41UL21$X:L11$S22US41US21$IEEE1$IW$USESV6$~STKCKD$USESV7$~SHL$OTIME$ROPI$IEEEX$EBA8$MICROLIB$REQ8$PRES8$EABIv2 0x00000000   Number         0  anon$$obj.o ABSOLUTE
    __ARM_use_no_argv                        0x00000000   Number         0  main.o ABSOLUTE
    _printf_a                                0x00000000   Number         0  stubs.o ABSOLUTE
    _printf_c                                0x00000000   Number         0  stubs.o ABSOLUTE
    _printf_charcount                        0x00000000   Number         0  stubs.o ABSOLUTE
    _printf_d                                0x00000000   Number         0  stubs.o ABSOLUTE
    _printf_e                                0x00000000   Number         0  stubs.o ABSOLUTE
    _printf_f                                0x00000000   Number         0  stubs.o ABSOLUTE
    _printf_flags                            0x00000000   Number         0  stubs.o ABSOLUTE
    _printf_fp_dec                           0x00000000   Number         0  stubs.o ABSOLUTE
    _printf_fp_hex                           0x00000000   Number         0  stubs.o ABSOLUTE
    _printf_g                                0x00000000   Number         0  stubs.o ABSOLUTE
    _printf_i                                0x00000000   Number         0  stubs.o ABSOLUTE
    _printf_int_dec                          0x00000000   Number         0  stubs.o ABSOLUTE
    _printf_l                                0x00000000   Number         0  stubs.o ABSOLUTE
    _printf_lc                               0x00000000   Number         0  stubs.o ABSOLUTE
    _printf_ll                               0x00000000   Number         0  stubs.o ABSOLUTE
    _printf_lld                              0x00000000   Number         0  stubs.o ABSOLUTE
    _printf_lli                              0x00000000   Number         0  stubs.o ABSOLUTE
    _printf_llo                              0x00000000   Number         0  stubs.o ABSOLUTE
    _printf_llu                              0x00000000   Number         0  stubs.o ABSOLUTE
    _printf_llx                              0x00000000   Number         0  stubs.o ABSOLUTE
    _printf_longlong_dec                     0x00000000   Number         0  stubs.o ABSOLUTE
    _printf_longlong_hex                     0x00000000   Number         0  stubs.o ABSOLUTE
    _printf_longlong_oct                     0x00000000   Number         0  stubs.o ABSOLUTE
    _printf_ls                               0x00000000   Number         0  stubs.o ABSOLUTE
    _printf_mbtowc                           0x00000000   Number         0  stubs.o ABSOLUTE
    _printf_n                                0x00000000   Number         0  stubs.o ABSOLUTE
    _printf_o                                0x00000000   Number         0  stubs.o ABSOLUTE
    _printf_p                                0x00000000   Number         0  stubs.o ABSOLUTE
    _printf_percent                          0x00000000   Number         0  stubs.o ABSOLUTE
    _printf_pre_padding                      0x00000000   Number         0  stubs.o ABSOLUTE
    _printf_return_value                     0x00000000   Number         0  stubs.o ABSOLUTE
    _printf_s                                0x00000000   Number         0  stubs.o ABSOLUTE
    _printf_sizespec                         0x00000000   Number         0  stubs.o ABSOLUTE
    _printf_str                              0x00000000   Number         0  stubs.o ABSOLUTE
    _printf_truncate_signed                  0x00000000   Number         0  stubs.o ABSOLUTE
    _printf_truncate_unsigned                0x00000000   Number         0  stubs.o ABSOLUTE
    _printf_u                                0x00000000   Number         0  stubs.o ABSOLUTE
    _printf_wc                               0x00000000   Number         0  stubs.o ABSOLUTE
    _printf_wctomb                           0x00000000   Number         0  stubs.o ABSOLUTE
    _printf_widthprec                        0x00000000   Number         0  stubs.o ABSOLUTE
    _printf_x                                0x00000000   Number         0  stubs.o ABSOLUTE
    __cpp_initialize__aeabi_                  - Undefined Weak Reference
    __cxa_finalize                            - Undefined Weak Reference
    __decompress                              - Undefined Weak Reference
    _clock_init                               - Undefined Weak Reference
    _microlib_exit                            - Undefined Weak Reference
    fs_data$$Base                             - Undefined Reference
    fs_data$$Limit                            - Undefined Reference
    pwr_mgmt_data0$$Base                      - Undefined Reference
    pwr_mgmt_data0$$Limit                     - Undefined Reference
    pwr_mgmt_data1$$Base                      - Undefined Reference
    pwr_mgmt_data1$$Limit                     - Undefined Reference
    pwr_mgmt_data2$$Base                      - Undefined Reference
    pwr_mgmt_data2$$Limit                     - Undefined Reference
    sdh_req_observers1$$Base                  - Undefined Reference
    sdh_req_observers1$$Limit                 - Undefined Reference
    sdh_stack_observers1$$Base                - Undefined Reference
    sdh_stack_observers1$$Limit               - Undefined Reference
    sdh_state_observers1$$Base                - Undefined Reference
    sdh_state_observers1$$Limit               - Undefined Reference
    __Vectors_Size                           0x00000200   Number         0  arm_startup_nrf52.o ABSOLUTE
    __Vectors                                0x00023000   Data           4  arm_startup_nrf52.o(RESET)
    __Vectors_End                            0x00023200   Data           0  arm_startup_nrf52.o(RESET)
    __main                                   0x00023201   Thumb Code     0  entry.o(.ARM.Collect$$$$00000000)
    _main_stk                                0x00023201   Thumb Code     0  entry2.o(.ARM.Collect$$$$00000001)
    _main_scatterload                        0x00023205   Thumb Code     0  entry5.o(.ARM.Collect$$$$00000004)
    __main_after_scatterload                 0x00023209   Thumb Code     0  entry5.o(.ARM.Collect$$$$00000004)
    _main_clock                              0x00023209   Thumb Code     0  entry7b.o(.ARM.Collect$$$$00000008)
    _main_cpp_init                           0x00023209   Thumb Code     0  entry8b.o(.ARM.Collect$$$$0000000A)
    _main_init                               0x00023209   Thumb Code     0  entry9a.o(.ARM.Collect$$$$0000000B)
    __rt_final_cpp                           0x00023211   Thumb Code     0  entry10a.o(.ARM.Collect$$$$0000000D)
    __rt_final_exit                          0x00023211   Thumb Code     0  entry11a.o(.ARM.Collect$$$$0000000F)
    Reset_Handler                            0x00023215   Thumb Code     8  arm_startup_nrf52.o(.text)
    NMI_Handler                              0x0002321d   Thumb Code     2  arm_startup_nrf52.o(.text)
    HardFault_Handler                        0x0002321f   Thumb Code     2  arm_startup_nrf52.o(.text)
    MemoryManagement_Handler                 0x00023221   Thumb Code     2  arm_startup_nrf52.o(.text)
    BusFault_Handler                         0x00023223   Thumb Code     2  arm_startup_nrf52.o(.text)
    UsageFault_Handler                       0x00023225   Thumb Code     2  arm_startup_nrf52.o(.text)
    SVC_Handler                              0x00023227   Thumb Code     2  arm_startup_nrf52.o(.text)
    DebugMon_Handler                         0x00023229   Thumb Code     2  arm_startup_nrf52.o(.text)
    PendSV_Handler                           0x0002322b   Thumb Code     2  arm_startup_nrf52.o(.text)
    SysTick_Handler                          0x0002322d   Thumb Code     2  arm_startup_nrf52.o(.text)
    CCM_AAR_IRQHandler                       0x0002322f   Thumb Code     0  arm_startup_nrf52.o(.text)
    ECB_IRQHandler                           0x0002322f   Thumb Code     0  arm_startup_nrf52.o(.text)
    FPU_IRQHandler                           0x0002322f   Thumb Code     0  arm_startup_nrf52.o(.text)
    I2S_IRQHandler                           0x0002322f   Thumb Code     0  arm_startup_nrf52.o(.text)
    MWU_IRQHandler                           0x0002322f   Thumb Code     0  arm_startup_nrf52.o(.text)
    NFCT_IRQHandler                          0x0002322f   Thumb Code     0  arm_startup_nrf52.o(.text)
    PDM_IRQHandler                           0x0002322f   Thumb Code     0  arm_startup_nrf52.o(.text)
    PWM0_IRQHandler                          0x0002322f   Thumb Code     0  arm_startup_nrf52.o(.text)
    PWM1_IRQHandler                          0x0002322f   Thumb Code     0  arm_startup_nrf52.o(.text)
    PWM2_IRQHandler                          0x0002322f   Thumb Code     0  arm_startup_nrf52.o(.text)
    QDEC_IRQHandler                          0x0002322f   Thumb Code     0  arm_startup_nrf52.o(.text)
    RADIO_IRQHandler                         0x0002322f   Thumb Code     0  arm_startup_nrf52.o(.text)
    RNG_IRQHandler                           0x0002322f   Thumb Code     0  arm_startup_nrf52.o(.text)
    RTC0_IRQHandler                          0x0002322f   Thumb Code     0  arm_startup_nrf52.o(.text)
    RTC2_IRQHandler                          0x0002322f   Thumb Code     0  arm_startup_nrf52.o(.text)
    SAADC_IRQHandler                         0x0002322f   Thumb Code     0  arm_startup_nrf52.o(.text)
    SWI1_EGU1_IRQHandler                     0x0002322f   Thumb Code     0  arm_startup_nrf52.o(.text)
    SWI3_EGU3_IRQHandler                     0x0002322f   Thumb Code     0  arm_startup_nrf52.o(.text)
    SWI4_EGU4_IRQHandler                     0x0002322f   Thumb Code     0  arm_startup_nrf52.o(.text)
    SWI5_EGU5_IRQHandler                     0x0002322f   Thumb Code     0  arm_startup_nrf52.o(.text)
    TEMP_IRQHandler                          0x0002322f   Thumb Code     0  arm_startup_nrf52.o(.text)
    TIMER0_IRQHandler                        0x0002322f   Thumb Code     0  arm_startup_nrf52.o(.text)
    TIMER1_IRQHandler                        0x0002322f   Thumb Code     0  arm_startup_nrf52.o(.text)
    TIMER2_IRQHandler                        0x0002322f   Thumb Code     0  arm_startup_nrf52.o(.text)
    TIMER3_IRQHandler                        0x0002322f   Thumb Code     0  arm_startup_nrf52.o(.text)
    TIMER4_IRQHandler                        0x0002322f   Thumb Code     0  arm_startup_nrf52.o(.text)
    WDT_IRQHandler                           0x0002322f   Thumb Code     0  arm_startup_nrf52.o(.text)
    arm_fir_f32                              0x00023239   Thumb Code  1330  arm_fir_f32.o(.text)
    arm_fir_init_f32                         0x0002376b   Thumb Code    28  arm_fir_init_f32.o(.text)
    __aeabi_uldivmod                         0x00023787   Thumb Code    98  uldiv.o(.text)
    __aeabi_memcpy                           0x000237e9   Thumb Code    36  memcpya.o(.text)
    __aeabi_memcpy4                          0x000237e9   Thumb Code     0  memcpya.o(.text)
    __aeabi_memcpy8                          0x000237e9   Thumb Code     0  memcpya.o(.text)
    __aeabi_memset                           0x0002380d   Thumb Code    14  memseta.o(.text)
    __aeabi_memset4                          0x0002380d   Thumb Code     0  memseta.o(.text)
    __aeabi_memset8                          0x0002380d   Thumb Code     0  memseta.o(.text)
    __aeabi_memclr                           0x0002381b   Thumb Code     4  memseta.o(.text)
    __aeabi_memclr4                          0x0002381b   Thumb Code     0  memseta.o(.text)
    __aeabi_memclr8                          0x0002381b   Thumb Code     0  memseta.o(.text)
    _memset$wrapper                          0x0002381f   Thumb Code    18  memseta.o(.text)
    strlen                                   0x00023831   Thumb Code    14  strlen.o(.text)
    atoi                                     0x0002383f   Thumb Code    26  atoi.o(.text)
    __aeabi_dadd                             0x00023859   Thumb Code   322  dadd.o(.text)
    __aeabi_dsub                             0x0002399b   Thumb Code     6  dadd.o(.text)
    __aeabi_drsub                            0x000239a1   Thumb Code     6  dadd.o(.text)
    __aeabi_ddiv                             0x000239a7   Thumb Code   222  ddiv.o(.text)
    __aeabi_f2d                              0x00023a85   Thumb Code    38  f2d.o(.text)
    __aeabi_d2f                              0x00023aab   Thumb Code    56  d2f.o(.text)
    __aeabi_uidiv                            0x00023ae3   Thumb Code     0  uidiv.o(.text)
    __aeabi_uidivmod                         0x00023ae3   Thumb Code    44  uidiv.o(.text)
    __aeabi_llsl                             0x00023b0f   Thumb Code    30  llshl.o(.text)
    _ll_shift_l                              0x00023b0f   Thumb Code     0  llshl.o(.text)
    __aeabi_llsr                             0x00023b2d   Thumb Code    32  llushr.o(.text)
    _ll_ushift_r                             0x00023b2d   Thumb Code     0  llushr.o(.text)
    __aeabi_lasr                             0x00023b4d   Thumb Code    36  llsshr.o(.text)
    _ll_sshift_r                             0x00023b4d   Thumb Code     0  llsshr.o(.text)
    strtol                                   0x00023b71   Thumb Code   112  strtol.o(.text)
    __I$use$fp                               0x00023be1   Thumb Code     0  iusefp.o(.text)
    _float_round                             0x00023be1   Thumb Code    18  fepilogue.o(.text)
    _float_epilogue                          0x00023bf3   Thumb Code    92  fepilogue.o(.text)
    _double_round                            0x00023c4f   Thumb Code    30  depilogue.o(.text)
    _double_epilogue                         0x00023c6d   Thumb Code   156  depilogue.o(.text)
    _dsqrt                                   0x00023d09   Thumb Code   162  dsqrt.o(.text)
    __scatterload                            0x00023dad   Thumb Code    28  init.o(.text)
    __scatterload_rt2                        0x00023dad   Thumb Code     0  init.o(.text)
    __rt_ctype_table                         0x00023dd1   Thumb Code     4  ctype_o.o(.text)
    _strtoul                                 0x00023dd9   Thumb Code   158  _strtoul.o(.text)
    _chval                                   0x00023e77   Thumb Code    28  _chval.o(.text)
    COMP_LPCOMP_IRQHandler                   0x00023e95   Thumb Code     6  nrf_drv_common.o(i.COMP_LPCOMP_IRQHandler)
    GPIOTE_IRQHandler                        0x00023ea1   Thumb Code   362  nrf_drv_gpiote.o(i.GPIOTE_IRQHandler)
    POWER_CLOCK_IRQHandler                   0x00024077   Thumb Code    14  nrf_drv_common.o(i.POWER_CLOCK_IRQHandler)
    RTC1_IRQHandler                          0x00024085   Thumb Code    32  app_timer.o(i.RTC1_IRQHandler)
    SPIM0_SPIS0_TWIM0_TWIS0_SPI0_TWI0_IRQHandler 0x000240a9   Thumb Code     6  nrf_drv_common.o(i.SPIM0_SPIS0_TWIM0_TWIS0_SPI0_TWI0_IRQHandler)
    SPIM1_SPIS1_TWIM1_TWIS1_SPI1_TWI1_IRQHandler 0x000240b5   Thumb Code     6  nrf_drv_common.o(i.SPIM1_SPIS1_TWIM1_TWIS1_SPI1_TWI1_IRQHandler)
    SPIM2_SPIS2_SPI2_IRQHandler              0x000240c1   Thumb Code     6  nrf_drv_common.o(i.SPIM2_SPIS2_SPI2_IRQHandler)
    SWI0_EGU0_IRQHandler                     0x000240cd   Thumb Code     4  app_timer.o(i.SWI0_EGU0_IRQHandler)
    SWI2_EGU2_IRQHandler                     0x000240d1   Thumb Code     4  nrf_sdh.o(i.SWI2_EGU2_IRQHandler)
    SystemInit                               0x000240d5   Thumb Code   700  system_nrf52.o(i.SystemInit)
    UARTE0_UART0_IRQHandler                  0x000243d1   Thumb Code    20  nrf_drv_uart.o(i.UARTE0_UART0_IRQHandler)
    __0printf$1                              0x000243ed   Thumb Code    22  printf1.o(i.__0printf$1)
    __1printf$1                              0x000243ed   Thumb Code     0  printf1.o(i.__0printf$1)
    __2printf                                0x000243ed   Thumb Code     0  printf1.o(i.__0printf$1)
    __0sprintf$1                             0x0002440d   Thumb Code    34  printf1.o(i.__0sprintf$1)
    __1sprintf$1                             0x0002440d   Thumb Code     0  printf1.o(i.__0sprintf$1)
    __2sprintf                               0x0002440d   Thumb Code     0  printf1.o(i.__0sprintf$1)
    __aeabi_errno_addr                       0x00024435   Thumb Code     4  errno.o(i.__aeabi_errno_addr)
    __rt_errno_addr                          0x00024435   Thumb Code     0  errno.o(i.__aeabi_errno_addr)
    __hardfp_sqrt                            0x0002443d   Thumb Code   122  sqrt_full.o(i.__hardfp_sqrt)
    __scatterload_copy                       0x000244b7   Thumb Code    14  handlers.o(i.__scatterload_copy)
    __scatterload_null                       0x000244c5   Thumb Code     2  handlers.o(i.__scatterload_null)
    __scatterload_zeroinit                   0x000244c7   Thumb Code    14  handlers.o(i.__scatterload_zeroinit)
    __set_errno                              0x000244f9   Thumb Code     6  errno.o(i.__set_errno)
    app_button_enable                        0x000246d5   Thumb Code    32  app_button.o(i.app_button_enable)
    app_button_init                          0x000246f9   Thumb Code    96  app_button.o(i.app_button_init)
    app_error_fault_handler                  0x00024769   Thumb Code    38  app_error_weak.o(i.app_error_fault_handler)
    app_error_handler_bare                   0x00024799   Thumb Code    22  app_error.o(i.app_error_handler_bare)
    app_fifo_get                             0x000247af   Thumb Code    22  app_fifo.o(i.app_fifo_get)
    app_fifo_init                            0x000247c5   Thumb Code    32  app_fifo.o(i.app_fifo_init)
    app_fifo_put                             0x000247e5   Thumb Code    26  app_fifo.o(i.app_fifo_put)
    app_timer_create                         0x00024801   Thumb Code    32  app_timer.o(i.app_timer_create)
    app_timer_init                           0x00024825   Thumb Code    70  app_timer.o(i.app_timer_init)
    app_timer_start                          0x00024879   Thumb Code   128  app_timer.o(i.app_timer_start)
    app_timer_stop                           0x00024901   Thumb Code    26  app_timer.o(i.app_timer_stop)
    app_uart_get                             0x00024921   Thumb Code    42  app_uart_fifo.o(i.app_uart_get)
    app_uart_init                            0x00024955   Thumb Code   164  app_uart_fifo.o(i.app_uart_init)
    app_uart_put                             0x00024a09   Thumb Code    52  app_uart_fifo.o(i.app_uart_put)
    app_util_critical_region_enter           0x00024a45   Thumb Code    64  app_util_platform.o(i.app_util_critical_region_enter)
    app_util_critical_region_exit            0x00024a8d   Thumb Code    46  app_util_platform.o(i.app_util_critical_region_exit)
    ble_advdata_encode                       0x00024b79   Thumb Code   386  ble_advdata.o(i.ble_advdata_encode)
    ble_advdata_set                          0x00024cfb   Thumb Code   104  ble_advdata.o(i.ble_advdata_set)
    ble_advertising_conn_cfg_tag_set         0x00024d63   Thumb Code     6  ble_advertising.o(i.ble_advertising_conn_cfg_tag_set)
    ble_advertising_init                     0x00024d69   Thumb Code   310  ble_advertising.o(i.ble_advertising_init)
    ble_advertising_on_ble_evt               0x00024e9f   Thumb Code   104  ble_advertising.o(i.ble_advertising_on_ble_evt)
    ble_advertising_on_sys_evt               0x00024f07   Thumb Code    50  ble_advertising.o(i.ble_advertising_on_sys_evt)
    ble_advertising_restart_without_whitelist 0x00024f39   Thumb Code    60  ble_advertising.o(i.ble_advertising_restart_without_whitelist)
    ble_advertising_start                    0x00024f75   Thumb Code   458  ble_advertising.o(i.ble_advertising_start)
    ble_conn_params_init                     0x00025141   Thumb Code    90  ble_conn_params.o(i.ble_conn_params_init)
    ble_nus_init                             0x00025585   Thumb Code    94  ble_nus.o(i.ble_nus_init)
    ble_nus_on_ble_evt                       0x000255e9   Thumb Code   136  ble_nus.o(i.ble_nus_on_ble_evt)
    ble_nus_string_send                      0x00025675   Thumb Code    72  ble_nus.o(i.ble_nus_string_send)
    ble_srv_is_notification_enabled          0x000256bd   Thumb Code     8  ble_srv_common.o(i.ble_srv_is_notification_enabled)
    bmi160_extract_gyro                      0x000256c5   Thumb Code   126  bmi160.o(i.bmi160_extract_gyro)
    bmi160_get_fifo_data                     0x00025743   Thumb Code   134  bmi160.o(i.bmi160_get_fifo_data)
    bmi160_get_regs                          0x000257c9   Thumb Code    58  bmi160.o(i.bmi160_get_regs)
    bmi160_init                              0x00025803   Thumb Code   116  bmi160.o(i.bmi160_init)
    bmi160_set_fifo_config                   0x00025877   Thumb Code   128  bmi160.o(i.bmi160_set_fifo_config)
    bmi160_set_fifo_wm                       0x000258f7   Thumb Code    28  bmi160.o(i.bmi160_set_fifo_wm)
    bmi160_set_int_config                    0x00025913   Thumb Code   186  bmi160.o(i.bmi160_set_int_config)
    bmi160_set_power_mode                    0x000259cd   Thumb Code   174  bmi160.o(i.bmi160_set_power_mode)
    bmi160_set_regs                          0x00025a7b   Thumb Code   126  bmi160.o(i.bmi160_set_regs)
    bmi160_set_sens_conf                     0x00025af9   Thumb Code   230  bmi160.o(i.bmi160_set_sens_conf)
    bmi160_soft_reset                        0x00025bdf   Thumb Code    72  bmi160.o(i.bmi160_soft_reset)
    bmi160_spi_bus_read                      0x00025c29   Thumb Code    74  main.o(i.bmi160_spi_bus_read)
    bmi160_spi_bus_write                     0x00025c81   Thumb Code    92  main.o(i.bmi160_spi_bus_write)
    bsp_board_button_idx_to_pin              0x00025ce5   Thumb Code     6  boards.o(i.bsp_board_button_idx_to_pin)
    bsp_board_button_state_get               0x00025cf1   Thumb Code    28  boards.o(i.bsp_board_button_state_get)
    bsp_board_led_invert                     0x00025d11   Thumb Code    32  boards.o(i.bsp_board_led_invert)
    bsp_board_led_off                        0x00025d35   Thumb Code    10  boards.o(i.bsp_board_led_off)
    bsp_board_led_on                         0x00025d45   Thumb Code    10  boards.o(i.bsp_board_led_on)
    bsp_board_led_state_get                  0x00025d55   Thumb Code    28  boards.o(i.bsp_board_led_state_get)
    bsp_board_leds_init                      0x00025d75   Thumb Code    38  boards.o(i.bsp_board_leds_init)
    bsp_board_leds_off                       0x00025da1   Thumb Code    18  boards.o(i.bsp_board_leds_off)
    bsp_board_leds_on                        0x00025db3   Thumb Code    18  boards.o(i.bsp_board_leds_on)
    bsp_board_pin_to_button_idx              0x00025dc5   Thumb Code    30  boards.o(i.bsp_board_pin_to_button_idx)
    bsp_btn_ble_init                         0x00025de9   Thumb Code    52  bsp_btn_ble.o(i.bsp_btn_ble_init)
    bsp_btn_ble_sleep_mode_prepare           0x00025e21   Thumb Code    30  bsp_btn_ble.o(i.bsp_btn_ble_sleep_mode_prepare)
    bsp_button_is_pressed                    0x00025ed1   Thumb Code     4  bsp.o(i.bsp_button_is_pressed)
    bsp_event_handler                        0x00025ed5   Thumb Code    66  main.o(i.bsp_event_handler)
    bsp_event_to_button_action_assign        0x00025f21   Thumb Code    64  bsp.o(i.bsp_event_to_button_action_assign)
    bsp_indication_set                       0x00025f65   Thumb Code    20  bsp.o(i.bsp_indication_set)
    bsp_init                                 0x00025f7d   Thumb Code   126  bsp.o(i.bsp_init)
    bsp_wakeup_button_enable                 0x000261c9   Thumb Code    16  bsp.o(i.bsp_wakeup_button_enable)
    button_handler                           0x000261d9   Thumb Code     4  main.o(i.button_handler)
    compute_fir                              0x00026429   Thumb Code   398  main.o(i.compute_fir)
    config_gpio                              0x000266a9   Thumb Code    48  main.o(i.config_gpio)
    dsp_config                               0x00026c49   Thumb Code    22  main.o(i.dsp_config)
    fputc                                    0x00026e55   Thumb Code    14  retarget.o(i.fputc)
    free                                     0x00026e65   Thumb Code    76  malloc.o(i.free)
    gatt_evt_handler                         0x00026eb5   Thumb Code    28  main.o(i.gatt_evt_handler)
    gatt_init                                0x00026ed5   Thumb Code    38  main.o(i.gatt_init)
    get_bmi160_fifo_data                     0x00026f05   Thumb Code   156  main.o(i.get_bmi160_fifo_data)
    main                                     0x00027315   Thumb Code   472  main.o(i.main)
    malloc                                   0x0002758d   Thumb Code    92  malloc.o(i.malloc)
    nrf_ble_gatt_att_mtu_periph_set          0x00027845   Thumb Code    24  nrf_ble_gatt.o(i.nrf_ble_gatt_att_mtu_periph_set)
    nrf_ble_gatt_init                        0x0002785d   Thumb Code    34  nrf_ble_gatt.o(i.nrf_ble_gatt_init)
    nrf_ble_gatt_on_ble_evt                  0x00027881   Thumb Code   332  nrf_ble_gatt.o(i.nrf_ble_gatt_on_ble_evt)
    nrf_drv_clock_init                       0x00027b11   Thumb Code    64  nrf_drv_clock.o(i.nrf_drv_clock_init)
    nrf_drv_clock_lfclk_release              0x00027b59   Thumb Code    40  nrf_drv_clock.o(i.nrf_drv_clock_lfclk_release)
    nrf_drv_clock_onIRQ                      0x00027b85   Thumb Code    84  nrf_drv_clock.o(i.nrf_drv_clock_onIRQ)
    nrf_drv_common_irq_enable                0x00027bdd   Thumb Code    56  nrf_drv_common.o(i.nrf_drv_common_irq_enable)
    nrf_drv_common_per_res_acquire           0x00027c15   Thumb Code    52  nrf_drv_common.o(i.nrf_drv_common_per_res_acquire)
    nrf_drv_gpiote_in_event_enable           0x00027c61   Thumb Code   156  nrf_drv_gpiote.o(i.nrf_drv_gpiote_in_event_enable)
    nrf_drv_gpiote_in_init                   0x00027d05   Thumb Code   172  nrf_drv_gpiote.o(i.nrf_drv_gpiote_in_init)
    nrf_drv_gpiote_in_is_set                 0x00027dbd   Thumb Code    20  nrf_drv_gpiote.o(i.nrf_drv_gpiote_in_is_set)
    nrf_drv_gpiote_init                      0x00027dd1   Thumb Code    84  nrf_drv_gpiote.o(i.nrf_drv_gpiote_init)
    nrf_drv_gpiote_is_init                   0x00027e2d   Thumb Code    14  nrf_drv_gpiote.o(i.nrf_drv_gpiote_is_init)
    nrf_drv_power_onIRQ                      0x00027e61   Thumb Code    78  nrf_drv_power.o(i.nrf_drv_power_onIRQ)
    nrf_drv_spi_init                         0x00027f0d   Thumb Code   310  nrf_drv_spi.o(i.nrf_drv_spi_init)
    nrf_drv_spi_transfer                     0x0002804d   Thumb Code    28  nrf_drv_spi.o(i.nrf_drv_spi_transfer)
    nrf_drv_spi_xfer                         0x00028069   Thumb Code    90  nrf_drv_spi.o(i.nrf_drv_spi_xfer)
    nrf_drv_uart_init                        0x000280c9   Thumb Code    98  nrf_drv_uart.o(i.nrf_drv_uart_init)
    nrf_drv_uart_rx                          0x00028131   Thumb Code   170  nrf_drv_uart.o(i.nrf_drv_uart_rx)
    nrf_drv_uart_rx_enable                   0x000281e1   Thumb Code    42  nrf_drv_uart.o(i.nrf_drv_uart_rx_enable)
    nrf_drv_uart_tx                          0x00028369   Thumb Code   262  nrf_drv_uart.o(i.nrf_drv_uart_tx)
    nrf_drv_uart_tx_in_progress              0x00028475   Thumb Code    18  nrf_drv_uart.o(i.nrf_drv_uart_tx_in_progress)
    nrf_fstorage_is_busy                     0x0002848d   Thumb Code    70  nrf_fstorage.o(i.nrf_fstorage_is_busy)
    nrf_fstorage_sdh_req_handler             0x000284dd   Thumb Code    28  nrf_fstorage_sd.o(i.nrf_fstorage_sdh_req_handler)
    nrf_fstorage_sdh_state_handler           0x000284fd   Thumb Code    28  nrf_fstorage_sd.o(i.nrf_fstorage_sdh_state_handler)
    nrf_fstorage_sys_evt_handler             0x0002851d   Thumb Code   176  nrf_fstorage_sd.o(i.nrf_fstorage_sys_evt_handler)
    nrf_sdh_ble_app_ram_start_get            0x00028769   Thumb Code    16  nrf_sdh_ble.o(i.nrf_sdh_ble_app_ram_start_get)
    nrf_sdh_ble_default_cfg_set              0x0002877d   Thumb Code   156  nrf_sdh_ble.o(i.nrf_sdh_ble_default_cfg_set)
    nrf_sdh_ble_enable                       0x0002881d   Thumb Code     4  nrf_sdh_ble.o(i.nrf_sdh_ble_enable)
    nrf_sdh_disable_request                  0x00028871   Thumb Code    60  nrf_sdh.o(i.nrf_sdh_disable_request)
    nrf_sdh_enable_request                   0x000288b1   Thumb Code    74  nrf_sdh.o(i.nrf_sdh_enable_request)
    nrf_sdh_evts_poll                        0x00028909   Thumb Code    32  nrf_sdh.o(i.nrf_sdh_evts_poll)
    nrf_sdh_is_enabled                       0x0002892d   Thumb Code     6  nrf_sdh.o(i.nrf_sdh_is_enabled)
    nrf_sdh_request_continue                 0x00028939   Thumb Code    22  nrf_sdh.o(i.nrf_sdh_request_continue)
    nrf_section_iter_init                    0x00028991   Thumb Code    10  nrf_section_iter.o(i.nrf_section_iter_init)
    nrf_section_iter_next                    0x000289bf   Thumb Code    32  nrf_section_iter.o(i.nrf_section_iter_next)
    sdk_mapped_flags_bulk_update_by_key      0x00028f09   Thumb Code    68  sdk_mapped_flags.o(i.sdk_mapped_flags_bulk_update_by_key)
    sdk_mapped_flags_first_key_index_get     0x00028f4d   Thumb Code    34  sdk_mapped_flags.o(i.sdk_mapped_flags_first_key_index_get)
    sdk_mapped_flags_key_list_get            0x00028f7f   Thumb Code    74  sdk_mapped_flags.o(i.sdk_mapped_flags_key_list_get)
    sdk_mapped_flags_update_by_key           0x00028fc9   Thumb Code    14  sdk_mapped_flags.o(i.sdk_mapped_flags_update_by_key)
    sensor_config                            0x00028fe9   Thumb Code   130  main.o(i.sensor_config)
    spi_config                               0x00029999   Thumb Code    50  main.o(i.spi_config)
    spi_event_handler                        0x000299d9   Thumb Code     8  main.o(i.spi_event_handler)
    uart_event_handle                        0x00029d89   Thumb Code    96  main.o(i.uart_event_handle)
    B                                        0x0002a3a4   Data         232  main.o(.constdata)
    m_ram_start                              0x0002a5c8   Data           4  nrf_sdh_ble.o(.constdata)
    __ctype_table                            0x0002a5f8   Data         129  ctype_o.o(.constdata)
    Region$$Table$$Base                      0x0002a680   Number         0  anon$$obj.o(Region$$Table)
    Region$$Table$$Limit                     0x0002a6a0   Number         0  anon$$obj.o(Region$$Table)
    sdh_ble_observers0$$Base                 0x0002a6a0   Number         0  ble_conn_state.o(sdh_ble_observers0)
    sdh_ble_observers0$$Limit                0x0002a6a8   Number         0  ble_conn_state.o(sdh_ble_observers0)
    sdh_ble_observers1$$Base                 0x0002a6a8   Number         0  main.o(sdh_ble_observers1)
    sdh_ble_observers1$$Limit                0x0002a6b8   Number         0  bsp_btn_ble.o(sdh_ble_observers1)
    sdh_ble_observers2$$Base                 0x0002a6b8   Number         0  main.o(sdh_ble_observers2)
    m_req_obs                                0x0002a6d8   Data           8  nrf_fstorage_sd.o(sdh_req_observers0)
    sdh_ble_observers2$$Limit                0x0002a6d8   Number         0  ble_conn_params.o(sdh_ble_observers2)
    sdh_req_observers0$$Base                 0x0002a6d8   Number         0  nrf_fstorage_sd.o(sdh_req_observers0)
    sdh_req_observers0$$Limit                0x0002a6e0   Number         0  nrf_fstorage_sd.o(sdh_req_observers0)
    sdh_soc_observers0$$Base                 0x0002a6e0   Number         0  nrf_drv_clock.o(sdh_soc_observers0)
    sdh_soc_observers0$$Limit                0x0002a6f8   Number         0  nrf_fstorage_sd.o(sdh_soc_observers0)
    sdh_soc_observers1$$Base                 0x0002a6f8   Number         0  main.o(sdh_soc_observers1)
    sdh_soc_observers1$$Limit                0x0002a700   Number         0  main.o(sdh_soc_observers1)
    sdh_stack_observers0$$Base               0x0002a700   Number         0  nrf_sdh_ble.o(sdh_stack_observers0)
    sdh_stack_observers0$$Limit              0x0002a710   Number         0  nrf_sdh_soc.o(sdh_stack_observers0)
    sdh_state_observers0$$Base               0x0002a710   Number         0  nrf_drv_clock.o(sdh_state_observers0)
    sdh_state_observers0$$Limit              0x0002a728   Number         0  nrf_fstorage_sd.o(sdh_state_observers0)
    Image$$RW_IRAM1$$Base                    0x20002a68   Number         0  anon$$obj.o ABSOLUTE
    block_cnt                                0x20002a6a   Data           1  main.o(.data)
    SENSIBILITY                              0x20002a70   Data           4  main.o(.data)
    prev_sens                                0x20002a74   Data           4  main.o(.data)
    steps                                    0x20002a78   Data           4  main.o(.data)
    previous_step                            0x20002a80   Data           4  main.o(.data)
    __stdout                                 0x20002b10   Data           4  retarget.o(.data)
    SystemCoreClock                          0x20002b18   Data           4  system_nrf52.o(.data)
    __microlib_freelist                      0x20002b1c   Data           4  mvars.o(.data)
    __microlib_freelist_initialised          0x20002b20   Data           4  mvars.o(.data)
    fir_lpf                                  0x20002f70   Data          12  main.o(.bss)
    sensor                                   0x20002f7c   Data          40  main.o(.bss)
    gyro_x_in_buf                            0x20003030   Data         560  main.o(.bss)
    gyro_y_in_buf                            0x20003260   Data         560  main.o(.bss)
    gyro_z_in_buf                            0x20003490   Data         560  main.o(.bss)
    gyro_x_out_buf                           0x200036c0   Data         560  main.o(.bss)
    gyro_y_out_buf                           0x200038f0   Data         560  main.o(.bss)
    gyro_z_out_buf                           0x20003b20   Data         560  main.o(.bss)
    gyro_tot_out                             0x20003d50   Data         560  main.o(.bss)
    fifo_buff                                0x20003f80   Data         200  main.o(.bss)
    fifo_frame                               0x20004048   Data          24  main.o(.bss)
    gyro_data                                0x20004060   Data         336  main.o(.bss)
    nrf_nvic_state                           0x20004678   Data          12  app_util_platform.o(.bss)
    __heap_base                              0x20004700   Data           0  arm_startup_nrf52.o(HEAP)
    __heap_limit                             0x20006700   Data           0  arm_startup_nrf52.o(HEAP)
    __initial_sp                             0x20008700   Data           0  arm_startup_nrf52.o(STACK)



==============================================================================

Memory Map of the image

  Image Entry point : 0x00023201

  Load Region LR_IROM1 (Base: 0x00023000, Size: 0x000077e8, Max: 0x0005d000, ABSOLUTE)

    Execution Region ER_IROM1 (Exec base: 0x00023000, Load base: 0x00023000, Size: 0x00007728, Max: 0x0005d000, ABSOLUTE)

    Exec Addr    Load Addr    Size         Type   Attr      Idx    E Section Name        Object

    0x00023000   0x00023000   0x00000200   Data   RO         4679    RESET               arm_startup_nrf52.o
    0x00023200   0x00023200   0x00000000   Code   RO         4808  * .ARM.Collect$$$$00000000  mc_w.l(entry.o)
    0x00023200   0x00023200   0x00000004   Code   RO         5122    .ARM.Collect$$$$00000001  mc_w.l(entry2.o)
    0x00023204   0x00023204   0x00000004   Code   RO         5125    .ARM.Collect$$$$00000004  mc_w.l(entry5.o)
    0x00023208   0x00023208   0x00000000   Code   RO         5127    .ARM.Collect$$$$00000008  mc_w.l(entry7b.o)
    0x00023208   0x00023208   0x00000000   Code   RO         5129    .ARM.Collect$$$$0000000A  mc_w.l(entry8b.o)
    0x00023208   0x00023208   0x00000008   Code   RO         5130    .ARM.Collect$$$$0000000B  mc_w.l(entry9a.o)
    0x00023210   0x00023210   0x00000000   Code   RO         5132    .ARM.Collect$$$$0000000D  mc_w.l(entry10a.o)
    0x00023210   0x00023210   0x00000000   Code   RO         5134    .ARM.Collect$$$$0000000F  mc_w.l(entry11a.o)
    0x00023210   0x00023210   0x00000004   Code   RO         5123    .ARM.Collect$$$$00002712  mc_w.l(entry2.o)
    0x00023214   0x00023214   0x00000024   Code   RO         4680    .text               arm_startup_nrf52.o
    0x00023238   0x00023238   0x00000532   Code   RO         4723    .text               arm_cortexM4lf_math.lib(arm_fir_f32.o)
    0x0002376a   0x0002376a   0x0000001c   Code   RO         4775    .text               arm_cortexM4lf_math.lib(arm_fir_init_f32.o)
    0x00023786   0x00023786   0x00000062   Code   RO         4811    .text               mc_w.l(uldiv.o)
    0x000237e8   0x000237e8   0x00000024   Code   RO         4813    .text               mc_w.l(memcpya.o)
    0x0002380c   0x0002380c   0x00000024   Code   RO         4815    .text               mc_w.l(memseta.o)
    0x00023830   0x00023830   0x0000000e   Code   RO         4817    .text               mc_w.l(strlen.o)
    0x0002383e   0x0002383e   0x0000001a   Code   RO         5112    .text               mc_w.l(atoi.o)
    0x00023858   0x00023858   0x0000014e   Code   RO         5114    .text               mf_w.l(dadd.o)
    0x000239a6   0x000239a6   0x000000de   Code   RO         5116    .text               mf_w.l(ddiv.o)
    0x00023a84   0x00023a84   0x00000026   Code   RO         5118    .text               mf_w.l(f2d.o)
    0x00023aaa   0x00023aaa   0x00000038   Code   RO         5120    .text               mf_w.l(d2f.o)
    0x00023ae2   0x00023ae2   0x0000002c   Code   RO         5136    .text               mc_w.l(uidiv.o)
    0x00023b0e   0x00023b0e   0x0000001e   Code   RO         5138    .text               mc_w.l(llshl.o)
    0x00023b2c   0x00023b2c   0x00000020   Code   RO         5140    .text               mc_w.l(llushr.o)
    0x00023b4c   0x00023b4c   0x00000024   Code   RO         5142    .text               mc_w.l(llsshr.o)
    0x00023b70   0x00023b70   0x00000070   Code   RO         5153    .text               mc_w.l(strtol.o)
    0x00023be0   0x00023be0   0x00000000   Code   RO         5155    .text               mc_w.l(iusefp.o)
    0x00023be0   0x00023be0   0x0000006e   Code   RO         5156    .text               mf_w.l(fepilogue.o)
    0x00023c4e   0x00023c4e   0x000000ba   Code   RO         5158    .text               mf_w.l(depilogue.o)
    0x00023d08   0x00023d08   0x000000a2   Code   RO         5162    .text               mf_w.l(dsqrt.o)
    0x00023daa   0x00023daa   0x00000002   PAD
    0x00023dac   0x00023dac   0x00000024   Code   RO         5170    .text               mc_w.l(init.o)
    0x00023dd0   0x00023dd0   0x00000008   Code   RO         5172    .text               mc_w.l(ctype_o.o)
    0x00023dd8   0x00023dd8   0x0000009e   Code   RO         5200    .text               mc_w.l(_strtoul.o)
    0x00023e76   0x00023e76   0x0000001c   Code   RO         5202    .text               mc_w.l(_chval.o)
    0x00023e92   0x00023e92   0x00000002   PAD
    0x00023e94   0x00023e94   0x0000000c   Code   RO         1600    i.COMP_LPCOMP_IRQHandler  nrf_drv_common.o
    0x00023ea0   0x00023ea0   0x00000174   Code   RO         1715    i.GPIOTE_IRQHandler  nrf_drv_gpiote.o
    0x00024014   0x00024014   0x00000016   Code   RO         3093    i.NVIC_ClearPendingIRQ  app_timer.o
    0x0002402a   0x0002402a   0x00000016   Code   RO         3094    i.NVIC_EnableIRQ    app_timer.o
    0x00024040   0x00024040   0x00000016   Code   RO         3095    i.NVIC_SetPendingIRQ  app_timer.o
    0x00024056   0x00024056   0x00000020   Code   RO         3096    i.NVIC_SetPriority  app_timer.o
    0x00024076   0x00024076   0x0000000e   Code   RO         1601    i.POWER_CLOCK_IRQHandler  nrf_drv_common.o
    0x00024084   0x00024084   0x00000024   Code   RO         3097    i.RTC1_IRQHandler   app_timer.o
    0x000240a8   0x000240a8   0x0000000c   Code   RO         1602    i.SPIM0_SPIS0_TWIM0_TWIS0_SPI0_TWI0_IRQHandler  nrf_drv_common.o
    0x000240b4   0x000240b4   0x0000000c   Code   RO         1603    i.SPIM1_SPIS1_TWIM1_TWIS1_SPI1_TWI1_IRQHandler  nrf_drv_common.o
    0x000240c0   0x000240c0   0x0000000c   Code   RO         1604    i.SPIM2_SPIS2_SPI2_IRQHandler  nrf_drv_common.o
    0x000240cc   0x000240cc   0x00000004   Code   RO         3098    i.SWI0_EGU0_IRQHandler  app_timer.o
    0x000240d0   0x000240d0   0x00000004   Code   RO         4480    i.SWI2_EGU2_IRQHandler  nrf_sdh.o
    0x000240d4   0x000240d4   0x000002fc   Code   RO         4688    i.SystemInit        system_nrf52.o
    0x000243d0   0x000243d0   0x0000001c   Code   RO         1962    i.UARTE0_UART0_IRQHandler  nrf_drv_uart.o
    0x000243ec   0x000243ec   0x00000020   Code   RO         4868    i.__0printf$1       mc_w.l(printf1.o)
    0x0002440c   0x0002440c   0x00000028   Code   RO         4870    i.__0sprintf$1      mc_w.l(printf1.o)
    0x00024434   0x00024434   0x00000008   Code   RO         5146    i.__aeabi_errno_addr  mc_w.l(errno.o)
    0x0002443c   0x0002443c   0x0000007a   Code   RO         4796    i.__hardfp_sqrt     m_wm.l(sqrt_full.o)
    0x000244b6   0x000244b6   0x0000000e   Code   RO         5206    i.__scatterload_copy  mc_w.l(handlers.o)
    0x000244c4   0x000244c4   0x00000002   Code   RO         5207    i.__scatterload_null  mc_w.l(handlers.o)
    0x000244c6   0x000244c6   0x0000000e   Code   RO         5208    i.__scatterload_zeroinit  mc_w.l(handlers.o)
    0x000244d4   0x000244d4   0x00000024   Code   RO         4481    i.__sd_nvic_app_accessible_irq  nrf_sdh.o
    0x000244f8   0x000244f8   0x0000000c   Code   RO         5148    i.__set_errno       mc_w.l(errno.o)
    0x00024504   0x00024504   0x00000154   Code   RO         4875    i._printf_core      mc_w.l(printf1.o)
    0x00024658   0x00024658   0x0000000a   Code   RO         4877    i._sputc            mc_w.l(printf1.o)
    0x00024662   0x00024662   0x00000034   Code   RO         1605    i.acquire_shared_resource  nrf_drv_common.o
    0x00024696   0x00024696   0x00000036   Code   RO          682    i.advertising_buttons_configure  bsp_btn_ble.o
    0x000246cc   0x000246cc   0x00000006   Code   RO          562    i.alert_timer_handler  bsp.o
    0x000246d2   0x000246d2   0x00000002   PAD
    0x000246d4   0x000246d4   0x00000024   Code   RO         2837    i.app_button_enable  app_button.o
    0x000246f8   0x000246f8   0x00000070   Code   RO         2838    i.app_button_init   app_button.o
    0x00024768   0x00024768   0x00000030   Code   RO         2932    i.app_error_fault_handler  app_error_weak.o
    0x00024798   0x00024798   0x00000016   Code   RO         2893    i.app_error_handler_bare  app_error.o
    0x000247ae   0x000247ae   0x00000016   Code   RO         2970    i.app_fifo_get      app_fifo.o
    0x000247c4   0x000247c4   0x00000020   Code   RO         2971    i.app_fifo_init     app_fifo.o
    0x000247e4   0x000247e4   0x0000001a   Code   RO         2973    i.app_fifo_put      app_fifo.o
    0x000247fe   0x000247fe   0x00000002   PAD
    0x00024800   0x00024800   0x00000024   Code   RO         3101    i.app_timer_create  app_timer.o
    0x00024824   0x00024824   0x00000054   Code   RO         3102    i.app_timer_init    app_timer.o
    0x00024878   0x00024878   0x00000088   Code   RO         3105    i.app_timer_start   app_timer.o
    0x00024900   0x00024900   0x00000020   Code   RO         3106    i.app_timer_stop    app_timer.o
    0x00024920   0x00024920   0x00000034   Code   RO         3264    i.app_uart_get      app_uart_fifo.o
    0x00024954   0x00024954   0x000000b4   Code   RO         3265    i.app_uart_init     app_uart_fifo.o
    0x00024a08   0x00024a08   0x0000003c   Code   RO         3266    i.app_uart_put      app_uart_fifo.o
    0x00024a44   0x00024a44   0x00000048   Code   RO         3328    i.app_util_critical_region_enter  app_util_platform.o
    0x00024a8c   0x00024a8c   0x00000034   Code   RO         3329    i.app_util_critical_region_exit  app_util_platform.o
    0x00024ac0   0x00024ac0   0x000000b8   Code   RO         1963    i.apply_config      nrf_drv_uart.o
    0x00024b78   0x00024b78   0x00000182   Code   RO          767    i.ble_advdata_encode  ble_advdata.o
    0x00024cfa   0x00024cfa   0x00000068   Code   RO          768    i.ble_advdata_set   ble_advdata.o
    0x00024d62   0x00024d62   0x00000006   Code   RO          844    i.ble_advertising_conn_cfg_tag_set  ble_advertising.o
    0x00024d68   0x00024d68   0x00000136   Code   RO          845    i.ble_advertising_init  ble_advertising.o
    0x00024e9e   0x00024e9e   0x00000068   Code   RO          847    i.ble_advertising_on_ble_evt  ble_advertising.o
    0x00024f06   0x00024f06   0x00000032   Code   RO          848    i.ble_advertising_on_sys_evt  ble_advertising.o
    0x00024f38   0x00024f38   0x0000003c   Code   RO          850    i.ble_advertising_restart_without_whitelist  ble_advertising.o
    0x00024f74   0x00024f74   0x000001ca   Code   RO          851    i.ble_advertising_start  ble_advertising.o
    0x0002513e   0x0002513e   0x00000002   PAD
    0x00025140   0x00025140   0x00000068   Code   RO          923    i.ble_conn_params_init  ble_conn_params.o
    0x000251a8   0x000251a8   0x00000060   Code   RO          769    i.ble_device_addr_encode  ble_advdata.o
    0x00025208   0x00025208   0x00000104   Code   RO            5    i.ble_evt_handler   main.o
    0x0002530c   0x0002530c   0x00000070   Code   RO          683    i.ble_evt_handler   bsp_btn_ble.o
    0x0002537c   0x0002537c   0x000000fc   Code   RO          925    i.ble_evt_handler   ble_conn_params.o
    0x00025478   0x00025478   0x0000010c   Code   RO         1016    i.ble_evt_handler   ble_conn_state.o
    0x00025584   0x00025584   0x00000064   Code   RO         1296    i.ble_nus_init      ble_nus.o
    0x000255e8   0x000255e8   0x0000008c   Code   RO         1297    i.ble_nus_on_ble_evt  ble_nus.o
    0x00025674   0x00025674   0x00000048   Code   RO         1298    i.ble_nus_string_send  ble_nus.o
    0x000256bc   0x000256bc   0x00000008   Code   RO         1152    i.ble_srv_is_notification_enabled  ble_srv_common.o
    0x000256c4   0x000256c4   0x0000007e   Code   RO         2195    i.bmi160_extract_gyro  bmi160.o
    0x00025742   0x00025742   0x00000086   Code   RO         2196    i.bmi160_get_fifo_data  bmi160.o
    0x000257c8   0x000257c8   0x0000003a   Code   RO         2198    i.bmi160_get_regs   bmi160.o
    0x00025802   0x00025802   0x00000074   Code   RO         2200    i.bmi160_init       bmi160.o
    0x00025876   0x00025876   0x00000080   Code   RO         2205    i.bmi160_set_fifo_config  bmi160.o
    0x000258f6   0x000258f6   0x0000001c   Code   RO         2208    i.bmi160_set_fifo_wm  bmi160.o
    0x00025912   0x00025912   0x000000ba   Code   RO         2209    i.bmi160_set_int_config  bmi160.o
    0x000259cc   0x000259cc   0x000000ae   Code   RO         2211    i.bmi160_set_power_mode  bmi160.o
    0x00025a7a   0x00025a7a   0x0000007e   Code   RO         2212    i.bmi160_set_regs   bmi160.o
    0x00025af8   0x00025af8   0x000000e6   Code   RO         2213    i.bmi160_set_sens_conf  bmi160.o
    0x00025bde   0x00025bde   0x00000048   Code   RO         2215    i.bmi160_soft_reset  bmi160.o
    0x00025c26   0x00025c26   0x00000002   PAD
    0x00025c28   0x00025c28   0x00000058   Code   RO            6    i.bmi160_spi_bus_read  main.o
    0x00025c80   0x00025c80   0x00000064   Code   RO            7    i.bmi160_spi_bus_write  main.o
    0x00025ce4   0x00025ce4   0x0000000c   Code   RO          446    i.bsp_board_button_idx_to_pin  boards.o
    0x00025cf0   0x00025cf0   0x00000020   Code   RO          447    i.bsp_board_button_state_get  boards.o
    0x00025d10   0x00025d10   0x00000024   Code   RO          450    i.bsp_board_led_invert  boards.o
    0x00025d34   0x00025d34   0x00000010   Code   RO          451    i.bsp_board_led_off  boards.o
    0x00025d44   0x00025d44   0x00000010   Code   RO          452    i.bsp_board_led_on  boards.o
    0x00025d54   0x00025d54   0x00000020   Code   RO          453    i.bsp_board_led_state_get  boards.o
    0x00025d74   0x00025d74   0x0000002c   Code   RO          454    i.bsp_board_leds_init  boards.o
    0x00025da0   0x00025da0   0x00000012   Code   RO          455    i.bsp_board_leds_off  boards.o
    0x00025db2   0x00025db2   0x00000012   Code   RO          456    i.bsp_board_leds_on  boards.o
    0x00025dc4   0x00025dc4   0x00000024   Code   RO          457    i.bsp_board_pin_to_button_idx  boards.o
    0x00025de8   0x00025de8   0x00000038   Code   RO          684    i.bsp_btn_ble_init  bsp_btn_ble.o
    0x00025e20   0x00025e20   0x0000001e   Code   RO          685    i.bsp_btn_ble_sleep_mode_prepare  bsp_btn_ble.o
    0x00025e3e   0x00025e3e   0x00000002   PAD
    0x00025e40   0x00025e40   0x00000090   Code   RO          563    i.bsp_button_event_handler  bsp.o
    0x00025ed0   0x00025ed0   0x00000004   Code   RO          564    i.bsp_button_is_pressed  bsp.o
    0x00025ed4   0x00025ed4   0x0000004c   Code   RO            8    i.bsp_event_handler  main.o
    0x00025f20   0x00025f20   0x00000044   Code   RO          567    i.bsp_event_to_button_action_assign  bsp.o
    0x00025f64   0x00025f64   0x00000018   Code   RO          568    i.bsp_indication_set  bsp.o
    0x00025f7c   0x00025f7c   0x00000094   Code   RO          569    i.bsp_init          bsp.o
    0x00026010   0x00026010   0x000001b8   Code   RO          570    i.bsp_led_indication  bsp.o
    0x000261c8   0x000261c8   0x00000010   Code   RO          572    i.bsp_wakeup_button_enable  bsp.o
    0x000261d8   0x000261d8   0x00000004   Code   RO            9    i.button_handler    main.o
    0x000261dc   0x000261dc   0x00000008   Code   RO          573    i.button_timer_handler  bsp.o
    0x000261e4   0x000261e4   0x0000001c   Code   RO         1716    i.channel_free      nrf_drv_gpiote.o
    0x00026200   0x00026200   0x00000048   Code   RO         1717    i.channel_port_alloc  nrf_drv_gpiote.o
    0x00026248   0x00026248   0x00000010   Code   RO         1718    i.channel_port_get  nrf_drv_gpiote.o
    0x00026258   0x00026258   0x0000006c   Code   RO         2218    i.check_accel_config  bmi160.o
    0x000262c4   0x000262c4   0x00000022   Code   RO         2219    i.check_frame_validity  bmi160.o
    0x000262e6   0x000262e6   0x0000006e   Code   RO         2220    i.check_gyro_config  bmi160.o
    0x00026354   0x00026354   0x00000028   Code   RO         1431    i.clock_clk_started_notify  nrf_drv_clock.o
    0x0002637c   0x0002637c   0x000000ac   Code   RO         3108    i.compare_reg_update  app_timer.o
    0x00026428   0x00026428   0x000001b8   Code   RO           10    i.compute_fir       main.o
    0x000265e0   0x000265e0   0x000000c8   Code   RO         2221    i.config_any_motion_int_settg  bmi160.o
    0x000266a8   0x000266a8   0x00000038   Code   RO           11    i.config_gpio       main.o
    0x000266e0   0x000266e0   0x0000006a   Code   RO         2222    i.config_int_latch  bmi160.o
    0x0002674a   0x0002674a   0x00000002   PAD
    0x0002674c   0x0002674c   0x0000009c   Code   RO         2223    i.config_int_out_ctrl  bmi160.o
    0x000267e8   0x000267e8   0x00000080   Code   RO         2224    i.config_no_motion_dur_thr  bmi160.o
    0x00026868   0x00026868   0x000000ac   Code   RO         2225    i.config_no_motion_int_settg  bmi160.o
    0x00026914   0x00026914   0x0000007c   Code   RO         2226    i.config_orient_int_settg  bmi160.o
    0x00026990   0x00026990   0x00000074   Code   RO         2227    i.config_sig_dur_threshold  bmi160.o
    0x00026a04   0x00026a04   0x0000009a   Code   RO         2228    i.config_step_detect  bmi160.o
    0x00026a9e   0x00026a9e   0x00000076   Code   RO         2229    i.config_tap_param  bmi160.o
    0x00026b14   0x00026b14   0x00000088   Code   RO          770    i.conn_int_encode   ble_advdata.o
    0x00026b9c   0x00026b9c   0x00000004   Code   RO           12    i.conn_params_error_handler  main.o
    0x00026ba0   0x00026ba0   0x00000048   Code   RO          926    i.conn_params_negotiation  ble_conn_params.o
    0x00026be8   0x00026be8   0x00000060   Code   RO         2840    i.detection_delay_timeout_handler  app_button.o
    0x00026c48   0x00026c48   0x00000020   Code   RO           13    i.dsp_config        main.o
    0x00026c68   0x00026c68   0x00000040   Code   RO         3109    i.elapsed_ticks_acquire  app_timer.o
    0x00026ca8   0x00026ca8   0x00000076   Code   RO         2230    i.enable_accel_any_motion_int  bmi160.o
    0x00026d1e   0x00026d1e   0x0000004e   Code   RO         3710    i.event_send        nrf_fstorage_sd.o
    0x00026d6c   0x00026d6c   0x000000c2   Code   RO         2233    i.extract_gyro_header_mode  bmi160.o
    0x00026e2e   0x00026e2e   0x00000014   Code   RO         2976    i.fifo_get          app_fifo.o
    0x00026e42   0x00026e42   0x00000012   Code   RO         2977    i.fifo_put          app_fifo.o
    0x00026e54   0x00026e54   0x0000000e   Code   RO         4047    i.fputc             retarget.o
    0x00026e62   0x00026e62   0x00000002   PAD
    0x00026e64   0x00026e64   0x00000050   Code   RO         5084    i.free              mc_w.l(malloc.o)
    0x00026eb4   0x00026eb4   0x00000020   Code   RO           14    i.gatt_evt_handler  main.o
    0x00026ed4   0x00026ed4   0x00000030   Code   RO           15    i.gatt_init         main.o
    0x00026f04   0x00026f04   0x000000a8   Code   RO           16    i.get_bmi160_fifo_data  main.o
    0x00026fac   0x00026fac   0x00000054   Code   RO         2239    i.get_gyro_len_to_parse  bmi160.o
    0x00027000   0x00027000   0x00000058   Code   RO         2841    i.gpiote_event_handler  app_button.o
    0x00027058   0x00027058   0x00000014   Code   RO          927    i.instance_get      ble_conn_params.o
    0x0002706c   0x0002706c   0x00000078   Code   RO         1964    i.interrupts_enable  nrf_drv_uart.o
    0x000270e4   0x000270e4   0x00000010   Code   RO         2610    i.irq_handler_for_instance_0  nrf_drv_spi.o
    0x000270f4   0x000270f4   0x00000010   Code   RO         2611    i.irq_handler_for_instance_1  nrf_drv_spi.o
    0x00027104   0x00027104   0x00000010   Code   RO         2612    i.irq_handler_for_instance_2  nrf_drv_spi.o
    0x00027114   0x00027114   0x00000040   Code   RO         2613    i.irq_handler_spim  nrf_drv_spi.o
    0x00027154   0x00027154   0x00000044   Code   RO          928    i.is_conn_params_ok  ble_conn_params.o
    0x00027198   0x00027198   0x00000030   Code   RO          574    i.leds_off          bsp.o
    0x000271c8   0x000271c8   0x00000014   Code   RO          575    i.leds_timer_handler  bsp.o
    0x000271dc   0x000271dc   0x00000028   Code   RO         1434    i.lfclk_stop        nrf_drv_clock.o
    0x00027204   0x00027204   0x00000018   Code   RO         1209    i.link_init         nrf_ble_gatt.o
    0x0002721c   0x0002721c   0x000000f8   Code   RO         3110    i.list_insertions_handler  app_timer.o
    0x00027314   0x00027314   0x00000278   Code   RO           17    i.main              main.o
    0x0002758c   0x0002758c   0x0000006c   Code   RO         5085    i.malloc            mc_w.l(malloc.o)
    0x000275f8   0x000275f8   0x00000064   Code   RO          771    i.manuf_specific_data_encode  ble_advdata.o
    0x0002765c   0x0002765c   0x0000005a   Code   RO         2240    i.map_int_pin_to_low_step_detect  bmi160.o
    0x000276b6   0x000276b6   0x0000005a   Code   RO         2241    i.map_int_pin_to_sig_any_motion  bmi160.o
    0x00027710   0x00027710   0x00000074   Code   RO         2242    i.map_int_pin_to_tap  bmi160.o
    0x00027784   0x00027784   0x00000014   Code   RO         2243    i.move_next_frame   bmi160.o
    0x00027798   0x00027798   0x0000009c   Code   RO          772    i.name_encode       ble_advdata.o
    0x00027834   0x00027834   0x00000010   Code   RO         1719    i.nrf_bitmask_bit_is_set  nrf_drv_gpiote.o
    0x00027844   0x00027844   0x00000018   Code   RO         1211    i.nrf_ble_gatt_att_mtu_periph_set  nrf_ble_gatt.o
    0x0002785c   0x0002785c   0x00000022   Code   RO         1215    i.nrf_ble_gatt_init  nrf_ble_gatt.o
    0x0002787e   0x0002787e   0x00000002   PAD
    0x00027880   0x00027880   0x00000150   Code   RO         1216    i.nrf_ble_gatt_on_ble_evt  nrf_ble_gatt.o
    0x000279d0   0x000279d0   0x0000000e   Code   RO         1435    i.nrf_clock_event_check  nrf_drv_clock.o
    0x000279de   0x000279de   0x00000010   Code   RO         1436    i.nrf_clock_event_clear  nrf_drv_clock.o
    0x000279ee   0x000279ee   0x0000000a   Code   RO           18    i.nrf_delay_ms      main.o
    0x000279f8   0x000279f8   0x0000008c   Code   RO           19    i.nrf_delay_us      main.o
    0x00027a84   0x00027a84   0x0000008c   Code   RO         3111    i.nrf_delay_us      app_timer.o
    0x00027b10   0x00027b10   0x00000048   Code   RO         1443    i.nrf_drv_clock_init  nrf_drv_clock.o
    0x00027b58   0x00027b58   0x0000002c   Code   RO         1447    i.nrf_drv_clock_lfclk_release  nrf_drv_clock.o
    0x00027b84   0x00027b84   0x00000058   Code   RO         1449    i.nrf_drv_clock_onIRQ  nrf_drv_clock.o
    0x00027bdc   0x00027bdc   0x00000038   Code   RO         1608    i.nrf_drv_common_irq_enable  nrf_drv_common.o
    0x00027c14   0x00027c14   0x00000044   Code   RO         1609    i.nrf_drv_common_per_res_acquire  nrf_drv_common.o
    0x00027c58   0x00027c58   0x00000006   Code   RO         1966    i.nrf_drv_get_IRQn  nrf_drv_uart.o
    0x00027c5e   0x00027c5e   0x00000002   PAD
    0x00027c60   0x00027c60   0x000000a4   Code   RO         1724    i.nrf_drv_gpiote_in_event_enable  nrf_drv_gpiote.o
    0x00027d04   0x00027d04   0x000000b8   Code   RO         1725    i.nrf_drv_gpiote_in_init  nrf_drv_gpiote.o
    0x00027dbc   0x00027dbc   0x00000014   Code   RO         1726    i.nrf_drv_gpiote_in_is_set  nrf_drv_gpiote.o
    0x00027dd0   0x00027dd0   0x0000005c   Code   RO         1728    i.nrf_drv_gpiote_init  nrf_drv_gpiote.o
    0x00027e2c   0x00027e2c   0x00000014   Code   RO         1729    i.nrf_drv_gpiote_is_init  nrf_drv_gpiote.o
    0x00027e40   0x00027e40   0x00000010   Code   RO         1967    i.nrf_drv_is_in_RAM  nrf_drv_uart.o
    0x00027e50   0x00027e50   0x00000010   Code   RO         2614    i.nrf_drv_is_in_RAM  nrf_drv_spi.o
    0x00027e60   0x00027e60   0x00000054   Code   RO         2741    i.nrf_drv_power_onIRQ  nrf_drv_power.o
    0x00027eb4   0x00027eb4   0x00000010   Code   RO         2744    i.nrf_drv_power_sdh_soc_evt_handler  nrf_drv_power.o
    0x00027ec4   0x00027ec4   0x00000048   Code   RO         2745    i.nrf_drv_power_sdh_state_evt_handler  nrf_drv_power.o
    0x00027f0c   0x00027f0c   0x00000140   Code   RO         2617    i.nrf_drv_spi_init  nrf_drv_spi.o
    0x0002804c   0x0002804c   0x0000001c   Code   RO         2619    i.nrf_drv_spi_transfer  nrf_drv_spi.o
    0x00028068   0x00028068   0x00000060   Code   RO         2621    i.nrf_drv_spi_xfer  nrf_drv_spi.o
    0x000280c8   0x000280c8   0x00000068   Code   RO         1969    i.nrf_drv_uart_init  nrf_drv_uart.o
    0x00028130   0x00028130   0x000000b0   Code   RO         1970    i.nrf_drv_uart_rx   nrf_drv_uart.o
    0x000281e0   0x000281e0   0x00000030   Code   RO         1973    i.nrf_drv_uart_rx_enable  nrf_drv_uart.o
    0x00028210   0x00028210   0x000000a8   Code   RO         1974    i.nrf_drv_uart_rx_for_uart  nrf_drv_uart.o
    0x000282b8   0x000282b8   0x000000b0   Code   RO         1975    i.nrf_drv_uart_rx_for_uarte  nrf_drv_uart.o
    0x00028368   0x00028368   0x0000010c   Code   RO         1977    i.nrf_drv_uart_tx   nrf_drv_uart.o
    0x00028474   0x00028474   0x00000018   Code   RO         1979    i.nrf_drv_uart_tx_in_progress  nrf_drv_uart.o
    0x0002848c   0x0002848c   0x00000050   Code   RO         3657    i.nrf_fstorage_is_busy  nrf_fstorage.o
    0x000284dc   0x000284dc   0x00000020   Code   RO         3713    i.nrf_fstorage_sdh_req_handler  nrf_fstorage_sd.o
    0x000284fc   0x000284fc   0x00000020   Code   RO         3714    i.nrf_fstorage_sdh_state_handler  nrf_fstorage_sd.o
    0x0002851c   0x0002851c   0x000000b8   Code   RO         3715    i.nrf_fstorage_sys_evt_handler  nrf_fstorage_sd.o
    0x000285d4   0x000285d4   0x00000024   Code   RO          459    i.nrf_gpio_cfg      boards.o
    0x000285f8   0x000285f8   0x00000024   Code   RO         1743    i.nrf_gpio_cfg      nrf_drv_gpiote.o
    0x0002861c   0x0002861c   0x00000024   Code   RO         1981    i.nrf_gpio_cfg      nrf_drv_uart.o
    0x00028640   0x00028640   0x00000024   Code   RO         2622    i.nrf_gpio_cfg      nrf_drv_spi.o
    0x00028664   0x00028664   0x00000012   Code   RO         1983    i.nrf_gpio_cfg_input  nrf_drv_uart.o
    0x00028676   0x00028676   0x00000014   Code   RO         1984    i.nrf_gpio_cfg_output  nrf_drv_uart.o
    0x0002868a   0x0002868a   0x00000014   Code   RO         2623    i.nrf_gpio_cfg_output  nrf_drv_spi.o
    0x0002869e   0x0002869e   0x00000022   Code   RO          576    i.nrf_gpio_cfg_sense_set  bsp.o
    0x000286c0   0x000286c0   0x00000022   Code   RO         1745    i.nrf_gpio_cfg_sense_set  nrf_drv_gpiote.o
    0x000286e2   0x000286e2   0x0000000e   Code   RO         2624    i.nrf_gpio_pin_set  nrf_drv_spi.o
    0x000286f0   0x000286f0   0x00000016   Code   RO          460    i.nrf_gpio_pin_write  boards.o
    0x00028706   0x00028706   0x00000002   PAD
    0x00028708   0x00028708   0x00000028   Code   RO         1746    i.nrf_gpio_ports_read  nrf_drv_gpiote.o
    0x00028730   0x00028730   0x00000014   Code   RO         1747    i.nrf_gpiote_event_clear  nrf_drv_gpiote.o
    0x00028744   0x00028744   0x00000010   Code   RO         1748    i.nrf_gpiote_event_is_set  nrf_drv_gpiote.o
    0x00028754   0x00028754   0x00000014   Code   RO         2749    i.nrf_power_event_get_and_clear  nrf_drv_power.o
    0x00028768   0x00028768   0x00000014   Code   RO         4598    i.nrf_sdh_ble_app_ram_start_get  nrf_sdh_ble.o
    0x0002877c   0x0002877c   0x000000a0   Code   RO         4599    i.nrf_sdh_ble_default_cfg_set  nrf_sdh_ble.o
    0x0002881c   0x0002881c   0x00000004   Code   RO         4600    i.nrf_sdh_ble_enable  nrf_sdh_ble.o
    0x00028820   0x00028820   0x00000050   Code   RO         4601    i.nrf_sdh_ble_evts_poll  nrf_sdh_ble.o
    0x00028870   0x00028870   0x00000040   Code   RO         4482    i.nrf_sdh_disable_request  nrf_sdh.o
    0x000288b0   0x000288b0   0x00000058   Code   RO         4483    i.nrf_sdh_enable_request  nrf_sdh.o
    0x00028908   0x00028908   0x00000024   Code   RO         4484    i.nrf_sdh_evts_poll  nrf_sdh.o
    0x0002892c   0x0002892c   0x0000000c   Code   RO         4485    i.nrf_sdh_is_enabled  nrf_sdh.o
    0x00028938   0x00028938   0x0000001c   Code   RO         4487    i.nrf_sdh_request_continue  nrf_sdh.o
    0x00028954   0x00028954   0x0000003c   Code   RO         4648    i.nrf_sdh_soc_evts_poll  nrf_sdh_soc.o
    0x00028990   0x00028990   0x0000000a   Code   RO         3975    i.nrf_section_iter_init  nrf_section_iter.o
    0x0002899a   0x0002899a   0x00000024   Code   RO         3976    i.nrf_section_iter_item_set  nrf_section_iter.o
    0x000289be   0x000289be   0x00000020   Code   RO         3977    i.nrf_section_iter_next  nrf_section_iter.o
    0x000289de   0x000289de   0x0000000a   Code   RO         2625    i.nrf_spim_event_check  nrf_drv_spi.o
    0x000289e8   0x000289e8   0x0000000a   Code   RO         1985    i.nrf_uart_event_check  nrf_drv_uart.o
    0x000289f2   0x000289f2   0x0000000c   Code   RO         1986    i.nrf_uart_event_clear  nrf_drv_uart.o
    0x000289fe   0x000289fe   0x0000000c   Code   RO         1987    i.nrf_uart_int_enable_check  nrf_drv_uart.o
    0x00028a0a   0x00028a0a   0x0000000a   Code   RO         1988    i.nrf_uarte_event_check  nrf_drv_uart.o
    0x00028a14   0x00028a14   0x0000000c   Code   RO         1989    i.nrf_uarte_event_clear  nrf_drv_uart.o
    0x00028a20   0x00028a20   0x00000018   Code   RO         2244    i.null_ptr_check    bmi160.o
    0x00028a38   0x00028a38   0x00000068   Code   RO           20    i.nus_data_handler  main.o
    0x00028aa0   0x00028aa0   0x00000024   Code   RO           21    i.on_adv_evt        main.o
    0x00028ac4   0x00028ac4   0x0000001c   Code   RO           22    i.on_conn_params_evt  main.o
    0x00028ae0   0x00028ae0   0x00000062   Code   RO         1217    i.on_connected_evt  nrf_ble_gatt.o
    0x00028b42   0x00028b42   0x00000002   PAD
    0x00028b44   0x00028b44   0x00000018   Code   RO         1749    i.pin_in_use_by_port  nrf_drv_gpiote.o
    0x00028b5c   0x00028b5c   0x00000018   Code   RO         1750    i.pin_in_use_by_te  nrf_drv_gpiote.o
    0x00028b74   0x00028b74   0x00000064   Code   RO         2246    i.process_under_sampling  bmi160.o
    0x00028bd8   0x00028bd8   0x00000088   Code   RO         3717    i.queue_process     nrf_fstorage_sd.o
    0x00028c60   0x00028c60   0x0000003c   Code   RO         3112    i.rtc1_stop         app_timer.o
    0x00028c9c   0x00028c9c   0x00000032   Code   RO         1991    i.rx_byte           nrf_drv_uart.o
    0x00028cce   0x00028cce   0x000000a2   Code   RO         1299    i.rx_char_add       ble_nus.o
    0x00028d70   0x00028d70   0x00000018   Code   RO         1992    i.rx_done_event     nrf_drv_uart.o
    0x00028d88   0x00028d88   0x00000020   Code   RO         1993    i.rx_enable         nrf_drv_uart.o
    0x00028da8   0x00028da8   0x00000040   Code   RO         4490    i.sd_nvic_DisableIRQ  nrf_sdh.o
    0x00028de8   0x00028de8   0x00000070   Code   RO         4491    i.sd_nvic_EnableIRQ  nrf_sdh.o
    0x00028e58   0x00028e58   0x00000054   Code   RO         1451    i.sd_state_evt_handler  nrf_drv_clock.o
    0x00028eac   0x00028eac   0x00000030   Code   RO         4492    i.sdh_request_observer_notify  nrf_sdh.o
    0x00028edc   0x00028edc   0x0000002c   Code   RO         4493    i.sdh_state_observer_notify  nrf_sdh.o
    0x00028f08   0x00028f08   0x00000044   Code   RO         4084    i.sdk_mapped_flags_bulk_update_by_key  sdk_mapped_flags.o
    0x00028f4c   0x00028f4c   0x00000022   Code   RO         4085    i.sdk_mapped_flags_first_key_index_get  sdk_mapped_flags.o
    0x00028f6e   0x00028f6e   0x00000010   Code   RO         4086    i.sdk_mapped_flags_get_by_index  sdk_mapped_flags.o
    0x00028f7e   0x00028f7e   0x0000004a   Code   RO         4089    i.sdk_mapped_flags_key_list_get  sdk_mapped_flags.o
    0x00028fc8   0x00028fc8   0x0000000e   Code   RO         4091    i.sdk_mapped_flags_update_by_key  sdk_mapped_flags.o
    0x00028fd6   0x00028fd6   0x00000002   PAD
    0x00028fd8   0x00028fd8   0x00000010   Code   RO          929    i.send_error_evt    ble_conn_params.o
    0x00028fe8   0x00028fe8   0x00000098   Code   RO           23    i.sensor_config     main.o
    0x00029080   0x00029080   0x00000088   Code   RO          773    i.service_data_encode  ble_advdata.o
    0x00029108   0x00029108   0x00000104   Code   RO         2247    i.set_accel_flat_detect_int  bmi160.o
    0x0002920c   0x0002920c   0x00000090   Code   RO         2248    i.set_accel_gyro_data_ready_int  bmi160.o
    0x0002929c   0x0002929c   0x00000140   Code   RO         2249    i.set_accel_high_g_int  bmi160.o
    0x000293dc   0x000293dc   0x000000f6   Code   RO         2250    i.set_accel_low_g_int  bmi160.o
    0x000294d2   0x000294d2   0x0000007e   Code   RO         2251    i.set_accel_no_motion_int  bmi160.o
    0x00029550   0x00029550   0x000000c0   Code   RO         2252    i.set_accel_orientation_int  bmi160.o
    0x00029610   0x00029610   0x000000c6   Code   RO         2253    i.set_accel_sig_motion_int  bmi160.o
    0x000296d6   0x000296d6   0x00000078   Code   RO         2254    i.set_accel_step_detect_int  bmi160.o
    0x0002974e   0x0002974e   0x00000002   PAD
    0x00029750   0x00029750   0x000000d8   Code   RO         2255    i.set_accel_tap_int  bmi160.o
    0x00029828   0x00029828   0x0000008c   Code   RO         2256    i.set_fifo_full_int  bmi160.o
    0x000298b4   0x000298b4   0x00000094   Code   RO         2257    i.set_fifo_watermark_int  bmi160.o
    0x00029948   0x00029948   0x0000001c   Code   RO         2258    i.set_intr_pin_config  bmi160.o
    0x00029964   0x00029964   0x00000028   Code   RO           24    i.sleep_mode_enter  main.o
    0x0002998c   0x0002998c   0x0000000a   Code   RO         1452    i.soc_evt_handler   nrf_drv_clock.o
    0x00029996   0x00029996   0x00000002   PAD
    0x00029998   0x00029998   0x00000040   Code   RO           25    i.spi_config        main.o
    0x000299d8   0x000299d8   0x0000000c   Code   RO           26    i.spi_event_handler  main.o
    0x000299e4   0x000299e4   0x000000b2   Code   RO         2626    i.spim_xfer         nrf_drv_spi.o
    0x00029a96   0x00029a96   0x00000002   PAD
    0x00029a98   0x00029a98   0x00000080   Code   RO         3113    i.timer_list_handler  app_timer.o
    0x00029b18   0x00029b18   0x0000003c   Code   RO         3114    i.timer_list_insert  app_timer.o
    0x00029b54   0x00029b54   0x00000060   Code   RO         3115    i.timer_list_remove  app_timer.o
    0x00029bb4   0x00029bb4   0x00000048   Code   RO         3116    i.timer_stop_op_schedule  app_timer.o
    0x00029bfc   0x00029bfc   0x00000074   Code   RO         3117    i.timer_timeouts_check  app_timer.o
    0x00029c70   0x00029c70   0x00000020   Code   RO         1994    i.tx_byte           nrf_drv_uart.o
    0x00029c90   0x00029c90   0x000000da   Code   RO         1300    i.tx_char_add       ble_nus.o
    0x00029d6a   0x00029d6a   0x0000001c   Code   RO         1995    i.tx_done_event     nrf_drv_uart.o
    0x00029d86   0x00029d86   0x00000002   PAD
    0x00029d88   0x00029d88   0x0000006c   Code   RO           27    i.uart_event_handle  main.o
    0x00029df4   0x00029df4   0x000000a0   Code   RO         3267    i.uart_event_handler  app_uart_fifo.o
    0x00029e94   0x00029e94   0x0000011e   Code   RO         1996    i.uart_irq_handler  nrf_drv_uart.o
    0x00029fb2   0x00029fb2   0x000000f0   Code   RO         1997    i.uarte_irq_handler  nrf_drv_uart.o
    0x0002a0a2   0x0002a0a2   0x0000000a   Code   RO          774    i.uint16_encode     ble_advdata.o
    0x0002a0ac   0x0002a0ac   0x00000042   Code   RO         2262    i.unpack_gyro_data  bmi160.o
    0x0002a0ee   0x0002a0ee   0x000000fa   Code   RO         2263    i.unpack_gyro_frame  bmi160.o
    0x0002a1e8   0x0002a1e8   0x0000002a   Code   RO         2264    i.unpack_sensortime_frame  bmi160.o
    0x0002a212   0x0002a212   0x0000001c   Code   RO         2265    i.unpack_skipped_frame  bmi160.o
    0x0002a22e   0x0002a22e   0x00000002   PAD
    0x0002a230   0x0002a230   0x00000068   Code   RO          930    i.update_timeout_handler  ble_conn_params.o
    0x0002a298   0x0002a298   0x00000030   Code   RO         3118    i.user_op_alloc     app_timer.o
    0x0002a2c8   0x0002a2c8   0x00000030   Code   RO          775    i.uuid_list_encode  ble_advdata.o
    0x0002a2f8   0x0002a2f8   0x0000009e   Code   RO          776    i.uuid_list_sized_encode  ble_advdata.o
    0x0002a396   0x0002a396   0x00000002   PAD
    0x0002a398   0x0002a398   0x0000011c   Data   RO           31    .constdata          main.o
    0x0002a4b4   0x0002a4b4   0x00000008   Data   RO          461    .constdata          boards.o
    0x0002a4bc   0x0002a4bc   0x0000002c   Data   RO          581    .constdata          bsp.o
    0x0002a4e8   0x0002a4e8   0x00000016   Data   RO         1218    .constdata          nrf_ble_gatt.o
    0x0002a4fe   0x0002a4fe   0x00000002   PAD
    0x0002a500   0x0002a500   0x00000020   Data   RO         1301    .constdata          ble_nus.o
    0x0002a520   0x0002a520   0x00000004   Data   RO         1752    .constdata          nrf_drv_gpiote.o
    0x0002a524   0x0002a524   0x0000000c   Data   RO         2628    .constdata          nrf_drv_spi.o
    0x0002a530   0x0002a530   0x00000008   Data   RO         2843    .constdata          app_button.o
    0x0002a538   0x0002a538   0x00000020   Data   RO         3269    .constdata          app_uart_fifo.o
    0x0002a558   0x0002a558   0x00000010   Data   RO         4494    .constdata          nrf_sdh.o
    0x0002a568   0x0002a568   0x00000028   Data   RO         4495    .constdata          nrf_sdh.o
    0x0002a590   0x0002a590   0x00000010   Data   RO         4496    .constdata          nrf_sdh.o
    0x0002a5a0   0x0002a5a0   0x00000010   Data   RO         4497    .constdata          nrf_sdh.o
    0x0002a5b0   0x0002a5b0   0x00000018   Data   RO         4602    .constdata          nrf_sdh_ble.o
    0x0002a5c8   0x0002a5c8   0x00000014   Data   RO         4603    .constdata          nrf_sdh_ble.o
    0x0002a5dc   0x0002a5dc   0x00000010   Data   RO         4649    .constdata          nrf_sdh_soc.o
    0x0002a5ec   0x0002a5ec   0x0000000c   Data   RO         4650    .constdata          nrf_sdh_soc.o
    0x0002a5f8   0x0002a5f8   0x00000081   Data   RO         5173    .constdata          mc_w.l(ctype_o.o)
    0x0002a679   0x0002a679   0x00000003   PAD
    0x0002a67c   0x0002a67c   0x00000004   Data   RO         5174    .constdata          mc_w.l(ctype_o.o)
    0x0002a680   0x0002a680   0x00000020   Data   RO         5204    Region$$Table       anon$$obj.o
    0x0002a6a0   0x0002a6a0   0x00000008   Data   RO         1019    sdh_ble_observers0  ble_conn_state.o
    0x0002a6a8   0x0002a6a8   0x00000008   Data   RO           34    sdh_ble_observers1  main.o
    0x0002a6b0   0x0002a6b0   0x00000008   Data   RO          687    sdh_ble_observers1  bsp_btn_ble.o
    0x0002a6b8   0x0002a6b8   0x00000018   Data   RO           35    sdh_ble_observers2  main.o
    0x0002a6d0   0x0002a6d0   0x00000008   Data   RO          933    sdh_ble_observers2  ble_conn_params.o
    0x0002a6d8   0x0002a6d8   0x00000008   Data   RO         3726    sdh_req_observers0  nrf_fstorage_sd.o
    0x0002a6e0   0x0002a6e0   0x00000008   Data   RO         1458    sdh_soc_observers0  nrf_drv_clock.o
    0x0002a6e8   0x0002a6e8   0x00000008   Data   RO         2752    sdh_soc_observers0  nrf_drv_power.o
    0x0002a6f0   0x0002a6f0   0x00000008   Data   RO         3727    sdh_soc_observers0  nrf_fstorage_sd.o
    0x0002a6f8   0x0002a6f8   0x00000008   Data   RO           36    sdh_soc_observers1  main.o
    0x0002a700   0x0002a700   0x00000008   Data   RO         4604    sdh_stack_observers0  nrf_sdh_ble.o
    0x0002a708   0x0002a708   0x00000008   Data   RO         4651    sdh_stack_observers0  nrf_sdh_soc.o
    0x0002a710   0x0002a710   0x00000008   Data   RO         1459    sdh_state_observers0  nrf_drv_clock.o
    0x0002a718   0x0002a718   0x00000008   Data   RO         2753    sdh_state_observers0  nrf_drv_power.o
    0x0002a720   0x0002a720   0x00000008   Data   RO         3728    sdh_state_observers0  nrf_fstorage_sd.o


    Execution Region RW_IRAM1 (Exec base: 0x20002a68, Load base: 0x0002a728, Size: 0x00005c98, Max: 0x0000d598, ABSOLUTE)

    Exec Addr    Load Addr    Size         Type   Attr      Idx    E Section Name        Object

    0x20002a68   0x0002a728   0x0000001c   Data   RW           33    .data               main.o
    0x20002a84   0x0002a744   0x00000010   Data   RW          582    .data               bsp.o
    0x20002a94   0x0002a754   0x00000008   Data   RW          686    .data               bsp_btn_ble.o
    0x20002a9c   0x0002a75c   0x00000008   Data   RW          932    .data               ble_conn_params.o
    0x20002aa4   0x0002a764   0x00000020   Data   RW         1614    .data               nrf_drv_common.o
    0x20002ac4   0x0002a784   0x0000000c   Data   RW         2751    .data               nrf_drv_power.o
    0x20002ad0   0x0002a790   0x00000014   Data   RW         2844    .data               app_button.o
    0x20002ae4   0x0002a7a4   0x00000014   Data   RW         3120    .data               app_timer.o
    0x20002af8   0x0002a7b8   0x00000010   Data   RW         3270    .data               app_uart_fifo.o
    0x20002b08   0x0002a7c8   0x00000008   Data   RW         3725    .data               nrf_fstorage_sd.o
    0x20002b10   0x0002a7d0   0x00000004   Data   RW         4048    .data               retarget.o
    0x20002b14   0x0002a7d4   0x00000003   Data   RW         4498    .data               nrf_sdh.o
    0x20002b17   0x0002a7d7   0x00000001   PAD
    0x20002b18   0x0002a7d8   0x00000004   Data   RW         4689    .data               system_nrf52.o
    0x20002b1c   0x0002a7dc   0x00000004   Data   RW         5144    .data               mc_w.l(mvars.o)
    0x20002b20   0x0002a7e0   0x00000004   Data   RW         5145    .data               mc_w.l(mvars.o)
    0x20002b24   0x0002a7e4   0x00000004   Data   RW         5149    .data               mc_w.l(errno.o)
    0x20002b28        -       0x00001790   Zero   RW           28    .bss                main.o
    0x200042b8        -       0x00000020   Zero   RW          577    .bss                bsp.o
    0x200042d8        -       0x00000020   Zero   RW          578    .bss                bsp.o
    0x200042f8        -       0x0000000c   Zero   RW          579    .bss                bsp.o
    0x20004304        -       0x00000020   Zero   RW          580    .bss                bsp.o
    0x20004324        -       0x00000050   Zero   RW          931    .bss                ble_conn_params.o
    0x20004374        -       0x000000b8   Zero   RW         1018    .bss                ble_conn_state.o
    0x2000442c        -       0x00000014   Zero   RW         1453    .bss                nrf_drv_clock.o
    0x20004440        -       0x00000060   Zero   RW         1751    .bss                nrf_drv_gpiote.o
    0x200044a0        -       0x00000020   Zero   RW         1998    .bss                nrf_drv_uart.o
    0x200044c0        -       0x0000006c   Zero   RW         2627    .bss                nrf_drv_spi.o
    0x2000452c        -       0x00000020   Zero   RW         2842    .bss                app_button.o
    0x2000454c        -       0x0000010c   Zero   RW         3119    .bss                app_timer.o
    0x20004658        -       0x00000020   Zero   RW         3268    .bss                app_uart_fifo.o
    0x20004678        -       0x0000000c   Zero   RW         3334    .bss                app_util_platform.o
    0x20004684        -       0x00000078   Zero   RW         3722    .bss                nrf_fstorage_sd.o
    0x200046fc   0x0002a7e8   0x00000004   PAD
    0x20004700        -       0x00002000   Zero   RW         4678    HEAP                arm_startup_nrf52.o
    0x20006700        -       0x00002000   Zero   RW         4677    STACK               arm_startup_nrf52.o


==============================================================================

Image component sizes


      Code (inc. data)   RO Data    RW Data    ZI Data      Debug   Object Name

       332         34          8         20         32       4494   app_button.o
        22          0          0          0          0       2193   app_error.o
        48         10          0          0          0      27345   app_error_weak.o
       118          0          0          0          0       4810   app_fifo.o
      1630        122          0         20        268      47047   app_timer.o
       452         42         32         16         32      10682   app_uart_fifo.o
       124         14          0          0         12       9326   app_util_platform.o
        36          8        512          0      16384        900   arm_startup_nrf52.o
      1330          0          0          0          0      36035   ble_advdata.o
       988          6          0          0          0      10144   ble_advertising.o
       636         44          8          8         80      11443   ble_conn_params.o
       268          6          8          0        184       3319   ble_conn_state.o
       692         10         32          0          0       7450   ble_nus.o
         8          0          0          0          0       1398   ble_srv_common.o
      6264         14          0          0          0      58212   bmi160.o
       318         42          8          0          0      12976   boards.o
       960         84         44         16        108      15003   bsp.o
       252         10          8          8          0       4636   bsp_btn_ble.o
      2634        352        324         28       6032     207446   main.o
       516          4         22          0          0      31484   nrf_ble_gatt.o
       408         40         16          0         20      40536   nrf_drv_clock.o
       238         40          0         32          0      35874   nrf_drv_common.o
      1178         84          4          0         96      29668   nrf_drv_gpiote.o
       192         16         16         12          0      15127   nrf_drv_power.o
       830         38         12          0        108      22745   nrf_drv_spi.o
      2140         66          0          0         32      41325   nrf_drv_uart.o
        80         10          0          0          0       1798   nrf_fstorage.o
       462         26         24          8        120       6631   nrf_fstorage_sd.o
       536         60         88          3          0      40632   nrf_sdh.o
       264         14         52          0          0       5212   nrf_sdh_ble.o
        60          4         36          0          0       2280   nrf_sdh_soc.o
        78          0          0          0          0       2672   nrf_section_iter.o
        14          0          0          4          0       2790   retarget.o
       206          0          0          0          0       5230   sdk_mapped_flags.o
       764         64          0          4          0       2871   system_nrf52.o

    ----------------------------------------------------------------------
     25114       1264       1288        180      23512     761734   Object Totals
         0          0         32          0          0          0   (incl. Generated)
        36          0          2          1          4          0   (incl. Padding)

    ----------------------------------------------------------------------

      Code (inc. data)   RO Data    RW Data    ZI Data      Debug   Library Member Name

      1330          6          0          0          0      19914   arm_fir_f32.o
        28          0          0          0          0       1031   arm_fir_init_f32.o
       122          0          0          0          0        148   sqrt_full.o
        28          0          0          0          0         68   _chval.o
       158          0          0          0          0         92   _strtoul.o
        26          0          0          0          0         80   atoi.o
         8          4        133          0          0         68   ctype_o.o
         0          0          0          0          0          0   entry.o
         0          0          0          0          0          0   entry10a.o
         0          0          0          0          0          0   entry11a.o
         8          4          0          0          0          0   entry2.o
         4          0          0          0          0          0   entry5.o
         0          0          0          0          0          0   entry7b.o
         0          0          0          0          0          0   entry8b.o
         8          4          0          0          0          0   entry9a.o
        20         10          0          4          0        136   errno.o
        30          0          0          0          0          0   handlers.o
        36          8          0          0          0         68   init.o
         0          0          0          0          0          0   iusefp.o
        30          0          0          0          0         68   llshl.o
        36          0          0          0          0         68   llsshr.o
        32          0          0          0          0         68   llushr.o
       188         20          0          0          0        160   malloc.o
        36          0          0          0          0         68   memcpya.o
        36          0          0          0          0        108   memseta.o
         0          0          0          8          0          0   mvars.o
       422         20          0          0          0        336   printf1.o
        14          0          0          0          0         68   strlen.o
       112          0          0          0          0         88   strtol.o
        44          0          0          0          0         80   uidiv.o
        98          0          0          0          0         92   uldiv.o
        56          0          0          0          0         88   d2f.o
       334          0          0          0          0        148   dadd.o
       222          0          0          0          0        100   ddiv.o
       186          0          0          0          0        176   depilogue.o
       162          0          0          0          0        100   dsqrt.o
        38          0          0          0          0         68   f2d.o
       110          0          0          0          0        168   fepilogue.o

    ----------------------------------------------------------------------
      3966         76        136         12          0      23657   Library Totals
         4          0          3          0          0          0   (incl. Padding)

    ----------------------------------------------------------------------

      Code (inc. data)   RO Data    RW Data    ZI Data      Debug   Library Name

      1358          6          0          0          0      20945   arm_cortexM4lf_math.lib
       122          0          0          0          0        148   m_wm.l
      1374         70        133         12          0       1716   mc_w.l
      1108          0          0          0          0        848   mf_w.l

    ----------------------------------------------------------------------
      3966         76        136         12          0      23657   Library Totals

    ----------------------------------------------------------------------

==============================================================================


      Code (inc. data)   RO Data    RW Data    ZI Data      Debug   

     29080       1340       1424        192      23512     756395   Grand Totals
     29080       1340       1424        192      23512     756395   ELF Image Totals
     29080       1340       1424        192          0          0   ROM Totals

==============================================================================

    Total RO  Size (Code + RO Data)                30504 (  29.79kB)
    Total RW  Size (RW Data + ZI Data)             23704 (  23.15kB)
    Total ROM Size (Code + RO Data + RW Data)      30696 (  29.98kB)

==============================================================================

