<html>
<body>
<pre>
<h1>µVision Build Log</h1>
<h2>Tool Versions:</h2>
IDE-Version: ¦ÌVision V5.24.2.0
Copyright (C) 2017 ARM Ltd and ARM Germany GmbH. All rights reserved.
License Information: Yuan Zhang, University of Turku, LIC=----
 
Tool Versions:
Toolchain:       MDK-Lite  Version: 5.24.1
Toolchain Path:  D:\Keil_v5\ARM\ARMCC\Bin
C Compiler:      Armcc.exe V5.06 update 5 (build 528)
Assembler:       Armasm.exe V5.06 update 5 (build 528)
Linker/Locator:  ArmLink.exe V5.06 update 5 (build 528)
Library Manager: ArmAr.exe V5.06 update 5 (build 528)
Hex Converter:   FromElf.exe V5.06 update 5 (build 528)
CPU DLL:         
Dialog DLL:      
Target DLL:      Segger\JL2CM3.dll V2.99.26.0
Dialog DLL:      TCM.DLL V1.32.0.0
 
<h2>Project:</h2>
D:\iGit\IoTProgramming\examples\peripheral\template_project3\pca10040\blank\arm5_no_packs\template_pca10040.uvprojx
Project File Date:  09/28/2017

<h2>Output:</h2>
*** Using Compiler 'V5.06 update 5 (build 528)', folder: 'D:\Keil_v5\ARM\ARMCC\Bin'
Build target 'nrf52832_xxaa'
compiling main.c...
compiling boards.c...
compiling nrf_drv_spis.c...
compiling bsp_nfc.c...
compiling nrf_drv_clock.c...
compiling bsp.c...
compiling nrf_drv_common.c...
compiling nrf_drv_comp.c...
compiling nrf_drv_gpiote.c...
compiling nrf_drv_i2s.c...
compiling nrf_drv_lpcomp.c...
compiling nrf_drv_pdm.c...
compiling nrf_drv_power.c...
compiling nrf_drv_ppi.c...
compiling nrf_drv_pwm.c...
compiling nrf_drv_rng.c...
compiling nrf_drv_rtc.c...
compiling nrf_drv_qdec.c...
compiling nrf_drv_swi.c...
compiling nrf_drv_spi.c...
compiling nrf_drv_saadc.c...
compiling nrf_drv_timer.c...
compiling nrf_drv_twis.c...
compiling nrf_drv_twi.c...
compiling nrf_saadc.c...
compiling nrf_drv_wdt.c...
compiling nrf_drv_uart.c...
compiling app_error.c...
compiling app_button.c...
compiling app_error_weak.c...
compiling app_fifo.c...
compiling app_scheduler.c...
compiling app_gpiote.c...
compiling app_pwm.c...
compiling app_twi.c...
compiling app_timer.c...
compiling app_uart_fifo.c...
compiling crc16.c...
compiling app_util_platform.c...
compiling crc32.c...
compiling hardfault_handler_keil.c...
compiling hci_mem_pool.c...
compiling hardfault_implementation.c...
compiling hci_slip.c...
compiling led_softblink.c...
compiling hci_transport.c...
compiling nrf_assert.c...
compiling mem_manager.c...
compiling low_power_pwm.c...
compiling nrf_balloc.c...
compiling nrf_cli_uart.c...
compiling nrf_cli.c...
compiling nrf_csense.c...
compiling nrf_fprintf.c...
compiling nrf_fprintf_format.c...
compiling nrf_drv_csense.c...
compiling nrf_memobj.c...
compiling nrf_pwr_mgmt.c...
compiling nrf_queue.c...
compiling nrf_strerror.c...
compiling nrf_section_iter.c...
compiling nrf_ringbuf.c...
compiling nrf_log_str_formatter.c...
compiling slip.c...
compiling nrf_log_frontend.c...
linking...
Program Size: Code=10964 RO-data=1460 RW-data=124 ZI-data=8828  
FromELF: creating hex file...
".\_build\nrf52832_xxaa.axf" - 0 Error(s), 0 Warning(s).

<h2>Software Packages used:</h2>

Package Vendor: ARM
                http://www.keil.com/pack/ARM.CMSIS.4.5.0.pack
                ARM.CMSIS.4.5.0
                CMSIS (Cortex Microcontroller Software Interface Standard)
   * Component: CORE Version: 4.3.0

Package Vendor: NordicSemiconductor
                http://developer.nordicsemi.com/nRF5_SDK/pieces/nRF_DeviceFamilyPack/NordicSemiconductor.nRF_DeviceFamilyPack.8.14.1.pack
                NordicSemiconductor.nRF_DeviceFamilyPack.8.14.1
                Nordic Semiconductor nRF ARM devices Device Family Pack.
   * Component: Startup Version: 8.14.1

<h2>Collection of Component include folders:</h2>
  .\RTE\_nrf52832_xxaa
  D:\Keil_v5\ARM\PACK\ARM\CMSIS\4.5.0\CMSIS\Include
  D:\Keil_v5\ARM\PACK\NordicSemiconductor\nRF_DeviceFamilyPack\8.14.1\Device\Include

<h2>Collection of Component Files used:</h2>

   * Component: NordicSemiconductor::Device:Startup:8.14.1
      Source file:   Device\Source\system_nrf52.c
      Include file:  Device\Include\system_nrf52.h
      Source file:   Device\Source\arm\arm_startup_nrf52.s

   * Component: ARM::CMSIS:CORE:4.3.0
Build Time Elapsed:  00:00:32
</pre>
</body>
</html>
