Component: ARM Compiler 5.06 update 5 (build 528) Tool: armlink [4d35e2]

==============================================================================

Section Cross References

    main.o(i.advertising_start) refers to peer_manager.o(i.pm_peers_delete) for pm_peers_delete
    main.o(i.advertising_start) refers to ble_advertising.o(i.ble_advertising_start) for ble_advertising_start
    main.o(i.advertising_start) refers to app_error.o(i.app_error_handler_bare) for app_error_handler_bare
    main.o(i.advertising_start) refers to main.o(.bss) for .bss
    main.o(i.assert_nrf_callback) refers to app_error.o(i.app_error_handler) for app_error_handler
    main.o(i.ble_evt_handler) refers to bsp.o(i.bsp_indication_set) for bsp_indication_set
    main.o(i.ble_evt_handler) refers to app_error.o(i.app_error_handler_bare) for app_error_handler_bare
    main.o(i.ble_evt_handler) refers to memcpya.o(.text) for __aeabi_memcpy
    main.o(i.ble_evt_handler) refers to main.o(.data) for .data
    main.o(i.bsp_event_handler) refers to main.o(i.temperature_measurement_send) for temperature_measurement_send
    main.o(i.bsp_event_handler) refers to main.o(i.sleep_mode_enter) for sleep_mode_enter
    main.o(i.bsp_event_handler) refers to app_error.o(i.app_error_handler_bare) for app_error_handler_bare
    main.o(i.bsp_event_handler) refers to ble_advertising.o(i.ble_advertising_restart_without_whitelist) for ble_advertising_restart_without_whitelist
    main.o(i.bsp_event_handler) refers to main.o(.data) for .data
    main.o(i.bsp_event_handler) refers to main.o(.bss) for .bss
    main.o(i.conn_params_error_handler) refers to app_error.o(i.app_error_handler_bare) for app_error_handler_bare
    main.o(i.generate_temperature) refers to main.o(.data) for .data
    main.o(i.main) refers to app_timer.o(i.app_timer_init) for app_timer_init
    main.o(i.main) refers to app_error.o(i.app_error_handler_bare) for app_error_handler_bare
    main.o(i.main) refers to bsp.o(i.bsp_init) for bsp_init
    main.o(i.main) refers to bsp_btn_ble.o(i.bsp_btn_ble_init) for bsp_btn_ble_init
    main.o(i.main) refers to nrf_sdh.o(i.nrf_sdh_enable_request) for nrf_sdh_enable_request
    main.o(i.main) refers to nrf_sdh_ble.o(i.nrf_sdh_ble_default_cfg_set) for nrf_sdh_ble_default_cfg_set
    main.o(i.main) refers to nrf_sdh_ble.o(i.nrf_sdh_ble_enable) for nrf_sdh_ble_enable
    main.o(i.main) refers to nrf_ble_gatt.o(i.nrf_ble_gatt_init) for nrf_ble_gatt_init
    main.o(i.main) refers to memseta.o(.text) for __aeabi_memclr4
    main.o(i.main) refers to ble_advertising.o(i.ble_advertising_init) for ble_advertising_init
    main.o(i.main) refers to ble_advertising.o(i.ble_advertising_conn_cfg_tag_set) for ble_advertising_conn_cfg_tag_set
    main.o(i.main) refers to main.o(i.services_init) for services_init
    main.o(i.main) refers to ble_conn_params.o(i.ble_conn_params_init) for ble_conn_params_init
    main.o(i.main) refers to main.o(i.peer_manager_init) for peer_manager_init
    main.o(i.main) refers to main.o(i.advertising_start) for advertising_start
    main.o(i.main) refers to main.o(i.bsp_event_handler) for bsp_event_handler
    main.o(i.main) refers to main.o(.bss) for .bss
    main.o(i.main) refers to main.o(.data) for .data
    main.o(i.main) refers to main.o(i.on_adv_evt) for on_adv_evt
    main.o(i.main) refers to main.o(i.on_conn_params_evt) for on_conn_params_evt
    main.o(i.main) refers to main.o(i.conn_params_error_handler) for conn_params_error_handler
    main.o(i.on_adv_evt) refers to bsp.o(i.bsp_indication_set) for bsp_indication_set
    main.o(i.on_adv_evt) refers to app_error.o(i.app_error_handler_bare) for app_error_handler_bare
    main.o(i.on_adv_evt) refers to main.o(i.sleep_mode_enter) for sleep_mode_enter
    main.o(i.on_conn_params_evt) refers to app_error.o(i.app_error_handler_bare) for app_error_handler_bare
    main.o(i.on_conn_params_evt) refers to main.o(.data) for .data
    main.o(i.on_hts_evt) refers to main.o(i.temperature_measurement_send) for temperature_measurement_send
    main.o(i.on_hts_evt) refers to main.o(.data) for .data
    main.o(i.peer_manager_init) refers to peer_manager.o(i.pm_init) for pm_init
    main.o(i.peer_manager_init) refers to app_error.o(i.app_error_handler_bare) for app_error_handler_bare
    main.o(i.peer_manager_init) refers to peer_manager.o(i.pm_sec_params_set) for pm_sec_params_set
    main.o(i.peer_manager_init) refers to peer_manager.o(i.pm_register) for pm_register
    main.o(i.peer_manager_init) refers to main.o(i.pm_evt_handler) for pm_evt_handler
    main.o(i.pm_evt_handler) refers to peer_manager.o(i.pm_conn_sec_config_reply) for pm_conn_sec_config_reply
    main.o(i.pm_evt_handler) refers to fds.o(i.fds_gc) for fds_gc
    main.o(i.pm_evt_handler) refers to app_error.o(i.app_error_handler_bare) for app_error_handler_bare
    main.o(i.pm_evt_handler) refers to main.o(i.advertising_start) for advertising_start
[...]
    sdh_stack_observers1$$Base                - Undefined Reference
    sdh_stack_observers1$$Limit               - Undefined Reference
    sdh_state_observers1$$Base                - Undefined Reference
    sdh_state_observers1$$Limit               - Undefined Reference
    __Vectors_Size                           0x00000200   Number         0  arm_startup_nrf52.o ABSOLUTE
    __Vectors                                0x00023000   Data           4  arm_startup_nrf52.o(RESET)
    __Vectors_End                            0x00023200   Data           0  arm_startup_nrf52.o(RESET)
    __main                                   0x00023201   Thumb Code     0  entry.o(.ARM.Collect$$$$00000000)
    _main_stk                                0x00023201   Thumb Code     0  entry2.o(.ARM.Collect$$$$00000001)
    _main_scatterload                        0x00023205   Thumb Code     0  entry5.o(.ARM.Collect$$$$00000004)
    __main_after_scatterload                 0x00023209   Thumb Code     0  entry5.o(.ARM.Collect$$$$00000004)
    _main_clock                              0x00023209   Thumb Code     0  entry7b.o(.ARM.Collect$$$$00000008)
    _main_cpp_init                           0x00023209   Thumb Code     0  entry8b.o(.ARM.Collect$$$$0000000A)
    _main_init                               0x00023209   Thumb Code     0  entry9a.o(.ARM.Collect$$$$0000000B)
    __rt_final_cpp                           0x00023211   Thumb Code     0  entry10a.o(.ARM.Collect$$$$0000000D)
    __rt_final_exit                          0x00023211   Thumb Code     0  entry11a.o(.ARM.Collect$$$$0000000F)
    Reset_Handler                            0x00023215   Thumb Code     8  arm_startup_nrf52.o(.text)
    NMI_Handler                              0x0002321d   Thumb Code     2  arm_startup_nrf52.o(.text)
    HardFault_Handler                        0x0002321f   Thumb Code     2  arm_startup_nrf52.o(.text)
    MemoryManagement_Handler                 0x00023221   Thumb Code     2  arm_startup_nrf52.o(.text)
    BusFault_Handler                         0x00023223   Thumb Code     2  arm_startup_nrf52.o(.text)
    UsageFault_Handler                       0x00023225   Thumb Code     2  arm_startup_nrf52.o(.text)
    SVC_Handler                              0x00023227   Thumb Code     2  arm_startup_nrf52.o(.text)
    DebugMon_Handler                         0x00023229   Thumb Code     2  arm_startup_nrf52.o(.text)
    PendSV_Handler                           0x0002322b   Thumb Code     2  arm_startup_nrf52.o(.text)
    SysTick_Handler                          0x0002322d   Thumb Code     2  arm_startup_nrf52.o(.text)
    CCM_AAR_IRQHandler                       0x0002322f   Thumb Code     0  arm_startup_nrf52.o(.text)
    COMP_LPCOMP_IRQHandler                   0x0002322f   Thumb Code     0  arm_startup_nrf52.o(.text)
    ECB_IRQHandler                           0x0002322f   Thumb Code     0  arm_startup_nrf52.o(.text)
    FPU_IRQHandler                           0x0002322f   Thumb Code     0  arm_startup_nrf52.o(.text)
    I2S_IRQHandler                           0x0002322f   Thumb Code     0  arm_startup_nrf52.o(.text)
    MWU_IRQHandler                           0x0002322f   Thumb Code     0  arm_startup_nrf52.o(.text)
    NFCT_IRQHandler                          0x0002322f   Thumb Code     0  arm_startup_nrf52.o(.text)
    PDM_IRQHandler                           0x0002322f   Thumb Code     0  arm_startup_nrf52.o(.text)
    PWM0_IRQHandler                          0x0002322f   Thumb Code     0  arm_startup_nrf52.o(.text)
    PWM1_IRQHandler                          0x0002322f   Thumb Code     0  arm_startup_nrf52.o(.text)
    PWM2_IRQHandler                          0x0002322f   Thumb Code     0  arm_startup_nrf52.o(.text)
    QDEC_IRQHandler                          0x0002322f   Thumb Code     0  arm_startup_nrf52.o(.text)
    RADIO_IRQHandler                         0x0002322f   Thumb Code     0  arm_startup_nrf52.o(.text)
    RNG_IRQHandler                           0x0002322f   Thumb Code     0  arm_startup_nrf52.o(.text)
    RTC0_IRQHandler                          0x0002322f   Thumb Code     0  arm_startup_nrf52.o(.text)
    RTC2_IRQHandler                          0x0002322f   Thumb Code     0  arm_startup_nrf52.o(.text)
    SAADC_IRQHandler                         0x0002322f   Thumb Code     0  arm_startup_nrf52.o(.text)
    SPIM0_SPIS0_TWIM0_TWIS0_SPI0_TWI0_IRQHandler 0x0002322f   Thumb Code     0  arm_startup_nrf52.o(.text)
    SPIM1_SPIS1_TWIM1_TWIS1_SPI1_TWI1_IRQHandler 0x0002322f   Thumb Code     0  arm_startup_nrf52.o(.text)
    SPIM2_SPIS2_SPI2_IRQHandler              0x0002322f   Thumb Code     0  arm_startup_nrf52.o(.text)
    SWI1_EGU1_IRQHandler                     0x0002322f   Thumb Code     0  arm_startup_nrf52.o(.text)
    SWI3_EGU3_IRQHandler                     0x0002322f   Thumb Code     0  arm_startup_nrf52.o(.text)
    SWI4_EGU4_IRQHandler                     0x0002322f   Thumb Code     0  arm_startup_nrf52.o(.text)
    SWI5_EGU5_IRQHandler                     0x0002322f   Thumb Code     0  arm_startup_nrf52.o(.text)
    TEMP_IRQHandler                          0x0002322f   Thumb Code     0  arm_startup_nrf52.o(.text)
    TIMER0_IRQHandler                        0x0002322f   Thumb Code     0  arm_startup_nrf52.o(.text)
    TIMER1_IRQHandler                        0x0002322f   Thumb Code     0  arm_startup_nrf52.o(.text)
    TIMER2_IRQHandler                        0x0002322f   Thumb Code     0  arm_startup_nrf52.o(.text)
    TIMER3_IRQHandler                        0x0002322f   Thumb Code     0  arm_startup_nrf52.o(.text)
    TIMER4_IRQHandler                        0x0002322f   Thumb Code     0  arm_startup_nrf52.o(.text)
    UARTE0_UART0_IRQHandler                  0x0002322f   Thumb Code     0  arm_startup_nrf52.o(.text)
    WDT_IRQHandler                           0x0002322f   Thumb Code     0  arm_startup_nrf52.o(.text)
    __aeabi_uldivmod                         0x00023239   Thumb Code    98  uldiv.o(.text)
    __aeabi_memcpy                           0x0002329b   Thumb Code    36  memcpya.o(.text)
    __aeabi_memcpy4                          0x0002329b   Thumb Code     0  memcpya.o(.text)
    __aeabi_memcpy8                          0x0002329b   Thumb Code     0  memcpya.o(.text)
    __aeabi_memset                           0x000232bf   Thumb Code    14  memseta.o(.text)
    __aeabi_memset4                          0x000232bf   Thumb Code     0  memseta.o(.text)
    __aeabi_memset8                          0x000232bf   Thumb Code     0  memseta.o(.text)
    __aeabi_memclr                           0x000232cd   Thumb Code     4  memseta.o(.text)
    __aeabi_memclr4                          0x000232cd   Thumb Code     0  memseta.o(.text)
    __aeabi_memclr8                          0x000232cd   Thumb Code     0  memseta.o(.text)
    _memset$wrapper                          0x000232d1   Thumb Code    18  memseta.o(.text)
    memcmp                                   0x000232e3   Thumb Code    26  memcmp.o(.text)
    __aeabi_llsl                             0x000232fd   Thumb Code    30  llshl.o(.text)
    _ll_shift_l                              0x000232fd   Thumb Code     0  llshl.o(.text)
    __aeabi_llsr                             0x0002331b   Thumb Code    32  llushr.o(.text)
    _ll_ushift_r                             0x0002331b   Thumb Code     0  llushr.o(.text)
    __scatterload                            0x0002333d   Thumb Code    28  init.o(.text)
    __scatterload_rt2                        0x0002333d   Thumb Code     0  init.o(.text)
    GPIOTE_IRQHandler                        0x00023361   Thumb Code   362  nrf_drv_gpiote.o(i.GPIOTE_IRQHandler)
    POWER_CLOCK_IRQHandler                   0x00023539   Thumb Code    84  nrf_drv_clock.o(i.POWER_CLOCK_IRQHandler)
    RTC1_IRQHandler                          0x00023591   Thumb Code    32  app_timer.o(i.RTC1_IRQHandler)
    SWI0_EGU0_IRQHandler                     0x000235b5   Thumb Code     4  app_timer.o(i.SWI0_EGU0_IRQHandler)
    SWI2_EGU2_IRQHandler                     0x000235b9   Thumb Code     4  nrf_sdh.o(i.SWI2_EGU2_IRQHandler)
    SystemInit                               0x000235bd   Thumb Code   700  system_nrf52.o(i.SystemInit)
    __scatterload_copy                       0x000238b9   Thumb Code    14  handlers.o(i.__scatterload_copy)
    __scatterload_null                       0x000238c7   Thumb Code     2  handlers.o(i.__scatterload_null)
    __scatterload_zeroinit                   0x000238c9   Thumb Code    14  handlers.o(i.__scatterload_zeroinit)
    addr_compare                             0x000238fd   Thumb Code    38  id_manager.o(i.addr_compare)
    ah                                       0x000239a1   Thumb Code    82  id_manager.o(i.ah)
    app_button_enable                        0x000239f9   Thumb Code    32  app_button.o(i.app_button_enable)
    app_button_init                          0x00023a1d   Thumb Code    96  app_button.o(i.app_button_init)
    app_error_fault_handler                  0x00023a8d   Thumb Code    38  app_error_weak.o(i.app_error_fault_handler)
    app_error_handler_bare                   0x00023abd   Thumb Code    22  app_error.o(i.app_error_handler_bare)
    app_timer_create                         0x00023ad5   Thumb Code    32  app_timer.o(i.app_timer_create)
    app_timer_init                           0x00023af9   Thumb Code    70  app_timer.o(i.app_timer_init)
    app_timer_start                          0x00023b4d   Thumb Code   128  app_timer.o(i.app_timer_start)
    app_timer_stop                           0x00023bd5   Thumb Code    26  app_timer.o(i.app_timer_stop)
    app_util_critical_region_enter           0x00023bf5   Thumb Code    64  app_util_platform.o(i.app_util_critical_region_enter)
    app_util_critical_region_exit            0x00023c3d   Thumb Code    46  app_util_platform.o(i.app_util_critical_region_exit)
    ble_advdata_encode                       0x00023e5f   Thumb Code   386  ble_advdata.o(i.ble_advdata_encode)
    ble_advdata_set                          0x00023fe1   Thumb Code   104  ble_advdata.o(i.ble_advdata_set)
    ble_advertising_conn_cfg_tag_set         0x00024049   Thumb Code     6  ble_advertising.o(i.ble_advertising_conn_cfg_tag_set)
    ble_advertising_init                     0x0002404f   Thumb Code   310  ble_advertising.o(i.ble_advertising_init)
    ble_advertising_on_ble_evt               0x00024185   Thumb Code   104  ble_advertising.o(i.ble_advertising_on_ble_evt)
    ble_advertising_on_sys_evt               0x000241ed   Thumb Code    50  ble_advertising.o(i.ble_advertising_on_sys_evt)
    ble_advertising_restart_without_whitelist 0x0002421f   Thumb Code    60  ble_advertising.o(i.ble_advertising_restart_without_whitelist)
    ble_advertising_start                    0x0002425b   Thumb Code   458  ble_advertising.o(i.ble_advertising_start)
    ble_bas_init                             0x00024425   Thumb Code    68  ble_bas.o(i.ble_bas_init)
    ble_bas_on_ble_evt                       0x00024469   Thumb Code    94  ble_bas.o(i.ble_bas_on_ble_evt)
    ble_conn_params_init                     0x000244c9   Thumb Code    90  ble_conn_params.o(i.ble_conn_params_init)
    ble_conn_state_conn_handles              0x00024531   Thumb Code    10  ble_conn_state.o(i.ble_conn_state_conn_handles)
    ble_conn_state_encrypted                 0x00024541   Thumb Code    12  ble_conn_state.o(i.ble_conn_state_encrypted)
    ble_conn_state_mitm_protected            0x00024551   Thumb Code    12  ble_conn_state.o(i.ble_conn_state_mitm_protected)
    ble_conn_state_role                      0x00024561   Thumb Code    42  ble_conn_state.o(i.ble_conn_state_role)
    ble_conn_state_user_flag_acquire         0x00024591   Thumb Code    40  ble_conn_state.o(i.ble_conn_state_user_flag_acquire)
    ble_conn_state_user_flag_collection      0x000245bd   Thumb Code    22  ble_conn_state.o(i.ble_conn_state_user_flag_collection)
    ble_conn_state_user_flag_get             0x000245d9   Thumb Code    38  ble_conn_state.o(i.ble_conn_state_user_flag_get)
    ble_conn_state_user_flag_set             0x00024605   Thumb Code    42  ble_conn_state.o(i.ble_conn_state_user_flag_set)
    ble_hts_init                             0x000249f9   Thumb Code    78  ble_hts.o(i.ble_hts_init)
    ble_hts_measurement_send                 0x00024a47   Thumb Code    92  ble_hts.o(i.ble_hts_measurement_send)
    ble_hts_on_ble_evt                       0x00024aa3   Thumb Code   110  ble_hts.o(i.ble_hts_on_ble_evt)
    ble_srv_is_indication_enabled            0x00024b11   Thumb Code     8  ble_srv_common.o(i.ble_srv_is_indication_enabled)
    ble_srv_is_notification_enabled          0x00024b19   Thumb Code     8  ble_srv_common.o(i.ble_srv_is_notification_enabled)
    ble_srv_report_ref_encode                0x00024b21   Thumb Code    12  ble_srv_common.o(i.ble_srv_report_ref_encode)
    bsp_board_button_idx_to_pin              0x00024b2d   Thumb Code     6  boards.o(i.bsp_board_button_idx_to_pin)
    bsp_board_button_state_get               0x00024b39   Thumb Code    28  boards.o(i.bsp_board_button_state_get)
    bsp_board_led_invert                     0x00024b59   Thumb Code    32  boards.o(i.bsp_board_led_invert)
    bsp_board_led_off                        0x00024b7d   Thumb Code    10  boards.o(i.bsp_board_led_off)
    bsp_board_led_on                         0x00024b8d   Thumb Code    10  boards.o(i.bsp_board_led_on)
    bsp_board_led_state_get                  0x00024b9d   Thumb Code    28  boards.o(i.bsp_board_led_state_get)
    bsp_board_leds_init                      0x00024bbd   Thumb Code    38  boards.o(i.bsp_board_leds_init)
    bsp_board_leds_off                       0x00024be9   Thumb Code    18  boards.o(i.bsp_board_leds_off)
    bsp_board_leds_on                        0x00024bfb   Thumb Code    18  boards.o(i.bsp_board_leds_on)
    bsp_board_pin_to_button_idx              0x00024c0d   Thumb Code    30  boards.o(i.bsp_board_pin_to_button_idx)
    bsp_btn_ble_init                         0x00024c31   Thumb Code    52  bsp_btn_ble.o(i.bsp_btn_ble_init)
    bsp_btn_ble_sleep_mode_prepare           0x00024c69   Thumb Code    30  bsp_btn_ble.o(i.bsp_btn_ble_sleep_mode_prepare)
    bsp_button_is_pressed                    0x00024d19   Thumb Code     4  bsp.o(i.bsp_button_is_pressed)
    bsp_event_to_button_action_assign        0x00024d79   Thumb Code    64  bsp.o(i.bsp_event_to_button_action_assign)
    bsp_indication_set                       0x00024dbd   Thumb Code    20  bsp.o(i.bsp_indication_set)
    bsp_init                                 0x00024dd5   Thumb Code   126  bsp.o(i.bsp_init)
    bsp_wakeup_button_enable                 0x00025021   Thumb Code    16  bsp.o(i.bsp_wakeup_button_enable)
    fds_file_delete                          0x000256a5   Thumb Code    66  fds.o(i.fds_file_delete)
    fds_gc                                   0x000256ed   Thumb Code    54  fds.o(i.fds_gc)
    fds_init                                 0x0002572d   Thumb Code   168  fds.o(i.fds_init)
    fds_record_close                         0x000257e1   Thumb Code    54  fds.o(i.fds_record_close)
    fds_record_find                          0x0002581d   Thumb Code    14  fds.o(i.fds_record_find)
    fds_record_find_by_key                   0x0002582b   Thumb Code    16  fds.o(i.fds_record_find_by_key)
    fds_record_find_in_file                  0x0002583b   Thumb Code    16  fds.o(i.fds_record_find_in_file)
    fds_record_id_from_desc                  0x0002584b   Thumb Code    16  fds.o(i.fds_record_id_from_desc)
    fds_record_open                          0x0002585d   Thumb Code    60  fds.o(i.fds_record_open)
    fds_record_update                        0x0002589d   Thumb Code    14  fds.o(i.fds_record_update)
    fds_record_write                         0x000258ab   Thumb Code     8  fds.o(i.fds_record_write)
    fds_record_write_reserved                0x000258b3   Thumb Code    12  fds.o(i.fds_record_write_reserved)
    fds_register                             0x000258c1   Thumb Code    26  fds.o(i.fds_register)
    fds_reserve                              0x000258e5   Thumb Code    46  fds.o(i.fds_reserve)
    fds_reserve_cancel                       0x00025919   Thumb Code    60  fds.o(i.fds_reserve_cancel)
    gcm_ble_evt_handler                      0x00025bf1   Thumb Code   232  gatt_cache_manager.o(i.gcm_ble_evt_handler)
    gcm_gscm_evt_handler                     0x00025cdd   Thumb Code   102  gatt_cache_manager.o(i.gcm_gscm_evt_handler)
    gcm_im_evt_handler                       0x00025d49   Thumb Code    44  gatt_cache_manager.o(i.gcm_im_evt_handler)
    gcm_init                                 0x00025d79   Thumb Code    66  gatt_cache_manager.o(i.gcm_init)
    gcm_local_database_has_changed           0x00025dc1   Thumb Code    78  gatt_cache_manager.o(i.gcm_local_database_has_changed)
    gcm_smd_evt_handler                      0x00025e15   Thumb Code    14  gatt_cache_manager.o(i.gcm_smd_evt_handler)
    get_connection_by_conn_handle            0x00025e8d   Thumb Code    48  id_manager.o(i.get_connection_by_conn_handle)
    get_free_connection                      0x00025ec5   Thumb Code    40  id_manager.o(i.get_free_connection)
    gscm_db_change_notification_done         0x00025f4d   Thumb Code    22  gatts_cache_manager.o(i.gscm_db_change_notification_done)
    gscm_init                                0x00025f69   Thumb Code    16  gatts_cache_manager.o(i.gscm_init)
    gscm_local_database_has_changed          0x00025f7d   Thumb Code    22  gatts_cache_manager.o(i.gscm_local_database_has_changed)
    gscm_local_db_cache_apply                0x00025f99   Thumb Code   106  gatts_cache_manager.o(i.gscm_local_db_cache_apply)
    gscm_local_db_cache_update               0x00026003   Thumb Code   128  gatts_cache_manager.o(i.gscm_local_db_cache_update)
    gscm_pdb_evt_handler                     0x00026085   Thumb Code    78  gatts_cache_manager.o(i.gscm_pdb_evt_handler)
    gscm_service_changed_ind_needed          0x000260d9   Thumb Code    26  gatts_cache_manager.o(i.gscm_service_changed_ind_needed)
    gscm_service_changed_ind_send            0x000260f5   Thumb Code    40  gatts_cache_manager.o(i.gscm_service_changed_ind_send)
    im_address_resolve                       0x00026301   Thumb Code    70  id_manager.o(i.im_address_resolve)
    im_ble_addr_get                          0x00026349   Thumb Code    42  id_manager.o(i.im_ble_addr_get)
    im_ble_evt_handler                       0x00026379   Thumb Code   174  id_manager.o(i.im_ble_evt_handler)
    im_conn_handle_get                       0x00026429   Thumb Code    40  id_manager.o(i.im_conn_handle_get)
    im_init                                  0x00026455   Thumb Code    54  id_manager.o(i.im_init)
    im_is_duplicate_bonding_data             0x00026495   Thumb Code    52  id_manager.o(i.im_is_duplicate_bonding_data)
    im_master_id_is_valid                    0x000264c9   Thumb Code    24  id_manager.o(i.im_master_id_is_valid)
    im_master_ids_compare                    0x000264e1   Thumb Code    42  id_manager.o(i.im_master_ids_compare)
    im_new_peer_id                           0x0002650b   Thumb Code     4  id_manager.o(i.im_new_peer_id)
    im_pdb_evt_handler                       0x0002650f   Thumb Code   114  id_manager.o(i.im_pdb_evt_handler)
    im_peer_free                             0x00026581   Thumb Code    38  id_manager.o(i.im_peer_free)
    im_peer_id_get_by_conn_handle            0x000265a9   Thumb Code    28  id_manager.o(i.im_peer_id_get_by_conn_handle)
    im_peer_id_get_by_master_id              0x000265c9   Thumb Code    60  id_manager.o(i.im_peer_id_get_by_master_id)
    is_valid_irk                             0x0002675d   Thumb Code    20  id_manager.o(i.is_valid_irk)
    main                                     0x00026d1d   Thumb Code   346  main.o(i.main)
    new_connection                           0x00026fa1   Thumb Code    80  id_manager.o(i.new_connection)
    next_id_get                              0x00026ff9   Thumb Code    48  peer_id.o(i.next_id_get)
    nrf_ble_gatt_init                        0x00027039   Thumb Code    34  nrf_ble_gatt.o(i.nrf_ble_gatt_init)
    nrf_ble_gatt_on_ble_evt                  0x0002705d   Thumb Code   332  nrf_ble_gatt.o(i.nrf_ble_gatt_on_ble_evt)
    nrf_drv_clock_init                       0x00027259   Thumb Code    64  nrf_drv_clock.o(i.nrf_drv_clock_init)
    nrf_drv_clock_lfclk_release              0x000272a1   Thumb Code    40  nrf_drv_clock.o(i.nrf_drv_clock_lfclk_release)
    nrf_drv_common_irq_enable                0x000272cd   Thumb Code    56  nrf_drv_common.o(i.nrf_drv_common_irq_enable)
    nrf_drv_gpiote_in_event_enable           0x00027305   Thumb Code   156  nrf_drv_gpiote.o(i.nrf_drv_gpiote_in_event_enable)
    nrf_drv_gpiote_in_init                   0x000273a9   Thumb Code   172  nrf_drv_gpiote.o(i.nrf_drv_gpiote_in_init)
    nrf_drv_gpiote_in_is_set                 0x00027461   Thumb Code    20  nrf_drv_gpiote.o(i.nrf_drv_gpiote_in_is_set)
    nrf_drv_gpiote_init                      0x00027475   Thumb Code    84  nrf_drv_gpiote.o(i.nrf_drv_gpiote_init)
    nrf_drv_gpiote_is_init                   0x000274d1   Thumb Code    14  nrf_drv_gpiote.o(i.nrf_drv_gpiote_is_init)
    nrf_fstorage_erase                       0x000274e5   Thumb Code    78  nrf_fstorage.o(i.nrf_fstorage_erase)
    nrf_fstorage_init                        0x00027533   Thumb Code    16  nrf_fstorage.o(i.nrf_fstorage_init)
    nrf_fstorage_is_busy                     0x00027545   Thumb Code    70  nrf_fstorage.o(i.nrf_fstorage_is_busy)
    nrf_fstorage_sdh_req_handler             0x00027595   Thumb Code    28  nrf_fstorage_sd.o(i.nrf_fstorage_sdh_req_handler)
    nrf_fstorage_sdh_state_handler           0x000275b5   Thumb Code    28  nrf_fstorage_sd.o(i.nrf_fstorage_sdh_state_handler)
    nrf_fstorage_sys_evt_handler             0x000275d5   Thumb Code   176  nrf_fstorage_sd.o(i.nrf_fstorage_sys_evt_handler)
    nrf_fstorage_write                       0x0002768d   Thumb Code   102  nrf_fstorage.o(i.nrf_fstorage_write)
    nrf_sdh_ble_app_ram_start_get            0x000277e1   Thumb Code    16  nrf_sdh_ble.o(i.nrf_sdh_ble_app_ram_start_get)
    nrf_sdh_ble_default_cfg_set              0x000277f5   Thumb Code   134  nrf_sdh_ble.o(i.nrf_sdh_ble_default_cfg_set)
    nrf_sdh_ble_enable                       0x00027881   Thumb Code     4  nrf_sdh_ble.o(i.nrf_sdh_ble_enable)
    nrf_sdh_disable_request                  0x000278d5   Thumb Code    60  nrf_sdh.o(i.nrf_sdh_disable_request)
    nrf_sdh_enable_request                   0x00027915   Thumb Code    74  nrf_sdh.o(i.nrf_sdh_enable_request)
    nrf_sdh_evts_poll                        0x0002796d   Thumb Code    32  nrf_sdh.o(i.nrf_sdh_evts_poll)
    nrf_sdh_is_enabled                       0x00027991   Thumb Code     6  nrf_sdh.o(i.nrf_sdh_is_enabled)
    nrf_sdh_request_continue                 0x0002799d   Thumb Code    22  nrf_sdh.o(i.nrf_sdh_request_continue)
    nrf_section_iter_init                    0x000279f5   Thumb Code    10  nrf_section_iter.o(i.nrf_section_iter_init)
    nrf_section_iter_next                    0x00027a23   Thumb Code    32  nrf_section_iter.o(i.nrf_section_iter_next)
    pdb_init                                 0x00027da9   Thumb Code    66  peer_database.o(i.pdb_init)
    pdb_next_deleted_peer_id_get             0x00027df9   Thumb Code     4  peer_database.o(i.pdb_next_deleted_peer_id_get)
    pdb_next_peer_id_get                     0x00027dfd   Thumb Code     4  peer_database.o(i.pdb_next_peer_id_get)
    pdb_pds_evt_handler                      0x00027e01   Thumb Code   294  peer_database.o(i.pdb_pds_evt_handler)
    pdb_peer_allocate                        0x00027f31   Thumb Code     4  peer_database.o(i.pdb_peer_allocate)
    pdb_peer_data_ptr_get                    0x00027f35   Thumb Code     6  peer_database.o(i.pdb_peer_data_ptr_get)
    pdb_peer_free                            0x00027f3b   Thumb Code    68  peer_database.o(i.pdb_peer_free)
    pdb_raw_store                            0x00027f7f   Thumb Code     8  peer_database.o(i.pdb_raw_store)
    pdb_write_buf_get                        0x00027f89   Thumb Code   260  peer_database.o(i.pdb_write_buf_get)
    pdb_write_buf_release                    0x00028091   Thumb Code    40  peer_database.o(i.pdb_write_buf_release)
    pdb_write_buf_store                      0x000280b9   Thumb Code   188  peer_database.o(i.pdb_write_buf_store)
    pdb_write_buf_store_prepare              0x0002817d   Thumb Code    98  peer_database.o(i.pdb_write_buf_store_prepare)
    pds_init                                 0x000281f1   Thumb Code    98  peer_data_storage.o(i.pds_init)
    pds_next_deleted_peer_id_get             0x0002825d   Thumb Code     4  peer_data_storage.o(i.pds_next_deleted_peer_id_get)
    pds_next_peer_id_get                     0x00028261   Thumb Code     4  peer_data_storage.o(i.pds_next_peer_id_get)
    pds_peer_data_iterate                    0x00028265   Thumb Code    74  peer_data_storage.o(i.pds_peer_data_iterate)
    pds_peer_data_iterate_prepare            0x000282b5   Thumb Code    10  peer_data_storage.o(i.pds_peer_data_iterate_prepare)
    pds_peer_data_read                       0x000282c5   Thumb Code   104  peer_data_storage.o(i.pds_peer_data_read)
    pds_peer_data_store                      0x0002832d   Thumb Code   150  peer_data_storage.o(i.pds_peer_data_store)
    pds_peer_id_allocate                     0x000283c3   Thumb Code     8  peer_data_storage.o(i.pds_peer_id_allocate)
    pds_peer_id_free                         0x000283cb   Thumb Code    22  peer_data_storage.o(i.pds_peer_id_free)
    pds_peer_id_is_allocated                 0x000283e1   Thumb Code     4  peer_data_storage.o(i.pds_peer_id_is_allocated)
    pds_space_reserve                        0x000283e5   Thumb Code    46  peer_data_storage.o(i.pds_space_reserve)
    pds_space_reserve_cancel                 0x00028413   Thumb Code    16  peer_data_storage.o(i.pds_space_reserve_cancel)
    peer_id_allocate                         0x00028515   Thumb Code     6  peer_id.o(i.peer_id_allocate)
    peer_id_delete                           0x00028521   Thumb Code    32  peer_id.o(i.peer_id_delete)
    peer_id_free                             0x00028545   Thumb Code    24  peer_id.o(i.peer_id_free)
    peer_id_get_next_deleted                 0x00028561   Thumb Code     6  peer_id.o(i.peer_id_get_next_deleted)
    peer_id_get_next_used                    0x0002856d   Thumb Code    42  peer_id.o(i.peer_id_get_next_used)
    peer_id_init                             0x0002859d   Thumb Code    36  peer_id.o(i.peer_id_init)
    peer_id_is_allocated                     0x000285c5   Thumb Code    16  peer_id.o(i.peer_id_is_allocated)
    peer_id_is_deleted                       0x000285d9   Thumb Code    16  peer_id.o(i.peer_id_is_deleted)
    pm_buffer_block_acquire                  0x000286a5   Thumb Code    92  pm_buffer.o(i.pm_buffer_block_acquire)
    pm_buffer_init                           0x00028701   Thumb Code    64  pm_buffer.o(i.pm_buffer_init)
    pm_buffer_ptr_get                        0x00028741   Thumb Code    40  pm_buffer.o(i.pm_buffer_ptr_get)
    pm_buffer_release                        0x00028769   Thumb Code    46  pm_buffer.o(i.pm_buffer_release)
    pm_conn_sec_config_reply                 0x00028797   Thumb Code     4  peer_manager.o(i.pm_conn_sec_config_reply)
    pm_gcm_evt_handler                       0x000287f7   Thumb Code   136  peer_manager.o(i.pm_gcm_evt_handler)
    pm_im_evt_handler                        0x00028881   Thumb Code    74  peer_manager.o(i.pm_im_evt_handler)
    pm_init                                  0x000288d1   Thumb Code    96  peer_manager.o(i.pm_init)
    pm_local_database_has_changed            0x00028935   Thumb Code    14  peer_manager.o(i.pm_local_database_has_changed)
    pm_mutex_init                            0x00028949   Thumb Code    14  pm_mutex.o(i.pm_mutex_init)
    pm_mutex_lock                            0x00028957   Thumb Code    26  pm_mutex.o(i.pm_mutex_lock)
    pm_mutex_lock_first_available            0x00028971   Thumb Code    54  pm_mutex.o(i.pm_mutex_lock_first_available)
    pm_mutex_lock_status_get                 0x000289a7   Thumb Code    24  pm_mutex.o(i.pm_mutex_lock_status_get)
    pm_mutex_unlock                          0x000289bf   Thumb Code    58  pm_mutex.o(i.pm_mutex_unlock)
    pm_pdb_evt_handler                       0x000289f9   Thumb Code   338  peer_manager.o(i.pm_pdb_evt_handler)
    pm_peer_delete                           0x00028b51   Thumb Code    14  peer_manager.o(i.pm_peer_delete)
    pm_peers_delete                          0x00028b65   Thumb Code    98  peer_manager.o(i.pm_peers_delete)
    pm_register                              0x00028bcd   Thumb Code    34  peer_manager.o(i.pm_register)
    pm_sec_params_set                        0x00028bf9   Thumb Code    14  peer_manager.o(i.pm_sec_params_set)
    pm_sm_evt_handler                        0x00028c0d   Thumb Code   346  peer_manager.o(i.pm_sm_evt_handler)
    sdk_mapped_flags_bulk_update_by_key      0x00029279   Thumb Code    68  sdk_mapped_flags.o(i.sdk_mapped_flags_bulk_update_by_key)
    sdk_mapped_flags_first_key_index_get     0x000292bd   Thumb Code    34  sdk_mapped_flags.o(i.sdk_mapped_flags_first_key_index_get)
    sdk_mapped_flags_get_by_key              0x000292ef   Thumb Code    38  sdk_mapped_flags.o(i.sdk_mapped_flags_get_by_key)
    sdk_mapped_flags_key_list_get            0x00029315   Thumb Code    74  sdk_mapped_flags.o(i.sdk_mapped_flags_key_list_get)
    sdk_mapped_flags_update_by_key           0x0002935f   Thumb Code    14  sdk_mapped_flags.o(i.sdk_mapped_flags_update_by_key)
    sm_ble_evt_handler                       0x000297e9   Thumb Code    18  security_manager.o(i.sm_ble_evt_handler)
    sm_conn_sec_config_reply                 0x00029801   Thumb Code    18  security_manager.o(i.sm_conn_sec_config_reply)
    sm_init                                  0x00029819   Thumb Code    76  security_manager.o(i.sm_init)
    sm_pdb_evt_handler                       0x00029869   Thumb Code    52  security_manager.o(i.sm_pdb_evt_handler)
    sm_sec_params_set                        0x000298a1   Thumb Code    38  security_manager.o(i.sm_sec_params_set)
    sm_smd_evt_handler                       0x000298cd   Thumb Code   116  security_manager.o(i.sm_smd_evt_handler)
    smd_ble_evt_handler                      0x00029945   Thumb Code   226  security_dispatcher.o(i.smd_ble_evt_handler)
    smd_init                                 0x00029a31   Thumb Code    56  security_dispatcher.o(i.smd_init)
    smd_link_secure                          0x00029a6d   Thumb Code    48  security_dispatcher.o(i.smd_link_secure)
    smd_params_reply                         0x00029a9d   Thumb Code   276  security_dispatcher.o(i.smd_params_reply)
    smd_pdb_evt_handler                      0x00029c3d   Thumb Code    48  security_dispatcher.o(i.smd_pdb_evt_handler)
    nrf_fstorage_sd                          0x0002a448   Data          24  nrf_fstorage_sd.o(.constdata)
    m_ram_start                              0x0002a4d4   Data           4  nrf_sdh_ble.o(.constdata)
    Region$$Table$$Base                      0x0002a504   Number         0  anon$$obj.o(Region$$Table)
    Region$$Table$$Limit                     0x0002a524   Number         0  anon$$obj.o(Region$$Table)
    sdh_ble_observers0$$Base                 0x0002a524   Number         0  ble_conn_state.o(sdh_ble_observers0)
    sdh_ble_observers0$$Limit                0x0002a52c   Number         0  ble_conn_state.o(sdh_ble_observers0)
    sdh_ble_observers1$$Base                 0x0002a52c   Number         0  main.o(sdh_ble_observers1)
    sdh_ble_observers1$$Limit                0x0002a53c   Number         0  bsp_btn_ble.o(sdh_ble_observers1)
    sdh_ble_observers2$$Base                 0x0002a53c   Number         0  main.o(sdh_ble_observers2)
    m_req_obs                                0x0002a56c   Data           8  nrf_fstorage_sd.o(sdh_req_observers0)
    sdh_ble_observers2$$Limit                0x0002a56c   Number         0  peer_manager.o(sdh_ble_observers2)
    sdh_req_observers0$$Base                 0x0002a56c   Number         0  nrf_fstorage_sd.o(sdh_req_observers0)
    sdh_req_observers0$$Limit                0x0002a574   Number         0  nrf_fstorage_sd.o(sdh_req_observers0)
    sdh_soc_observers0$$Base                 0x0002a574   Number         0  nrf_drv_clock.o(sdh_soc_observers0)
    sdh_soc_observers0$$Limit                0x0002a584   Number         0  nrf_fstorage_sd.o(sdh_soc_observers0)
    sdh_soc_observers1$$Base                 0x0002a584   Number         0  main.o(sdh_soc_observers1)
    sdh_soc_observers1$$Limit                0x0002a58c   Number         0  main.o(sdh_soc_observers1)
    sdh_stack_observers0$$Base               0x0002a58c   Number         0  nrf_sdh_ble.o(sdh_stack_observers0)
    sdh_stack_observers0$$Limit              0x0002a59c   Number         0  nrf_sdh_soc.o(sdh_stack_observers0)
    sdh_state_observers0$$Base               0x0002a59c   Number         0  nrf_drv_clock.o(sdh_state_observers0)
    sdh_state_observers0$$Limit              0x0002a5ac   Number         0  nrf_fstorage_sd.o(sdh_state_observers0)
    Image$$RW_IRAM1$$Base                    0x200020e0   Number         0  anon$$obj.o ABSOLUTE
    hts_counter                              0x200020e8   Data           4  main.o(.data)
    SystemCoreClock                          0x200021bc   Data           4  system_nrf52.o(.data)
    fs_data$$Base                            0x200021c0   Number         0  fds.o(fs_data)
    m_fs                                     0x200021c0   Data          20  fds.o(fs_data)
    fs_data$$Limit                           0x200021d4   Number         0  fds.o(fs_data)
    nrf_nvic_state                           0x20002abc   Data          12  app_util_platform.o(.bss)
    __initial_sp                             0x20004c08   Data           0  arm_startup_nrf52.o(STACK)



==============================================================================

Memory Map of the image

  Image Entry point : 0x00023201

  Load Region LR_IROM1 (Base: 0x00023000, Size: 0x000076a0, Max: 0x0005d000, ABSOLUTE)

    Execution Region ER_IROM1 (Exec base: 0x00023000, Load base: 0x00023000, Size: 0x000075ac, Max: 0x0005d000, ABSOLUTE)

    Exec Addr    Load Addr    Size         Type   Attr      Idx    E Section Name        Object

    0x00023000   0x00023000   0x00000200   Data   RO         5203    RESET               arm_startup_nrf52.o
    0x00023200   0x00023200   0x00000000   Code   RO         5244  * .ARM.Collect$$$$00000000  mc_w.l(entry.o)
    0x00023200   0x00023200   0x00000004   Code   RO         5261    .ARM.Collect$$$$00000001  mc_w.l(entry2.o)
    0x00023204   0x00023204   0x00000004   Code   RO         5264    .ARM.Collect$$$$00000004  mc_w.l(entry5.o)
    0x00023208   0x00023208   0x00000000   Code   RO         5266    .ARM.Collect$$$$00000008  mc_w.l(entry7b.o)
    0x00023208   0x00023208   0x00000000   Code   RO         5268    .ARM.Collect$$$$0000000A  mc_w.l(entry8b.o)
    0x00023208   0x00023208   0x00000008   Code   RO         5269    .ARM.Collect$$$$0000000B  mc_w.l(entry9a.o)
    0x00023210   0x00023210   0x00000000   Code   RO         5271    .ARM.Collect$$$$0000000D  mc_w.l(entry10a.o)
    0x00023210   0x00023210   0x00000000   Code   RO         5273    .ARM.Collect$$$$0000000F  mc_w.l(entry11a.o)
    0x00023210   0x00023210   0x00000004   Code   RO         5262    .ARM.Collect$$$$00002712  mc_w.l(entry2.o)
    0x00023214   0x00023214   0x00000024   Code   RO         5204    .text               arm_startup_nrf52.o
    0x00023238   0x00023238   0x00000062   Code   RO         5247    .text               mc_w.l(uldiv.o)
    0x0002329a   0x0002329a   0x00000024   Code   RO         5249    .text               mc_w.l(memcpya.o)
    0x000232be   0x000232be   0x00000024   Code   RO         5251    .text               mc_w.l(memseta.o)
    0x000232e2   0x000232e2   0x0000001a   Code   RO         5255    .text               mc_w.l(memcmp.o)
    0x000232fc   0x000232fc   0x0000001e   Code   RO         5275    .text               mc_w.l(llshl.o)
    0x0002331a   0x0002331a   0x00000020   Code   RO         5277    .text               mc_w.l(llushr.o)
    0x0002333a   0x0002333a   0x00000002   PAD
    0x0002333c   0x0002333c   0x00000024   Code   RO         5279    .text               mc_w.l(init.o)
    0x00023360   0x00023360   0x00000174   Code   RO         2797    i.GPIOTE_IRQHandler  nrf_drv_gpiote.o
    0x000234d4   0x000234d4   0x00000016   Code   RO         3360    i.NVIC_ClearPendingIRQ  app_timer.o
    0x000234ea   0x000234ea   0x00000016   Code   RO         3361    i.NVIC_EnableIRQ    app_timer.o
    0x00023500   0x00023500   0x00000016   Code   RO         3362    i.NVIC_SetPendingIRQ  app_timer.o
    0x00023516   0x00023516   0x00000020   Code   RO         3363    i.NVIC_SetPriority  app_timer.o
    0x00023536   0x00023536   0x00000002   PAD
    0x00023538   0x00023538   0x00000058   Code   RO         2591    i.POWER_CLOCK_IRQHandler  nrf_drv_clock.o
    0x00023590   0x00023590   0x00000024   Code   RO         3364    i.RTC1_IRQHandler   app_timer.o
    0x000235b4   0x000235b4   0x00000004   Code   RO         3365    i.SWI0_EGU0_IRQHandler  app_timer.o
    0x000235b8   0x000235b8   0x00000004   Code   RO         4998    i.SWI2_EGU2_IRQHandler  nrf_sdh.o
    0x000235bc   0x000235bc   0x000002fc   Code   RO         5212    i.SystemInit        system_nrf52.o
    0x000238b8   0x000238b8   0x0000000e   Code   RO         5283    i.__scatterload_copy  mc_w.l(handlers.o)
    0x000238c6   0x000238c6   0x00000002   Code   RO         5284    i.__scatterload_null  mc_w.l(handlers.o)
    0x000238c8   0x000238c8   0x0000000e   Code   RO         5285    i.__scatterload_zeroinit  mc_w.l(handlers.o)
    0x000238d6   0x000238d6   0x00000002   PAD
    0x000238d8   0x000238d8   0x00000024   Code   RO         4999    i.__sd_nvic_app_accessible_irq  nrf_sdh.o
    0x000238fc   0x000238fc   0x00000026   Code   RO         1311    i.addr_compare      id_manager.o
    0x00023922   0x00023922   0x0000000c   Code   RO         4162    i.addr_is_aligned32  nrf_fstorage.o
    0x0002392e   0x0002392e   0x00000018   Code   RO         4163    i.addr_within_bounds  nrf_fstorage.o
    0x00023946   0x00023946   0x00000036   Code   RO          603    i.advertising_buttons_configure  bsp_btn_ble.o
    0x0002397c   0x0002397c   0x00000024   Code   RO            4    i.advertising_start  main.o
    0x000239a0   0x000239a0   0x00000052   Code   RO         1312    i.ah                id_manager.o
    0x000239f2   0x000239f2   0x00000006   Code   RO          483    i.alert_timer_handler  bsp.o
    0x000239f8   0x000239f8   0x00000024   Code   RO         3171    i.app_button_enable  app_button.o
    0x00023a1c   0x00023a1c   0x00000070   Code   RO         3172    i.app_button_init   app_button.o
    0x00023a8c   0x00023a8c   0x00000030   Code   RO         3272    i.app_error_fault_handler  app_error_weak.o
    0x00023abc   0x00023abc   0x00000016   Code   RO         3233    i.app_error_handler_bare  app_error.o
    0x00023ad2   0x00023ad2   0x00000002   PAD
    0x00023ad4   0x00023ad4   0x00000024   Code   RO         3368    i.app_timer_create  app_timer.o
    0x00023af8   0x00023af8   0x00000054   Code   RO         3369    i.app_timer_init    app_timer.o
    0x00023b4c   0x00023b4c   0x00000088   Code   RO         3372    i.app_timer_start   app_timer.o
    0x00023bd4   0x00023bd4   0x00000020   Code   RO         3373    i.app_timer_stop    app_timer.o
    0x00023bf4   0x00023bf4   0x00000048   Code   RO         3529    i.app_util_critical_region_enter  app_util_platform.o
    0x00023c3c   0x00023c3c   0x00000034   Code   RO         3530    i.app_util_critical_region_exit  app_util_platform.o
    0x00023c70   0x00023c70   0x000000a0   Code   RO         2350    i.auth_status_success_process  security_dispatcher.o
    0x00023d10   0x00023d10   0x0000014e   Code   RO         3062    i.battery_level_char_add  ble_bas.o
    0x00023e5e   0x00023e5e   0x00000182   Code   RO          688    i.ble_advdata_encode  ble_advdata.o
    0x00023fe0   0x00023fe0   0x00000068   Code   RO          689    i.ble_advdata_set   ble_advdata.o
    0x00024048   0x00024048   0x00000006   Code   RO          765    i.ble_advertising_conn_cfg_tag_set  ble_advertising.o
    0x0002404e   0x0002404e   0x00000136   Code   RO          766    i.ble_advertising_init  ble_advertising.o
    0x00024184   0x00024184   0x00000068   Code   RO          768    i.ble_advertising_on_ble_evt  ble_advertising.o
    0x000241ec   0x000241ec   0x00000032   Code   RO          769    i.ble_advertising_on_sys_evt  ble_advertising.o
    0x0002421e   0x0002421e   0x0000003c   Code   RO          771    i.ble_advertising_restart_without_whitelist  ble_advertising.o
    0x0002425a   0x0002425a   0x000001ca   Code   RO          772    i.ble_advertising_start  ble_advertising.o
    0x00024424   0x00024424   0x00000044   Code   RO         3064    i.ble_bas_init      ble_bas.o
    0x00024468   0x00024468   0x0000005e   Code   RO         3065    i.ble_bas_on_ble_evt  ble_bas.o
    0x000244c6   0x000244c6   0x00000002   PAD
    0x000244c8   0x000244c8   0x00000068   Code   RO          844    i.ble_conn_params_init  ble_conn_params.o
    0x00024530   0x00024530   0x00000010   Code   RO          915    i.ble_conn_state_conn_handles  ble_conn_state.o
    0x00024540   0x00024540   0x00000010   Code   RO          917    i.ble_conn_state_encrypted  ble_conn_state.o
    0x00024550   0x00024550   0x00000010   Code   RO          919    i.ble_conn_state_mitm_protected  ble_conn_state.o
    0x00024560   0x00024560   0x00000030   Code   RO          924    i.ble_conn_state_role  ble_conn_state.o
    0x00024590   0x00024590   0x0000002c   Code   RO          926    i.ble_conn_state_user_flag_acquire  ble_conn_state.o
    0x000245bc   0x000245bc   0x0000001c   Code   RO          927    i.ble_conn_state_user_flag_collection  ble_conn_state.o
    0x000245d8   0x000245d8   0x0000002c   Code   RO          928    i.ble_conn_state_user_flag_get  ble_conn_state.o
    0x00024604   0x00024604   0x00000030   Code   RO          929    i.ble_conn_state_user_flag_set  ble_conn_state.o
    0x00024634   0x00024634   0x00000060   Code   RO          690    i.ble_device_addr_encode  ble_advdata.o
    0x00024694   0x00024694   0x000000c4   Code   RO            6    i.ble_evt_handler   main.o
    0x00024758   0x00024758   0x00000070   Code   RO          604    i.ble_evt_handler   bsp_btn_ble.o
    0x000247c8   0x000247c8   0x000000fc   Code   RO          846    i.ble_evt_handler   ble_conn_params.o
    0x000248c4   0x000248c4   0x0000010c   Code   RO          931    i.ble_evt_handler   ble_conn_state.o
    0x000249d0   0x000249d0   0x00000028   Code   RO         1988    i.ble_evt_handler   peer_manager.o
    0x000249f8   0x000249f8   0x0000004e   Code   RO         3103    i.ble_hts_init      ble_hts.o
    0x00024a46   0x00024a46   0x0000005c   Code   RO         3105    i.ble_hts_measurement_send  ble_hts.o
    0x00024aa2   0x00024aa2   0x0000006e   Code   RO         3106    i.ble_hts_on_ble_evt  ble_hts.o
    0x00024b10   0x00024b10   0x00000008   Code   RO         1066    i.ble_srv_is_indication_enabled  ble_srv_common.o
    0x00024b18   0x00024b18   0x00000008   Code   RO         1067    i.ble_srv_is_notification_enabled  ble_srv_common.o
    0x00024b20   0x00024b20   0x0000000c   Code   RO         1068    i.ble_srv_report_ref_encode  ble_srv_common.o
    0x00024b2c   0x00024b2c   0x0000000c   Code   RO          367    i.bsp_board_button_idx_to_pin  boards.o
    0x00024b38   0x00024b38   0x00000020   Code   RO          368    i.bsp_board_button_state_get  boards.o
    0x00024b58   0x00024b58   0x00000024   Code   RO          371    i.bsp_board_led_invert  boards.o
    0x00024b7c   0x00024b7c   0x00000010   Code   RO          372    i.bsp_board_led_off  boards.o
    0x00024b8c   0x00024b8c   0x00000010   Code   RO          373    i.bsp_board_led_on  boards.o
    0x00024b9c   0x00024b9c   0x00000020   Code   RO          374    i.bsp_board_led_state_get  boards.o
    0x00024bbc   0x00024bbc   0x0000002c   Code   RO          375    i.bsp_board_leds_init  boards.o
    0x00024be8   0x00024be8   0x00000012   Code   RO          376    i.bsp_board_leds_off  boards.o
    0x00024bfa   0x00024bfa   0x00000012   Code   RO          377    i.bsp_board_leds_on  boards.o
    0x00024c0c   0x00024c0c   0x00000024   Code   RO          378    i.bsp_board_pin_to_button_idx  boards.o
    0x00024c30   0x00024c30   0x00000038   Code   RO          605    i.bsp_btn_ble_init  bsp_btn_ble.o
    0x00024c68   0x00024c68   0x0000001e   Code   RO          606    i.bsp_btn_ble_sleep_mode_prepare  bsp_btn_ble.o
    0x00024c86   0x00024c86   0x00000002   PAD
    0x00024c88   0x00024c88   0x00000090   Code   RO          484    i.bsp_button_event_handler  bsp.o
    0x00024d18   0x00024d18   0x00000004   Code   RO          485    i.bsp_button_is_pressed  bsp.o
    0x00024d1c   0x00024d1c   0x0000005c   Code   RO            7    i.bsp_event_handler  main.o
    0x00024d78   0x00024d78   0x00000044   Code   RO          488    i.bsp_event_to_button_action_assign  bsp.o
    0x00024dbc   0x00024dbc   0x00000018   Code   RO          489    i.bsp_indication_set  bsp.o
    0x00024dd4   0x00024dd4   0x00000094   Code   RO          490    i.bsp_init          bsp.o
    0x00024e68   0x00024e68   0x000001b8   Code   RO          491    i.bsp_led_indication  bsp.o
    0x00025020   0x00025020   0x00000010   Code   RO          493    i.bsp_wakeup_button_enable  bsp.o
    0x00025030   0x00025030   0x00000008   Code   RO          494    i.button_timer_handler  bsp.o
    0x00025038   0x00025038   0x0000001c   Code   RO         2798    i.channel_free      nrf_drv_gpiote.o
    0x00025054   0x00025054   0x00000048   Code   RO         2799    i.channel_port_alloc  nrf_drv_gpiote.o
    0x0002509c   0x0002509c   0x00000010   Code   RO         2800    i.channel_port_get  nrf_drv_gpiote.o
    0x000250ac   0x000250ac   0x00000038   Code   RO         1898    i.claim             peer_id.o
    0x000250e4   0x000250e4   0x00000028   Code   RO         2592    i.clock_clk_started_notify  nrf_drv_clock.o
    0x0002510c   0x0002510c   0x000000ac   Code   RO         3375    i.compare_reg_update  app_timer.o
    0x000251b8   0x000251b8   0x00000088   Code   RO          691    i.conn_int_encode   ble_advdata.o
    0x00025240   0x00025240   0x00000004   Code   RO            8    i.conn_params_error_handler  main.o
    0x00025244   0x00025244   0x00000048   Code   RO          847    i.conn_params_negotiation  ble_conn_params.o
    0x0002528c   0x0002528c   0x00000080   Code   RO         3624    i.delete_execute    fds.o
    0x0002530c   0x0002530c   0x00000060   Code   RO         3174    i.detection_delay_timeout_handler  app_button.o
    0x0002536c   0x0002536c   0x00000040   Code   RO         3376    i.elapsed_ticks_acquire  app_timer.o
    0x000253ac   0x000253ac   0x00000030   Code   RO         2351    i.encryption_failure  security_dispatcher.o
    0x000253dc   0x000253dc   0x0000003c   Code   RO         4218    i.erase             nrf_fstorage_sd.o
    0x00025418   0x00025418   0x00000074   Code   RO         3625    i.event_prepare     fds.o
    0x0002548c   0x0002548c   0x00000020   Code   RO         3626    i.event_send        fds.o
    0x000254ac   0x000254ac   0x0000004e   Code   RO         4219    i.event_send        nrf_fstorage_sd.o
    0x000254fa   0x000254fa   0x00000034   Code   RO         2465    i.events_send_from_err_code  security_manager.o
    0x0002552e   0x0002552e   0x00000002   PAD
    0x00025530   0x00025530   0x0000000c   Code   RO         1124    i.evt_send          gatt_cache_manager.o
    0x0002553c   0x0002553c   0x0000001c   Code   RO         1313    i.evt_send          id_manager.o
    0x00025558   0x00025558   0x0000002c   Code   RO         1989    i.evt_send          peer_manager.o
    0x00025584   0x00025584   0x0000001c   Code   RO         2352    i.evt_send          security_dispatcher.o
    0x000255a0   0x000255a0   0x0000000c   Code   RO         2466    i.evt_send          security_manager.o
    0x000255ac   0x000255ac   0x000000f8   Code   RO         1591    i.fds_evt_handler   peer_data_storage.o
    0x000256a4   0x000256a4   0x00000048   Code   RO         3628    i.fds_file_delete   fds.o
    0x000256ec   0x000256ec   0x00000040   Code   RO         3629    i.fds_gc            fds.o
    0x0002572c   0x0002572c   0x000000b4   Code   RO         3630    i.fds_init          fds.o
    0x000257e0   0x000257e0   0x0000003c   Code   RO         3631    i.fds_record_close  fds.o
    0x0002581c   0x0002581c   0x0000000e   Code   RO         3633    i.fds_record_find   fds.o
    0x0002582a   0x0002582a   0x00000010   Code   RO         3634    i.fds_record_find_by_key  fds.o
    0x0002583a   0x0002583a   0x00000010   Code   RO         3635    i.fds_record_find_in_file  fds.o
    0x0002584a   0x0002584a   0x00000010   Code   RO         3636    i.fds_record_id_from_desc  fds.o
    0x0002585a   0x0002585a   0x00000002   PAD
    0x0002585c   0x0002585c   0x00000040   Code   RO         3638    i.fds_record_open   fds.o
    0x0002589c   0x0002589c   0x0000000e   Code   RO         3639    i.fds_record_update  fds.o
    0x000258aa   0x000258aa   0x00000008   Code   RO         3640    i.fds_record_write  fds.o
    0x000258b2   0x000258b2   0x0000000c   Code   RO         3641    i.fds_record_write_reserved  fds.o
    0x000258be   0x000258be   0x00000002   PAD
    0x000258c0   0x000258c0   0x00000024   Code   RO         3642    i.fds_register      fds.o
    0x000258e4   0x000258e4   0x00000034   Code   RO         3643    i.fds_reserve       fds.o
    0x00025918   0x00025918   0x00000044   Code   RO         3644    i.fds_reserve_cancel  fds.o
    0x0002595c   0x0002595c   0x00000014   Code   RO         1592    i.file_id_within_pm_range  peer_data_storage.o
    0x00025970   0x00025970   0x00000010   Code   RO         3646    i.flag_clear        fds.o
    0x00025980   0x00025980   0x00000012   Code   RO         2353    i.flag_id_init      security_dispatcher.o
    0x00025992   0x00025992   0x00000012   Code   RO         2467    i.flag_id_init      security_manager.o
    0x000259a4   0x000259a4   0x00000010   Code   RO         3647    i.flag_set          fds.o
    0x000259b4   0x000259b4   0x00000058   Code   RO         2468    i.flags_set_from_err_code  security_manager.o
    0x00025a0c   0x00025a0c   0x00000006   Code   RO         3648    i.fs_event_handler  fds.o
    0x00025a12   0x00025a12   0x00000002   PAD
    0x00025a14   0x00025a14   0x00000070   Code   RO         3649    i.gc_execute        fds.o
    0x00025a84   0x00025a84   0x00000048   Code   RO         3650    i.gc_next_page      fds.o
    0x00025acc   0x00025acc   0x0000004c   Code   RO         3651    i.gc_page_erase     fds.o
    0x00025b18   0x00025b18   0x00000034   Code   RO         3652    i.gc_record_copy    fds.o
    0x00025b4c   0x00025b4c   0x00000024   Code   RO         3653    i.gc_record_find_next  fds.o
    0x00025b70   0x00025b70   0x00000080   Code   RO         3654    i.gc_state_advance  fds.o
    0x00025bf0   0x00025bf0   0x000000ec   Code   RO         1125    i.gcm_ble_evt_handler  gatt_cache_manager.o
    0x00025cdc   0x00025cdc   0x0000006c   Code   RO         1126    i.gcm_gscm_evt_handler  gatt_cache_manager.o
    0x00025d48   0x00025d48   0x00000030   Code   RO         1127    i.gcm_im_evt_handler  gatt_cache_manager.o
    0x00025d78   0x00025d78   0x00000048   Code   RO         1128    i.gcm_init          gatt_cache_manager.o
    0x00025dc0   0x00025dc0   0x00000054   Code   RO         1129    i.gcm_local_database_has_changed  gatt_cache_manager.o
    0x00025e14   0x00025e14   0x0000000e   Code   RO         1132    i.gcm_smd_evt_handler  gatt_cache_manager.o
    0x00025e22   0x00025e22   0x00000002   PAD
    0x00025e24   0x00025e24   0x00000068   Code   RO            9    i.generate_temperature  main.o
    0x00025e8c   0x00025e8c   0x00000038   Code   RO         1314    i.get_connection_by_conn_handle  id_manager.o
    0x00025ec4   0x00025ec4   0x00000030   Code   RO         1315    i.get_free_connection  id_manager.o
    0x00025ef4   0x00025ef4   0x00000058   Code   RO         3175    i.gpiote_event_handler  app_button.o
    0x00025f4c   0x00025f4c   0x0000001c   Code   RO         1229    i.gscm_db_change_notification_done  gatts_cache_manager.o
    0x00025f68   0x00025f68   0x00000014   Code   RO         1230    i.gscm_init         gatts_cache_manager.o
    0x00025f7c   0x00025f7c   0x0000001c   Code   RO         1231    i.gscm_local_database_has_changed  gatts_cache_manager.o
    0x00025f98   0x00025f98   0x0000006a   Code   RO         1232    i.gscm_local_db_cache_apply  gatts_cache_manager.o
    0x00026002   0x00026002   0x00000080   Code   RO         1234    i.gscm_local_db_cache_update  gatts_cache_manager.o
    0x00026082   0x00026082   0x00000002   PAD
    0x00026084   0x00026084   0x00000054   Code   RO         1235    i.gscm_pdb_evt_handler  gatts_cache_manager.o
    0x000260d8   0x000260d8   0x0000001a   Code   RO         1236    i.gscm_service_changed_ind_needed  gatts_cache_manager.o
    0x000260f2   0x000260f2   0x00000002   PAD
    0x000260f4   0x000260f4   0x0000002c   Code   RO         1237    i.gscm_service_changed_ind_send  gatts_cache_manager.o
    0x00026120   0x00026120   0x00000016   Code   RO         3655    i.header_is_valid   fds.o
    0x00026136   0x00026136   0x000000cc   Code   RO         3107    i.hts_measurement_char_add  ble_hts.o
    0x00026202   0x00026202   0x0000006e   Code   RO         3108    i.hts_measurement_encode  ble_hts.o
    0x00026270   0x00026270   0x00000090   Code   RO         3109    i.hts_temp_type_char_add  ble_hts.o
    0x00026300   0x00026300   0x00000046   Code   RO         1316    i.im_address_resolve  id_manager.o
    0x00026346   0x00026346   0x00000002   PAD
    0x00026348   0x00026348   0x00000030   Code   RO         1317    i.im_ble_addr_get   id_manager.o
    0x00026378   0x00026378   0x000000ae   Code   RO         1318    i.im_ble_evt_handler  id_manager.o
    0x00026426   0x00026426   0x00000002   PAD
    0x00026428   0x00026428   0x0000002c   Code   RO         1319    i.im_conn_handle_get  id_manager.o
    0x00026454   0x00026454   0x00000040   Code   RO         1323    i.im_init           id_manager.o
    0x00026494   0x00026494   0x00000034   Code   RO         1324    i.im_is_duplicate_bonding_data  id_manager.o
    0x000264c8   0x000264c8   0x00000018   Code   RO         1325    i.im_master_id_is_valid  id_manager.o
    0x000264e0   0x000264e0   0x0000002a   Code   RO         1326    i.im_master_ids_compare  id_manager.o
    0x0002650a   0x0002650a   0x00000004   Code   RO         1327    i.im_new_peer_id    id_manager.o
    0x0002650e   0x0002650e   0x00000072   Code   RO         1328    i.im_pdb_evt_handler  id_manager.o
    0x00026580   0x00026580   0x00000026   Code   RO         1329    i.im_peer_free      id_manager.o
    0x000265a6   0x000265a6   0x00000002   PAD
    0x000265a8   0x000265a8   0x00000020   Code   RO         1330    i.im_peer_id_get_by_conn_handle  id_manager.o
    0x000265c8   0x000265c8   0x0000003c   Code   RO         1331    i.im_peer_id_get_by_master_id  id_manager.o
    0x00026604   0x00026604   0x00000030   Code   RO         4220    i.init              nrf_fstorage_sd.o
    0x00026634   0x00026634   0x000000c0   Code   RO         3656    i.init_execute      fds.o
    0x000266f4   0x000266f4   0x00000014   Code   RO          848    i.instance_get      ble_conn_params.o
    0x00026708   0x00026708   0x00000010   Code   RO         4221    i.is_busy           nrf_fstorage_sd.o
    0x00026718   0x00026718   0x00000044   Code   RO          849    i.is_conn_params_ok  ble_conn_params.o
    0x0002675c   0x0002675c   0x00000014   Code   RO         1336    i.is_valid_irk      id_manager.o
    0x00026770   0x00026770   0x0000000c   Code   RO         3657    i.is_word_aligned   fds.o
    0x0002677c   0x0002677c   0x00000030   Code   RO          495    i.leds_off          bsp.o
    0x000267ac   0x000267ac   0x00000014   Code   RO          496    i.leds_timer_handler  bsp.o
    0x000267c0   0x000267c0   0x00000028   Code   RO         2595    i.lfclk_stop        nrf_drv_clock.o
    0x000267e8   0x000267e8   0x00000014   Code   RO         1504    i.link_init         nrf_ble_gatt.o
    0x000267fc   0x000267fc   0x00000098   Code   RO         2469    i.link_secure       security_manager.o
    0x00026894   0x00026894   0x00000086   Code   RO         2354    i.link_secure_central  security_dispatcher.o
    0x0002691a   0x0002691a   0x000000c8   Code   RO         2355    i.link_secure_central_existing_peer  security_dispatcher.o
    0x000269e2   0x000269e2   0x0000006c   Code   RO         2356    i.link_secure_central_new_peer  security_dispatcher.o
    0x00026a4e   0x00026a4e   0x00000002   PAD
    0x00026a50   0x00026a50   0x00000058   Code   RO         2357    i.link_secure_failure  security_dispatcher.o
    0x00026aa8   0x00026aa8   0x0000005c   Code   RO         2470    i.link_secure_pending_process  security_manager.o
    0x00026b04   0x00026b04   0x000000f8   Code   RO         3377    i.list_insertions_handler  app_timer.o
    0x00026bfc   0x00026bfc   0x00000074   Code   RO         1133    i.local_db_apply_in_evt  gatt_cache_manager.o
    0x00026c70   0x00026c70   0x00000078   Code   RO         1134    i.local_db_update_in_evt  gatt_cache_manager.o
    0x00026ce8   0x00026ce8   0x00000032   Code   RO         2297    i.lock_by_mask      pm_mutex.o
    0x00026d1a   0x00026d1a   0x00000002   PAD
    0x00026d1c   0x00026d1c   0x00000184   Code   RO           10    i.main              main.o
    0x00026ea0   0x00026ea0   0x00000064   Code   RO          692    i.manuf_specific_data_encode  ble_advdata.o
    0x00026f04   0x00026f04   0x0000009c   Code   RO          693    i.name_encode       ble_advdata.o
    0x00026fa0   0x00026fa0   0x00000058   Code   RO         1337    i.new_connection    id_manager.o
    0x00026ff8   0x00026ff8   0x00000030   Code   RO         1899    i.next_id_get       peer_id.o
    0x00027028   0x00027028   0x00000010   Code   RO         2801    i.nrf_bitmask_bit_is_set  nrf_drv_gpiote.o
    0x00027038   0x00027038   0x00000022   Code   RO         1510    i.nrf_ble_gatt_init  nrf_ble_gatt.o
    0x0002705a   0x0002705a   0x00000002   PAD
    0x0002705c   0x0002705c   0x00000150   Code   RO         1511    i.nrf_ble_gatt_on_ble_evt  nrf_ble_gatt.o
    0x000271ac   0x000271ac   0x0000000e   Code   RO         2596    i.nrf_clock_event_check  nrf_drv_clock.o
    0x000271ba   0x000271ba   0x00000010   Code   RO         2597    i.nrf_clock_event_clear  nrf_drv_clock.o
    0x000271ca   0x000271ca   0x00000002   PAD
    0x000271cc   0x000271cc   0x0000008c   Code   RO         3378    i.nrf_delay_us      app_timer.o
    0x00027258   0x00027258   0x00000048   Code   RO         2604    i.nrf_drv_clock_init  nrf_drv_clock.o
    0x000272a0   0x000272a0   0x0000002c   Code   RO         2608    i.nrf_drv_clock_lfclk_release  nrf_drv_clock.o
    0x000272cc   0x000272cc   0x00000038   Code   RO         2761    i.nrf_drv_common_irq_enable  nrf_drv_common.o
    0x00027304   0x00027304   0x000000a4   Code   RO         2806    i.nrf_drv_gpiote_in_event_enable  nrf_drv_gpiote.o
    0x000273a8   0x000273a8   0x000000b8   Code   RO         2807    i.nrf_drv_gpiote_in_init  nrf_drv_gpiote.o
    0x00027460   0x00027460   0x00000014   Code   RO         2808    i.nrf_drv_gpiote_in_is_set  nrf_drv_gpiote.o
    0x00027474   0x00027474   0x0000005c   Code   RO         2810    i.nrf_drv_gpiote_init  nrf_drv_gpiote.o
    0x000274d0   0x000274d0   0x00000014   Code   RO         2811    i.nrf_drv_gpiote_is_init  nrf_drv_gpiote.o
    0x000274e4   0x000274e4   0x0000004e   Code   RO         4164    i.nrf_fstorage_erase  nrf_fstorage.o
    0x00027532   0x00027532   0x00000010   Code   RO         4165    i.nrf_fstorage_init  nrf_fstorage.o
    0x00027542   0x00027542   0x00000002   PAD
    0x00027544   0x00027544   0x00000050   Code   RO         4166    i.nrf_fstorage_is_busy  nrf_fstorage.o
    0x00027594   0x00027594   0x00000020   Code   RO         4222    i.nrf_fstorage_sdh_req_handler  nrf_fstorage_sd.o
    0x000275b4   0x000275b4   0x00000020   Code   RO         4223    i.nrf_fstorage_sdh_state_handler  nrf_fstorage_sd.o
    0x000275d4   0x000275d4   0x000000b8   Code   RO         4224    i.nrf_fstorage_sys_evt_handler  nrf_fstorage_sd.o
    0x0002768c   0x0002768c   0x00000066   Code   RO         4169    i.nrf_fstorage_write  nrf_fstorage.o
    0x000276f2   0x000276f2   0x00000024   Code   RO          380    i.nrf_gpio_cfg      boards.o
    0x00027716   0x00027716   0x00000024   Code   RO         2825    i.nrf_gpio_cfg      nrf_drv_gpiote.o
    0x0002773a   0x0002773a   0x00000022   Code   RO          497    i.nrf_gpio_cfg_sense_set  bsp.o
    0x0002775c   0x0002775c   0x00000022   Code   RO         2827    i.nrf_gpio_cfg_sense_set  nrf_drv_gpiote.o
    0x0002777e   0x0002777e   0x00000016   Code   RO          381    i.nrf_gpio_pin_write  boards.o
    0x00027794   0x00027794   0x00000028   Code   RO         2828    i.nrf_gpio_ports_read  nrf_drv_gpiote.o
    0x000277bc   0x000277bc   0x00000014   Code   RO         2829    i.nrf_gpiote_event_clear  nrf_drv_gpiote.o
    0x000277d0   0x000277d0   0x00000010   Code   RO         2830    i.nrf_gpiote_event_is_set  nrf_drv_gpiote.o
    0x000277e0   0x000277e0   0x00000014   Code   RO         5122    i.nrf_sdh_ble_app_ram_start_get  nrf_sdh_ble.o
    0x000277f4   0x000277f4   0x0000008c   Code   RO         5123    i.nrf_sdh_ble_default_cfg_set  nrf_sdh_ble.o
    0x00027880   0x00027880   0x00000004   Code   RO         5124    i.nrf_sdh_ble_enable  nrf_sdh_ble.o
    0x00027884   0x00027884   0x00000050   Code   RO         5125    i.nrf_sdh_ble_evts_poll  nrf_sdh_ble.o
    0x000278d4   0x000278d4   0x00000040   Code   RO         5000    i.nrf_sdh_disable_request  nrf_sdh.o
    0x00027914   0x00027914   0x00000058   Code   RO         5001    i.nrf_sdh_enable_request  nrf_sdh.o
    0x0002796c   0x0002796c   0x00000024   Code   RO         5002    i.nrf_sdh_evts_poll  nrf_sdh.o
    0x00027990   0x00027990   0x0000000c   Code   RO         5003    i.nrf_sdh_is_enabled  nrf_sdh.o
    0x0002799c   0x0002799c   0x0000001c   Code   RO         5005    i.nrf_sdh_request_continue  nrf_sdh.o
    0x000279b8   0x000279b8   0x0000003c   Code   RO         5172    i.nrf_sdh_soc_evts_poll  nrf_sdh_soc.o
    0x000279f4   0x000279f4   0x0000000a   Code   RO         4484    i.nrf_section_iter_init  nrf_section_iter.o
    0x000279fe   0x000279fe   0x00000024   Code   RO         4485    i.nrf_section_iter_item_set  nrf_section_iter.o
    0x00027a22   0x00027a22   0x00000020   Code   RO         4486    i.nrf_section_iter_next  nrf_section_iter.o
    0x00027a42   0x00027a42   0x00000024   Code   RO           11    i.on_adv_evt        main.o
    0x00027a66   0x00027a66   0x00000002   PAD
    0x00027a68   0x00027a68   0x0000001c   Code   RO           12    i.on_conn_params_evt  main.o
    0x00027a84   0x00027a84   0x00000062   Code   RO         1512    i.on_connected_evt  nrf_ble_gatt.o
    0x00027ae6   0x00027ae6   0x00000002   PAD
    0x00027ae8   0x00027ae8   0x00000018   Code   RO           13    i.on_hts_evt        main.o
    0x00027b00   0x00027b00   0x00000034   Code   RO         3658    i.op_enqueue        fds.o
    0x00027b34   0x00027b34   0x00000012   Code   RO         3659    i.page_offsets_update  fds.o
    0x00027b46   0x00027b46   0x00000002   PAD
    0x00027b48   0x00027b48   0x00000064   Code   RO         3660    i.page_scan         fds.o
    0x00027bac   0x00027bac   0x0000001c   Code   RO         3661    i.page_tag_write_data  fds.o
    0x00027bc8   0x00027bc8   0x00000024   Code   RO         3662    i.page_tag_write_swap  fds.o
    0x00027bec   0x00027bec   0x000000f8   Code   RO         3663    i.pages_init        fds.o
    0x00027ce4   0x00027ce4   0x0000006c   Code   RO         2358    i.pairing_failure   security_dispatcher.o
    0x00027d50   0x00027d50   0x0000003c   Code   RO         2471    i.params_reply_pending_process  security_manager.o
    0x00027d8c   0x00027d8c   0x0000001c   Code   RO         1735    i.pdb_evt_send      peer_database.o
    0x00027da8   0x00027da8   0x00000050   Code   RO         1736    i.pdb_init          peer_database.o
    0x00027df8   0x00027df8   0x00000004   Code   RO         1738    i.pdb_next_deleted_peer_id_get  peer_database.o
    0x00027dfc   0x00027dfc   0x00000004   Code   RO         1739    i.pdb_next_peer_id_get  peer_database.o
    0x00027e00   0x00027e00   0x00000130   Code   RO         1740    i.pdb_pds_evt_handler  peer_database.o
    0x00027f30   0x00027f30   0x00000004   Code   RO         1741    i.pdb_peer_allocate  peer_database.o
    0x00027f34   0x00027f34   0x00000006   Code   RO         1743    i.pdb_peer_data_ptr_get  peer_database.o
    0x00027f3a   0x00027f3a   0x00000044   Code   RO         1744    i.pdb_peer_free     peer_database.o
    0x00027f7e   0x00027f7e   0x00000008   Code   RO         1745    i.pdb_raw_store     peer_database.o
    0x00027f86   0x00027f86   0x00000002   PAD
    0x00027f88   0x00027f88   0x00000108   Code   RO         1746    i.pdb_write_buf_get  peer_database.o
    0x00028090   0x00028090   0x00000028   Code   RO         1747    i.pdb_write_buf_release  peer_database.o
    0x000280b8   0x000280b8   0x000000c4   Code   RO         1748    i.pdb_write_buf_store  peer_database.o
    0x0002817c   0x0002817c   0x00000068   Code   RO         1749    i.pdb_write_buf_store_prepare  peer_database.o
    0x000281e4   0x000281e4   0x0000000c   Code   RO         1593    i.pds_evt_send      peer_data_storage.o
    0x000281f0   0x000281f0   0x0000006c   Code   RO         1594    i.pds_init          peer_data_storage.o
    0x0002825c   0x0002825c   0x00000004   Code   RO         1595    i.pds_next_deleted_peer_id_get  peer_data_storage.o
    0x00028260   0x00028260   0x00000004   Code   RO         1596    i.pds_next_peer_id_get  peer_data_storage.o
    0x00028264   0x00028264   0x00000050   Code   RO         1599    i.pds_peer_data_iterate  peer_data_storage.o
    0x000282b4   0x000282b4   0x00000010   Code   RO         1600    i.pds_peer_data_iterate_prepare  peer_data_storage.o
    0x000282c4   0x000282c4   0x00000068   Code   RO         1601    i.pds_peer_data_read  peer_data_storage.o
    0x0002832c   0x0002832c   0x00000096   Code   RO         1602    i.pds_peer_data_store  peer_data_storage.o
    0x000283c2   0x000283c2   0x00000008   Code   RO         1603    i.pds_peer_id_allocate  peer_data_storage.o
    0x000283ca   0x000283ca   0x00000016   Code   RO         1604    i.pds_peer_id_free  peer_data_storage.o
    0x000283e0   0x000283e0   0x00000004   Code   RO         1605    i.pds_peer_id_is_allocated  peer_data_storage.o
    0x000283e4   0x000283e4   0x0000002e   Code   RO         1606    i.pds_space_reserve  peer_data_storage.o
    0x00028412   0x00028412   0x00000010   Code   RO         1607    i.pds_space_reserve_cancel  peer_data_storage.o
    0x00028422   0x00028422   0x00000006   Code   RO         1750    i.peer_data_const_point_to_buffer  peer_database.o
    0x00028428   0x00028428   0x00000080   Code   RO         1608    i.peer_data_delete  peer_data_storage.o
    0x000284a8   0x000284a8   0x00000030   Code   RO         1609    i.peer_data_find    peer_data_storage.o
    0x000284d8   0x000284d8   0x00000020   Code   RO         1610    i.peer_data_id_is_valid  peer_data_storage.o
    0x000284f8   0x000284f8   0x0000001a   Code   RO         1751    i.peer_data_point_to_buffer  peer_database.o
    0x00028512   0x00028512   0x00000002   PAD
    0x00028514   0x00028514   0x0000000c   Code   RO         1900    i.peer_id_allocate  peer_id.o
    0x00028520   0x00028520   0x00000024   Code   RO         1901    i.peer_id_delete    peer_id.o
    0x00028544   0x00028544   0x0000001c   Code   RO         1902    i.peer_id_free      peer_id.o
    0x00028560   0x00028560   0x0000000c   Code   RO         1903    i.peer_id_get_next_deleted  peer_id.o
    0x0002856c   0x0002856c   0x00000030   Code   RO         1904    i.peer_id_get_next_used  peer_id.o
    0x0002859c   0x0002859c   0x00000028   Code   RO         1905    i.peer_id_init      peer_id.o
    0x000285c4   0x000285c4   0x00000014   Code   RO         1906    i.peer_id_is_allocated  peer_id.o
    0x000285d8   0x000285d8   0x00000014   Code   RO         1907    i.peer_id_is_deleted  peer_id.o
    0x000285ec   0x000285ec   0x0000001c   Code   RO         1338    i.peer_id_set       id_manager.o
    0x00028608   0x00028608   0x0000006c   Code   RO           14    i.peer_manager_init  main.o
    0x00028674   0x00028674   0x00000018   Code   RO         2831    i.pin_in_use_by_port  nrf_drv_gpiote.o
    0x0002868c   0x0002868c   0x00000018   Code   RO         2832    i.pin_in_use_by_te  nrf_drv_gpiote.o
    0x000286a4   0x000286a4   0x0000005c   Code   RO         2255    i.pm_buffer_block_acquire  pm_buffer.o
    0x00028700   0x00028700   0x00000040   Code   RO         2256    i.pm_buffer_init    pm_buffer.o
    0x00028740   0x00028740   0x00000028   Code   RO         2257    i.pm_buffer_ptr_get  pm_buffer.o
    0x00028768   0x00028768   0x0000002e   Code   RO         2258    i.pm_buffer_release  pm_buffer.o
    0x00028796   0x00028796   0x00000004   Code   RO         1991    i.pm_conn_sec_config_reply  peer_manager.o
    0x0002879a   0x0002879a   0x0000005c   Code   RO           15    i.pm_evt_handler    main.o
    0x000287f6   0x000287f6   0x00000088   Code   RO         1995    i.pm_gcm_evt_handler  peer_manager.o
    0x0002887e   0x0002887e   0x00000002   PAD
    0x00028880   0x00028880   0x00000050   Code   RO         1998    i.pm_im_evt_handler  peer_manager.o
    0x000288d0   0x000288d0   0x00000064   Code   RO         1999    i.pm_init           peer_manager.o
    0x00028934   0x00028934   0x00000014   Code   RO         2001    i.pm_local_database_has_changed  peer_manager.o
    0x00028948   0x00028948   0x0000000e   Code   RO         2298    i.pm_mutex_init     pm_mutex.o
    0x00028956   0x00028956   0x0000001a   Code   RO         2299    i.pm_mutex_lock     pm_mutex.o
    0x00028970   0x00028970   0x00000036   Code   RO         2300    i.pm_mutex_lock_first_available  pm_mutex.o
    0x000289a6   0x000289a6   0x00000018   Code   RO         2301    i.pm_mutex_lock_status_get  pm_mutex.o
    0x000289be   0x000289be   0x0000003a   Code   RO         2302    i.pm_mutex_unlock   pm_mutex.o
    0x000289f8   0x000289f8   0x00000158   Code   RO         2003    i.pm_pdb_evt_handler  peer_manager.o
    0x00028b50   0x00028b50   0x00000014   Code   RO         2014    i.pm_peer_delete    peer_manager.o
    0x00028b64   0x00028b64   0x00000068   Code   RO         2019    i.pm_peers_delete   peer_manager.o
    0x00028bcc   0x00028bcc   0x0000002c   Code   RO         2022    i.pm_register       peer_manager.o
    0x00028bf8   0x00028bf8   0x00000014   Code   RO         2024    i.pm_sec_params_set  peer_manager.o
    0x00028c0c   0x00028c0c   0x00000160   Code   RO         2025    i.pm_sm_evt_handler  peer_manager.o
    0x00028d6c   0x00028d6c   0x00000038   Code   RO         4225    i.queue_get_next_free  nrf_fstorage_sd.o
    0x00028da4   0x00028da4   0x000000a0   Code   RO         3664    i.queue_process     fds.o
    0x00028e44   0x00028e44   0x00000088   Code   RO         4226    i.queue_process     nrf_fstorage_sd.o
    0x00028ecc   0x00028ecc   0x00000020   Code   RO         3665    i.queue_start       fds.o
    0x00028eec   0x00028eec   0x00000018   Code   RO         4227    i.queue_start       nrf_fstorage_sd.o
    0x00028f04   0x00028f04   0x0000000e   Code   RO         4228    i.read              nrf_fstorage_sd.o
    0x00028f12   0x00028f12   0x00000002   PAD
    0x00028f14   0x00028f14   0x00000088   Code   RO         3666    i.record_find       fds.o
    0x00028f9c   0x00028f9c   0x0000009c   Code   RO         3667    i.record_find_by_desc  fds.o
    0x00029038   0x00029038   0x0000004c   Code   RO         3668    i.record_find_next  fds.o
    0x00029084   0x00029084   0x00000034   Code   RO         3669    i.record_header_flag_dirty  fds.o
    0x000290b8   0x000290b8   0x00000014   Code   RO         1611    i.record_key_within_pm_range  peer_data_storage.o
    0x000290cc   0x000290cc   0x00000010   Code   RO         1909    i.release           peer_id.o
    0x000290dc   0x000290dc   0x0000003c   Code   RO         3379    i.rtc1_stop         app_timer.o
    0x00029118   0x00029118   0x00000040   Code   RO         5008    i.sd_nvic_DisableIRQ  nrf_sdh.o
    0x00029158   0x00029158   0x00000070   Code   RO         5009    i.sd_nvic_EnableIRQ  nrf_sdh.o
    0x000291c8   0x000291c8   0x00000054   Code   RO         2611    i.sd_state_evt_handler  nrf_drv_clock.o
    0x0002921c   0x0002921c   0x00000030   Code   RO         5010    i.sdh_request_observer_notify  nrf_sdh.o
    0x0002924c   0x0002924c   0x0000002c   Code   RO         5011    i.sdh_state_observer_notify  nrf_sdh.o
    0x00029278   0x00029278   0x00000044   Code   RO         4555    i.sdk_mapped_flags_bulk_update_by_key  sdk_mapped_flags.o
    0x000292bc   0x000292bc   0x00000022   Code   RO         4556    i.sdk_mapped_flags_first_key_index_get  sdk_mapped_flags.o
    0x000292de   0x000292de   0x00000010   Code   RO         4557    i.sdk_mapped_flags_get_by_index  sdk_mapped_flags.o
    0x000292ee   0x000292ee   0x00000026   Code   RO         4558    i.sdk_mapped_flags_get_by_key  sdk_mapped_flags.o
    0x00029314   0x00029314   0x0000004a   Code   RO         4560    i.sdk_mapped_flags_key_list_get  sdk_mapped_flags.o
    0x0002935e   0x0002935e   0x0000000e   Code   RO         4562    i.sdk_mapped_flags_update_by_key  sdk_mapped_flags.o
    0x0002936c   0x0002936c   0x000000b2   Code   RO         2359    i.sec_info_request_process  security_dispatcher.o
    0x0002941e   0x0002941e   0x00000076   Code   RO         2472    i.sec_params_verify  security_manager.o
    0x00029494   0x00029494   0x00000054   Code   RO         2360    i.sec_proc_start    security_dispatcher.o
    0x000294e8   0x000294e8   0x00000020   Code   RO         2361    i.sec_start_send    security_dispatcher.o
    0x00029508   0x00029508   0x00000010   Code   RO          850    i.send_error_evt    ble_conn_params.o
    0x00029518   0x00029518   0x00000058   Code   RO         1135    i.service_changed_pending_flags_check  gatt_cache_manager.o
    0x00029570   0x00029570   0x00000044   Code   RO         1238    i.service_changed_pending_set  gatts_cache_manager.o
    0x000295b4   0x000295b4   0x00000094   Code   RO         1136    i.service_changed_send_in_evt  gatt_cache_manager.o
    0x00029648   0x00029648   0x00000088   Code   RO          694    i.service_data_encode  ble_advdata.o
    0x000296d0   0x000296d0   0x000000f0   Code   RO           16    i.services_init     main.o
    0x000297c0   0x000297c0   0x00000028   Code   RO           17    i.sleep_mode_enter  main.o
    0x000297e8   0x000297e8   0x00000018   Code   RO         2473    i.sm_ble_evt_handler  security_manager.o
    0x00029800   0x00029800   0x00000018   Code   RO         2474    i.sm_conn_sec_config_reply  security_manager.o
    0x00029818   0x00029818   0x00000050   Code   RO         2475    i.sm_init           security_manager.o
    0x00029868   0x00029868   0x00000038   Code   RO         2478    i.sm_pdb_evt_handler  security_manager.o
    0x000298a0   0x000298a0   0x0000002c   Code   RO         2480    i.sm_sec_params_set  security_manager.o
    0x000298cc   0x000298cc   0x00000078   Code   RO         2481    i.sm_smd_evt_handler  security_manager.o
    0x00029944   0x00029944   0x000000ec   Code   RO         2362    i.smd_ble_evt_handler  security_dispatcher.o
    0x00029a30   0x00029a30   0x0000003c   Code   RO         2363    i.smd_init          security_dispatcher.o
    0x00029a6c   0x00029a6c   0x00000030   Code   RO         2364    i.smd_link_secure   security_dispatcher.o
    0x00029a9c   0x00029a9c   0x00000118   Code   RO         2365    i.smd_params_reply  security_dispatcher.o
    0x00029bb4   0x00029bb4   0x00000088   Code   RO         2482    i.smd_params_reply_perform  security_manager.o
    0x00029c3c   0x00029c3c   0x00000034   Code   RO         2366    i.smd_pdb_evt_handler  security_dispatcher.o
    0x00029c70   0x00029c70   0x0000000a   Code   RO         2612    i.soc_evt_handler   nrf_drv_clock.o
    0x00029c7a   0x00029c7a   0x00000002   PAD
    0x00029c7c   0x00029c7c   0x00000038   Code   RO           18    i.temperature_measurement_send  main.o
    0x00029cb4   0x00029cb4   0x00000080   Code   RO         3380    i.timer_list_handler  app_timer.o
    0x00029d34   0x00029d34   0x0000003c   Code   RO         3381    i.timer_list_insert  app_timer.o
    0x00029d70   0x00029d70   0x00000060   Code   RO         3382    i.timer_list_remove  app_timer.o
    0x00029dd0   0x00029dd0   0x00000048   Code   RO         3383    i.timer_stop_op_schedule  app_timer.o
    0x00029e18   0x00029e18   0x00000074   Code   RO         3384    i.timer_timeouts_check  app_timer.o
    0x00029e8c   0x00029e8c   0x0000000a   Code   RO          695    i.uint16_encode     ble_advdata.o
    0x00029e96   0x00029e96   0x00000004   Code   RO         4229    i.uninit            nrf_fstorage_sd.o
    0x00029e9a   0x00029e9a   0x00000002   PAD
    0x00029e9c   0x00029e9c   0x00000068   Code   RO          851    i.update_timeout_handler  ble_conn_params.o
    0x00029f04   0x00029f04   0x00000018   Code   RO          932    i.user_flag_is_acquired  ble_conn_state.o
    0x00029f1c   0x00029f1c   0x00000030   Code   RO         3385    i.user_op_alloc     app_timer.o
    0x00029f4c   0x00029f4c   0x00000030   Code   RO          696    i.uuid_list_encode  ble_advdata.o
    0x00029f7c   0x00029f7c   0x0000009e   Code   RO          697    i.uuid_list_sized_encode  ble_advdata.o
    0x0002a01a   0x0002a01a   0x00000036   Code   RO         4230    i.write             nrf_fstorage_sd.o
    0x0002a050   0x0002a050   0x00000024   Code   RO         1752    i.write_buf_length_words_set  peer_database.o
    0x0002a074   0x0002a074   0x00000024   Code   RO         1753    i.write_buffer_record_find  peer_database.o
    0x0002a098   0x0002a098   0x0000002c   Code   RO         1754    i.write_buffer_record_find_next  peer_database.o
    0x0002a0c4   0x0002a0c4   0x0000001e   Code   RO         1755    i.write_buffer_record_invalidate  peer_database.o
    0x0002a0e2   0x0002a0e2   0x00000002   PAD
    0x0002a0e4   0x0002a0e4   0x0000002c   Code   RO         1756    i.write_buffer_record_release  peer_database.o
    0x0002a110   0x0002a110   0x000000e8   Code   RO         3670    i.write_enqueue     fds.o
    0x0002a1f8   0x0002a1f8   0x000000f4   Code   RO         3671    i.write_execute     fds.o
    0x0002a2ec   0x0002a2ec   0x00000014   Code   RO         3672    i.write_space_free  fds.o
    0x0002a300   0x0002a300   0x00000054   Code   RO         3673    i.write_space_reserve  fds.o
    0x0002a354   0x0002a354   0x00000008   Data   RO          382    .constdata          boards.o
    0x0002a35c   0x0002a35c   0x0000002c   Data   RO          502    .constdata          bsp.o
    0x0002a388   0x0002a388   0x00000004   Data   RO         1239    .constdata          gatts_cache_manager.o
    0x0002a38c   0x0002a38c   0x00000010   Data   RO         1240    .constdata          gatts_cache_manager.o
    0x0002a39c   0x0002a39c   0x00000004   Data   RO         1241    .constdata          gatts_cache_manager.o
    0x0002a3a0   0x0002a3a0   0x00000008   Data   RO         1341    .constdata          id_manager.o
    0x0002a3a8   0x0002a3a8   0x00000016   Data   RO         1513    .constdata          nrf_ble_gatt.o
    0x0002a3be   0x0002a3be   0x00000002   PAD
    0x0002a3c0   0x0002a3c0   0x00000004   Data   RO         1612    .constdata          peer_data_storage.o
    0x0002a3c4   0x0002a3c4   0x00000014   Data   RO         1758    .constdata          peer_database.o
    0x0002a3d8   0x0002a3d8   0x00000044   Data   RO         2368    .constdata          security_dispatcher.o
    0x0002a41c   0x0002a41c   0x00000004   Data   RO         2483    .constdata          security_manager.o
    0x0002a420   0x0002a420   0x00000004   Data   RO         2834    .constdata          nrf_drv_gpiote.o
    0x0002a424   0x0002a424   0x00000008   Data   RO         3177    .constdata          app_button.o
    0x0002a42c   0x0002a42c   0x00000014   Data   RO         3675    .constdata          fds.o
    0x0002a440   0x0002a440   0x00000008   Data   RO         4232    .constdata          nrf_fstorage_sd.o
    0x0002a448   0x0002a448   0x00000018   Data   RO         4233    .constdata          nrf_fstorage_sd.o
    0x0002a460   0x0002a460   0x00000010   Data   RO         5012    .constdata          nrf_sdh.o
    0x0002a470   0x0002a470   0x00000028   Data   RO         5013    .constdata          nrf_sdh.o
    0x0002a498   0x0002a498   0x00000010   Data   RO         5014    .constdata          nrf_sdh.o
    0x0002a4a8   0x0002a4a8   0x00000010   Data   RO         5015    .constdata          nrf_sdh.o
    0x0002a4b8   0x0002a4b8   0x00000018   Data   RO         5126    .constdata          nrf_sdh_ble.o
    0x0002a4d0   0x0002a4d0   0x00000018   Data   RO         5127    .constdata          nrf_sdh_ble.o
    0x0002a4e8   0x0002a4e8   0x00000010   Data   RO         5173    .constdata          nrf_sdh_soc.o
    0x0002a4f8   0x0002a4f8   0x0000000c   Data   RO         5174    .constdata          nrf_sdh_soc.o
    0x0002a504   0x0002a504   0x00000020   Data   RO         5281    Region$$Table       anon$$obj.o
    0x0002a524   0x0002a524   0x00000008   Data   RO          934    sdh_ble_observers0  ble_conn_state.o
    0x0002a52c   0x0002a52c   0x00000008   Data   RO           21    sdh_ble_observers1  main.o
    0x0002a534   0x0002a534   0x00000008   Data   RO          608    sdh_ble_observers1  bsp_btn_ble.o
    0x0002a53c   0x0002a53c   0x00000020   Data   RO           22    sdh_ble_observers2  main.o
    0x0002a55c   0x0002a55c   0x00000008   Data   RO          854    sdh_ble_observers2  ble_conn_params.o
    0x0002a564   0x0002a564   0x00000008   Data   RO         2031    sdh_ble_observers2  peer_manager.o
    0x0002a56c   0x0002a56c   0x00000008   Data   RO         4235    sdh_req_observers0  nrf_fstorage_sd.o
    0x0002a574   0x0002a574   0x00000008   Data   RO         2618    sdh_soc_observers0  nrf_drv_clock.o
    0x0002a57c   0x0002a57c   0x00000008   Data   RO         4236    sdh_soc_observers0  nrf_fstorage_sd.o
    0x0002a584   0x0002a584   0x00000008   Data   RO           23    sdh_soc_observers1  main.o
    0x0002a58c   0x0002a58c   0x00000008   Data   RO         5128    sdh_stack_observers0  nrf_sdh_ble.o
    0x0002a594   0x0002a594   0x00000008   Data   RO         5175    sdh_stack_observers0  nrf_sdh_soc.o
    0x0002a59c   0x0002a59c   0x00000008   Data   RO         2619    sdh_state_observers0  nrf_drv_clock.o
    0x0002a5a4   0x0002a5a4   0x00000008   Data   RO         4237    sdh_state_observers0  nrf_fstorage_sd.o


    Execution Region RW_IRAM1 (Exec base: 0x200020e0, Load base: 0x0002a5ac, Size: 0x00002b28, Max: 0x0000df20, ABSOLUTE)

    Exec Addr    Load Addr    Size         Type   Attr      Idx    E Section Name        Object

    0x200020e0   0x0002a5ac   0x00000014   Data   RW           20    .data               main.o
    0x200020f4   0x0002a5c0   0x00000010   Data   RW          503    .data               bsp.o
    0x20002104   0x0002a5d0   0x00000008   Data   RW          607    .data               bsp_btn_ble.o
    0x2000210c   0x0002a5d8   0x00000008   Data   RW          853    .data               ble_conn_params.o
    0x20002114   0x0002a5e0   0x0000000c   Data   RW         1137    .data               gatt_cache_manager.o
    0x20002120   0x0002a5ec   0x0000000c   Data   RW         1242    .data               gatts_cache_manager.o
    0x2000212c   0x0002a5f8   0x00000003   Data   RW         1342    .data               id_manager.o
    0x2000212f   0x0002a5fb   0x00000001   PAD
    0x20002130   0x0002a5fc   0x0000000c   Data   RW         1613    .data               peer_data_storage.o
    0x2000213c   0x0002a608   0x00000008   Data   RW         1759    .data               peer_database.o
    0x20002144   0x0002a610   0x00000010   Data   RW         2030    .data               peer_manager.o
    0x20002154   0x0002a620   0x00000004   Data   RW         2369    .data               security_dispatcher.o
    0x20002158   0x0002a624   0x00000015   Data   RW         2484    .data               security_manager.o
    0x2000216d   0x0002a639   0x00000003   PAD
    0x20002170   0x0002a63c   0x00000014   Data   RW         3178    .data               app_button.o
    0x20002184   0x0002a650   0x00000014   Data   RW         3387    .data               app_timer.o
    0x20002198   0x0002a664   0x00000018   Data   RW         3676    .data               fds.o
    0x200021b0   0x0002a67c   0x00000008   Data   RW         4234    .data               nrf_fstorage_sd.o
    0x200021b8   0x0002a684   0x00000003   Data   RW         5016    .data               nrf_sdh.o
    0x200021bb   0x0002a687   0x00000001   PAD
    0x200021bc   0x0002a688   0x00000004   Data   RW         5213    .data               system_nrf52.o
    0x200021c0   0x0002a68c   0x00000014   Data   RW         3677    fs_data             fds.o
    0x200021d4        -       0x00000120   Zero   RW           19    .bss                main.o
    0x200022f4        -       0x00000020   Zero   RW          498    .bss                bsp.o
    0x20002314        -       0x00000020   Zero   RW          499    .bss                bsp.o
    0x20002334        -       0x0000000c   Zero   RW          500    .bss                bsp.o
    0x20002340        -       0x00000020   Zero   RW          501    .bss                bsp.o
    0x20002360        -       0x00000050   Zero   RW          852    .bss                ble_conn_params.o
    0x200023b0        -       0x000000b8   Zero   RW          933    .bss                ble_conn_state.o
    0x20002468        -       0x00000100   Zero   RW         1340    .bss                id_manager.o
    0x20002568        -       0x00000330   Zero   RW         1757    .bss                peer_database.o
    0x20002898        -       0x00000040   Zero   RW         1910    .bss                peer_id.o
    0x200028d8        -       0x0000000c   Zero   RW         2028    .bss                peer_manager.o
    0x200028e4        -       0x00000040   Zero   RW         2367    .bss                security_dispatcher.o
    0x20002924        -       0x00000014   Zero   RW         2613    .bss                nrf_drv_clock.o
    0x20002938        -       0x00000058   Zero   RW         2833    .bss                nrf_drv_gpiote.o
    0x20002990        -       0x00000020   Zero   RW         3176    .bss                app_button.o
    0x200029b0        -       0x0000010c   Zero   RW         3386    .bss                app_timer.o
    0x20002abc        -       0x0000000c   Zero   RW         3535    .bss                app_util_platform.o
    0x20002ac8        -       0x000000c4   Zero   RW         3674    .bss                fds.o
    0x20002b8c        -       0x00000078   Zero   RW         4231    .bss                nrf_fstorage_sd.o
    0x20002c04   0x0002a6a0   0x00000004   PAD
    0x20002c08        -       0x00002000   Zero   RW         5201    STACK               arm_startup_nrf52.o


==============================================================================

Image component sizes


      Code (inc. data)   RO Data    RW Data    ZI Data      Debug   Object Name

       332         34          8         20         32       9986   app_button.o
        22          0          0          0          0       2201   app_error.o
        48         10          0          0          0      27349   app_error_weak.o
         0          0          0          0          0      20684   app_scheduler.o
      1630        122          0         20        268      47171   app_timer.o
       124         14          0          0         12       9354   app_util_platform.o
        36          8        512          0       8192        904   arm_startup_nrf52.o
      1330          0          0          0          0      36091   ble_advdata.o
       988          6          0          0          0      10184   ble_advertising.o
       496          0          0          0          0       3992   ble_bas.o
       636         44          8          8         80       9075   ble_conn_params.o
       552         52          8          0        184       9901   ble_conn_state.o
       738          0          0          0          0      31059   ble_hts.o
        28          0          0          0          0       2866   ble_srv_common.o
       318         42          8          0          0      13056   boards.o
       960         84         44         16        108      15075   bsp.o
       252         10          8          8          0       4668   bsp_btn_ble.o
      3382        326         20         44        196      43930   fds.o
      1046         52          0         12          0      15804   gatt_cache_manager.o
       532         36         24         12          0       9375   gatts_cache_manager.o
      1154         56          8          3        256      20193   id_manager.o
      1444        112         48         20        288     163693   main.o
       488          4         22          0          0      30738   nrf_ble_gatt.o
       408         40         16          0         20      40599   nrf_drv_clock.o
        56          0          0          0          0      27535   nrf_drv_common.o
      1178         84          4          0         88      29804   nrf_drv_gpiote.o
       312         10          0          0          0       5896   nrf_fstorage.o
       738         56         56          8        120      12419   nrf_fstorage_sd.o
       536         60         88          3          0      43804   nrf_sdh.o
       244         16         56          0          0       5224   nrf_sdh_ble.o
        60          4         36          0          0       2296   nrf_sdh_soc.o
        78          0          0          0          0       2692   nrf_section_iter.o
      1070         42          4         12          0      17200   peer_data_storage.o
      1332         66         20          8        816      23143   peer_database.o
       336         38          0          0         64       8827   peer_id.o
      1308        102          8         16         12      13400   peer_manager.o
       242          0          0          0          0       4355   pm_buffer.o
       226          0          0          0          0       5217   pm_mutex.o
       244          0          0          0          0       6196   sdk_mapped_flags.o
      1862         64         68          4         64      20692   security_dispatcher.o
      1076         74          4         21          0      16708   security_manager.o
       764         64          0          4          0       2887   system_nrf52.o

    ----------------------------------------------------------------------
     28664       1732       1112        244      10804     826243   Object Totals
         0          0         32          0          0          0   (incl. Generated)
        58          0          2          5          4          0   (incl. Padding)

    ----------------------------------------------------------------------

      Code (inc. data)   RO Data    RW Data    ZI Data      Debug   Library Member Name

         0          0          0          0          0          0   entry.o
         0          0          0          0          0          0   entry10a.o
         0          0          0          0          0          0   entry11a.o
         8          4          0          0          0          0   entry2.o
         4          0          0          0          0          0   entry5.o
         0          0          0          0          0          0   entry7b.o
         0          0          0          0          0          0   entry8b.o
         8          4          0          0          0          0   entry9a.o
        30          0          0          0          0          0   handlers.o
        36          8          0          0          0         68   init.o
        30          0          0          0          0         68   llshl.o
        32          0          0          0          0         68   llushr.o
        26          0          0          0          0         80   memcmp.o
        36          0          0          0          0         68   memcpya.o
        36          0          0          0          0        108   memseta.o
        98          0          0          0          0         92   uldiv.o

    ----------------------------------------------------------------------
       348         16          0          0          0        552   Library Totals
         4          0          0          0          0          0   (incl. Padding)

    ----------------------------------------------------------------------

      Code (inc. data)   RO Data    RW Data    ZI Data      Debug   Library Name

       344         16          0          0          0        552   mc_w.l

    ----------------------------------------------------------------------
       348         16          0          0          0        552   Library Totals

    ----------------------------------------------------------------------

==============================================================================


      Code (inc. data)   RO Data    RW Data    ZI Data      Debug   

     29012       1748       1112        244      10804     788991   Grand Totals
     29012       1748       1112        244      10804     788991   ELF Image Totals
     29012       1748       1112        244          0          0   ROM Totals

==============================================================================

    Total RO  Size (Code + RO Data)                30124 (  29.42kB)
    Total RW  Size (RW Data + ZI Data)             11048 (  10.79kB)
    Total ROM Size (Code + RO Data + RW Data)      30368 (  29.66kB)

==============================================================================

