<!doctype html public "-//w3c//dtd html 4.0 transitional//en">
<html><head>
<title>Static Call Graph - [.\_build\nrf52832_xxaa.axf]</title></head>
<body><HR>
<H1>Static Call Graph for image .\_build\nrf52832_xxaa.axf</H1><HR>
<BR><P>#&#060CALLGRAPH&#062# ARM Linker, 5060528: Last Updated: Tue Sep 19 17:05:47 2017
<BR><P>
<H3>Maximum Stack Usage =        320 bytes + Unknown(Cycles, Untraceable Function Pointers)</H3><H3>
Call chain for Maximum Stack Depth:</H3>
nrf_cli_cmd_history &rArr; nrf_cli_help_print &rArr; nrf_cli_fprintf &rArr; vt100_color_set &rArr; nrf_fprintf &rArr; nrf_fprintf_fmt &rArr; int_print &rArr; unsigned_print &rArr; buffer_add &rArr; nrf_fprintf_buffer_flush
<P>
<H3>
Mutually Recursive functions
</H3> <LI><a href="#[1]">NMI_Handler</a>&nbsp;&nbsp;&nbsp;&rArr;&nbsp;&nbsp;&nbsp;<a href="#[1]">NMI_Handler</a><BR>
 <LI><a href="#[3]">MemoryManagement_Handler</a>&nbsp;&nbsp;&nbsp;&rArr;&nbsp;&nbsp;&nbsp;<a href="#[3]">MemoryManagement_Handler</a><BR>
 <LI><a href="#[4]">BusFault_Handler</a>&nbsp;&nbsp;&nbsp;&rArr;&nbsp;&nbsp;&nbsp;<a href="#[4]">BusFault_Handler</a><BR>
 <LI><a href="#[5]">UsageFault_Handler</a>&nbsp;&nbsp;&nbsp;&rArr;&nbsp;&nbsp;&nbsp;<a href="#[5]">UsageFault_Handler</a><BR>
 <LI><a href="#[6]">SVC_Handler</a>&nbsp;&nbsp;&nbsp;&rArr;&nbsp;&nbsp;&nbsp;<a href="#[6]">SVC_Handler</a><BR>
 <LI><a href="#[7]">DebugMon_Handler</a>&nbsp;&nbsp;&nbsp;&rArr;&nbsp;&nbsp;&nbsp;<a href="#[7]">DebugMon_Handler</a><BR>
 <LI><a href="#[8]">PendSV_Handler</a>&nbsp;&nbsp;&nbsp;&rArr;&nbsp;&nbsp;&nbsp;<a href="#[8]">PendSV_Handler</a><BR>
 <LI><a href="#[9]">SysTick_Handler</a>&nbsp;&nbsp;&nbsp;&rArr;&nbsp;&nbsp;&nbsp;<a href="#[9]">SysTick_Handler</a><BR>
 <LI><a href="#[19]">CCM_AAR_IRQHandler</a>&nbsp;&nbsp;&nbsp;&rArr;&nbsp;&nbsp;&nbsp;<a href="#[19]">CCM_AAR_IRQHandler</a><BR>
 <LI><a href="#[2f]">main</a>&nbsp;&nbsp;&nbsp;&rArr;&nbsp;&nbsp;&nbsp;<a href="#[2f]">main</a><BR>
</UL>
<P>
<H3>
Function Pointers
</H3><UL>
 <LI><a href="#[4]">BusFault_Handler</a> from arm_startup_nrf52.o(.text) referenced from arm_startup_nrf52.o(RESET)
 <LI><a href="#[19]">CCM_AAR_IRQHandler</a> from arm_startup_nrf52.o(.text) referenced from arm_startup_nrf52.o(RESET)
 <LI><a href="#[1d]">COMP_LPCOMP_IRQHandler</a> from nrf_drv_common.o(i.COMP_LPCOMP_IRQHandler) referenced from arm_startup_nrf52.o(RESET)
 <LI><a href="#[7]">DebugMon_Handler</a> from arm_startup_nrf52.o(.text) referenced from arm_startup_nrf52.o(RESET)
 <LI><a href="#[18]">ECB_IRQHandler</a> from arm_startup_nrf52.o(.text) referenced from arm_startup_nrf52.o(RESET)
 <LI><a href="#[2e]">FPU_IRQHandler</a> from arm_startup_nrf52.o(.text) referenced from arm_startup_nrf52.o(RESET)
 <LI><a href="#[10]">GPIOTE_IRQHandler</a> from nrf_drv_gpiote.o(i.GPIOTE_IRQHandler) referenced from arm_startup_nrf52.o(RESET)
 <LI><a href="#[2]">HardFault_Handler</a> from hardfault_handler_keil.o(.emb_text) referenced from arm_startup_nrf52.o(RESET)
 <LI><a href="#[30]">HardFault_c_handler</a> from hardfault_implementation.o(i.HardFault_c_handler) referenced from hardfault_handler_keil.o(.emb_text)
 <LI><a href="#[2d]">I2S_IRQHandler</a> from nrf_drv_i2s.o(i.I2S_IRQHandler) referenced from arm_startup_nrf52.o(RESET)
 <LI><a href="#[28]">MWU_IRQHandler</a> from arm_startup_nrf52.o(.text) referenced from arm_startup_nrf52.o(RESET)
 <LI><a href="#[3]">MemoryManagement_Handler</a> from arm_startup_nrf52.o(.text) referenced from arm_startup_nrf52.o(RESET)
 <LI><a href="#[f]">NFCT_IRQHandler</a> from arm_startup_nrf52.o(.text) referenced from arm_startup_nrf52.o(RESET)
 <LI><a href="#[1]">NMI_Handler</a> from arm_startup_nrf52.o(.text) referenced from arm_startup_nrf52.o(RESET)
 <LI><a href="#[27]">PDM_IRQHandler</a> from nrf_drv_pdm.o(i.PDM_IRQHandler) referenced from arm_startup_nrf52.o(RESET)
 <LI><a href="#[a]">POWER_CLOCK_IRQHandler</a> from nrf_drv_common.o(i.POWER_CLOCK_IRQHandler) referenced from arm_startup_nrf52.o(RESET)
 <LI><a href="#[26]">PWM0_IRQHandler</a> from nrf_drv_pwm.o(i.PWM0_IRQHandler) referenced from arm_startup_nrf52.o(RESET)
 <LI><a href="#[29]">PWM1_IRQHandler</a> from nrf_drv_pwm.o(i.PWM1_IRQHandler) referenced from arm_startup_nrf52.o(RESET)
 <LI><a href="#[2a]">PWM2_IRQHandler</a> from nrf_drv_pwm.o(i.PWM2_IRQHandler) referenced from arm_startup_nrf52.o(RESET)
 <LI><a href="#[8]">PendSV_Handler</a> from arm_startup_nrf52.o(.text) referenced from arm_startup_nrf52.o(RESET)
 <LI><a href="#[1c]">QDEC_IRQHandler</a> from nrf_drv_qdec.o(i.QDEC_IRQHandler) referenced from arm_startup_nrf52.o(RESET)
 <LI><a href="#[b]">RADIO_IRQHandler</a> from arm_startup_nrf52.o(.text) referenced from arm_startup_nrf52.o(RESET)
 <LI><a href="#[17]">RNG_IRQHandler</a> from nrf_drv_rng.o(i.RNG_IRQHandler) referenced from arm_startup_nrf52.o(RESET)
 <LI><a href="#[15]">RTC0_IRQHandler</a> from nrf_drv_rtc.o(i.RTC0_IRQHandler) referenced from arm_startup_nrf52.o(RESET)
 <LI><a href="#[1b]">RTC1_IRQHandler</a> from app_timer.o(i.RTC1_IRQHandler) referenced from arm_startup_nrf52.o(RESET)
 <LI><a href="#[2c]">RTC2_IRQHandler</a> from nrf_drv_rtc.o(i.RTC2_IRQHandler) referenced from arm_startup_nrf52.o(RESET)
 <LI><a href="#[0]">Reset_Handler</a> from arm_startup_nrf52.o(.text) referenced from arm_startup_nrf52.o(RESET)
 <LI><a href="#[11]">SAADC_IRQHandler</a> from nrf_drv_saadc.o(i.SAADC_IRQHandler) referenced from arm_startup_nrf52.o(RESET)
 <LI><a href="#[d]">SPIM0_SPIS0_TWIM0_TWIS0_SPI0_TWI0_IRQHandler</a> from nrf_drv_common.o(i.SPIM0_SPIS0_TWIM0_TWIS0_SPI0_TWI0_IRQHandler) referenced from arm_startup_nrf52.o(RESET)
 <LI><a href="#[e]">SPIM1_SPIS1_TWIM1_TWIS1_SPI1_TWI1_IRQHandler</a> from nrf_drv_common.o(i.SPIM1_SPIS1_TWIM1_TWIS1_SPI1_TWI1_IRQHandler) referenced from arm_startup_nrf52.o(RESET)
 <LI><a href="#[2b]">SPIM2_SPIS2_SPI2_IRQHandler</a> from nrf_drv_common.o(i.SPIM2_SPIS2_SPI2_IRQHandler) referenced from arm_startup_nrf52.o(RESET)
 <LI><a href="#[6]">SVC_Handler</a> from arm_startup_nrf52.o(.text) referenced from arm_startup_nrf52.o(RESET)
 <LI><a href="#[1e]">SWI0_EGU0_IRQHandler</a> from app_timer.o(i.SWI0_EGU0_IRQHandler) referenced from arm_startup_nrf52.o(RESET)
 <LI><a href="#[1f]">SWI1_EGU1_IRQHandler</a> from nrf_drv_swi.o(i.SWI1_EGU1_IRQHandler) referenced from arm_startup_nrf52.o(RESET)
 <LI><a href="#[20]">SWI2_EGU2_IRQHandler</a> from nrf_drv_swi.o(i.SWI2_EGU2_IRQHandler) referenced from arm_startup_nrf52.o(RESET)
 <LI><a href="#[21]">SWI3_EGU3_IRQHandler</a> from nrf_drv_swi.o(i.SWI3_EGU3_IRQHandler) referenced from arm_startup_nrf52.o(RESET)
 <LI><a href="#[22]">SWI4_EGU4_IRQHandler</a> from nrf_drv_swi.o(i.SWI4_EGU4_IRQHandler) referenced from arm_startup_nrf52.o(RESET)
 <LI><a href="#[23]">SWI5_EGU5_IRQHandler</a> from nrf_drv_swi.o(i.SWI5_EGU5_IRQHandler) referenced from arm_startup_nrf52.o(RESET)
 <LI><a href="#[9]">SysTick_Handler</a> from arm_startup_nrf52.o(.text) referenced from arm_startup_nrf52.o(RESET)
 <LI><a href="#[31]">SystemInit</a> from system_nrf52.o(i.SystemInit) referenced from arm_startup_nrf52.o(.text)
 <LI><a href="#[16]">TEMP_IRQHandler</a> from arm_startup_nrf52.o(.text) referenced from arm_startup_nrf52.o(RESET)
 <LI><a href="#[12]">TIMER0_IRQHandler</a> from nrf_drv_timer.o(i.TIMER0_IRQHandler) referenced from arm_startup_nrf52.o(RESET)
 <LI><a href="#[13]">TIMER1_IRQHandler</a> from nrf_drv_timer.o(i.TIMER1_IRQHandler) referenced from arm_startup_nrf52.o(RESET)
 <LI><a href="#[14]">TIMER2_IRQHandler</a> from nrf_drv_timer.o(i.TIMER2_IRQHandler) referenced from arm_startup_nrf52.o(RESET)
 <LI><a href="#[24]">TIMER3_IRQHandler</a> from nrf_drv_timer.o(i.TIMER3_IRQHandler) referenced from arm_startup_nrf52.o(RESET)
 <LI><a href="#[25]">TIMER4_IRQHandler</a> from nrf_drv_timer.o(i.TIMER4_IRQHandler) referenced from arm_startup_nrf52.o(RESET)
 <LI><a href="#[c]">UARTE0_UART0_IRQHandler</a> from nrf_drv_uart.o(i.UARTE0_UART0_IRQHandler) referenced from arm_startup_nrf52.o(RESET)
 <LI><a href="#[5]">UsageFault_Handler</a> from arm_startup_nrf52.o(.text) referenced from arm_startup_nrf52.o(RESET)
 <LI><a href="#[1a]">WDT_IRQHandler</a> from nrf_drv_wdt.o(i.WDT_IRQHandler) referenced from arm_startup_nrf52.o(RESET)
 <LI><a href="#[32]">__main</a> from entry.o(.ARM.Collect$$$$00000000) referenced from arm_startup_nrf52.o(.text)
 <LI><a href="#[2f]">main</a> from main.o(i.main) referenced from entry9a.o(.ARM.Collect$$$$0000000B)
 <LI><a href="#[36]">nrf_cli_cmd_clear</a> from nrf_cli.o(i.nrf_cli_cmd_clear) referenced from nrf_cli.o(.constdata)
 <LI><a href="#[35]">nrf_cli_cmd_colors</a> from nrf_cli.o(i.nrf_cli_cmd_colors) referenced from nrf_cli.o(.constdata)
 <LI><a href="#[33]">nrf_cli_cmd_colors_off</a> from nrf_cli.o(i.nrf_cli_cmd_colors_off) referenced from nrf_cli.o(.constdata)
 <LI><a href="#[34]">nrf_cli_cmd_colors_on</a> from nrf_cli.o(i.nrf_cli_cmd_colors_on) referenced from nrf_cli.o(.constdata)
 <LI><a href="#[37]">nrf_cli_cmd_history</a> from nrf_cli.o(i.nrf_cli_cmd_history) referenced from nrf_cli.o(.constdata)
 <LI><a href="#[39]">nrf_cli_cmd_resize</a> from nrf_cli.o(i.nrf_cli_cmd_resize) referenced from nrf_cli.o(.constdata)
 <LI><a href="#[38]">nrf_cli_cmd_resize_default</a> from nrf_cli.o(i.nrf_cli_cmd_resize_default) referenced from nrf_cli.o(.constdata)
</UL>
<P>
<H3>
Global Symbols
</H3>
<P><STRONG><a name="[32]"></a>__main</STRONG> (Thumb, 0 bytes, Stack size unknown bytes, entry.o(.ARM.Collect$$$$00000000))
<BR>[Address Reference Count : 1]<UL><LI> arm_startup_nrf52.o(.text)
</UL>
<P><STRONG><a name="[a2]"></a>_main_stk</STRONG> (Thumb, 0 bytes, Stack size unknown bytes, entry2.o(.ARM.Collect$$$$00000001))

<P><STRONG><a name="[3a]"></a>_main_scatterload</STRONG> (Thumb, 0 bytes, Stack size unknown bytes, entry5.o(.ARM.Collect$$$$00000004))
<BR><BR>[Calls]<UL><LI><a href="#[3b]">&gt;&gt;</a>&nbsp;&nbsp;&nbsp;__scatterload
</UL>

<P><STRONG><a name="[3f]"></a>__main_after_scatterload</STRONG> (Thumb, 0 bytes, Stack size unknown bytes, entry5.o(.ARM.Collect$$$$00000004))
<BR><BR>[Called By]<UL><LI><a href="#[3b]">&gt;&gt;</a>&nbsp;&nbsp;&nbsp;__scatterload
</UL>

<P><STRONG><a name="[a3]"></a>_main_clock</STRONG> (Thumb, 0 bytes, Stack size unknown bytes, entry7b.o(.ARM.Collect$$$$00000008))

<P><STRONG><a name="[a4]"></a>_main_cpp_init</STRONG> (Thumb, 0 bytes, Stack size unknown bytes, entry8b.o(.ARM.Collect$$$$0000000A))

<P><STRONG><a name="[a5]"></a>_main_init</STRONG> (Thumb, 0 bytes, Stack size unknown bytes, entry9a.o(.ARM.Collect$$$$0000000B))

<P><STRONG><a name="[a6]"></a>__rt_final_cpp</STRONG> (Thumb, 0 bytes, Stack size unknown bytes, entry10a.o(.ARM.Collect$$$$0000000D))

<P><STRONG><a name="[a7]"></a>__rt_final_exit</STRONG> (Thumb, 0 bytes, Stack size unknown bytes, entry11a.o(.ARM.Collect$$$$0000000F))

<P><STRONG><a name="[2]"></a>HardFault_Handler</STRONG> (Thumb, 40 bytes, Stack size 0 bytes, hardfault_handler_keil.o(.emb_text))
<BR>[Address Reference Count : 1]<UL><LI> arm_startup_nrf52.o(RESET)
</UL>
<P><STRONG><a name="[0]"></a>Reset_Handler</STRONG> (Thumb, 8 bytes, Stack size 0 bytes, arm_startup_nrf52.o(.text))
<BR>[Address Reference Count : 1]<UL><LI> arm_startup_nrf52.o(RESET)
</UL>
<P><STRONG><a name="[1]"></a>NMI_Handler</STRONG> (Thumb, 2 bytes, Stack size 0 bytes, arm_startup_nrf52.o(.text))
<BR><BR>[Calls]<UL><LI><a href="#[1]">&gt;&gt;</a>&nbsp;&nbsp;&nbsp;NMI_Handler
</UL>
<BR>[Called By]<UL><LI><a href="#[1]">&gt;&gt;</a>&nbsp;&nbsp;&nbsp;NMI_Handler
</UL>
<BR>[Address Reference Count : 1]<UL><LI> arm_startup_nrf52.o(RESET)
</UL>
<P><STRONG><a name="[3]"></a>MemoryManagement_Handler</STRONG> (Thumb, 2 bytes, Stack size 0 bytes, arm_startup_nrf52.o(.text))
<BR><BR>[Calls]<UL><LI><a href="#[3]">&gt;&gt;</a>&nbsp;&nbsp;&nbsp;MemoryManagement_Handler
</UL>
<BR>[Called By]<UL><LI><a href="#[3]">&gt;&gt;</a>&nbsp;&nbsp;&nbsp;MemoryManagement_Handler
</UL>
<BR>[Address Reference Count : 1]<UL><LI> arm_startup_nrf52.o(RESET)
</UL>
<P><STRONG><a name="[4]"></a>BusFault_Handler</STRONG> (Thumb, 2 bytes, Stack size 0 bytes, arm_startup_nrf52.o(.text))
<BR><BR>[Calls]<UL><LI><a href="#[4]">&gt;&gt;</a>&nbsp;&nbsp;&nbsp;BusFault_Handler
</UL>
<BR>[Called By]<UL><LI><a href="#[4]">&gt;&gt;</a>&nbsp;&nbsp;&nbsp;BusFault_Handler
</UL>
<BR>[Address Reference Count : 1]<UL><LI> arm_startup_nrf52.o(RESET)
</UL>
<P><STRONG><a name="[5]"></a>UsageFault_Handler</STRONG> (Thumb, 2 bytes, Stack size 0 bytes, arm_startup_nrf52.o(.text))
<BR><BR>[Calls]<UL><LI><a href="#[5]">&gt;&gt;</a>&nbsp;&nbsp;&nbsp;UsageFault_Handler
</UL>
<BR>[Called By]<UL><LI><a href="#[5]">&gt;&gt;</a>&nbsp;&nbsp;&nbsp;UsageFault_Handler
</UL>
<BR>[Address Reference Count : 1]<UL><LI> arm_startup_nrf52.o(RESET)
</UL>
<P><STRONG><a name="[6]"></a>SVC_Handler</STRONG> (Thumb, 2 bytes, Stack size 0 bytes, arm_startup_nrf52.o(.text))
<BR><BR>[Calls]<UL><LI><a href="#[6]">&gt;&gt;</a>&nbsp;&nbsp;&nbsp;SVC_Handler
</UL>
<BR>[Called By]<UL><LI><a href="#[6]">&gt;&gt;</a>&nbsp;&nbsp;&nbsp;SVC_Handler
</UL>
<BR>[Address Reference Count : 1]<UL><LI> arm_startup_nrf52.o(RESET)
</UL>
<P><STRONG><a name="[7]"></a>DebugMon_Handler</STRONG> (Thumb, 2 bytes, Stack size 0 bytes, arm_startup_nrf52.o(.text))
<BR><BR>[Calls]<UL><LI><a href="#[7]">&gt;&gt;</a>&nbsp;&nbsp;&nbsp;DebugMon_Handler
</UL>
<BR>[Called By]<UL><LI><a href="#[7]">&gt;&gt;</a>&nbsp;&nbsp;&nbsp;DebugMon_Handler
</UL>
<BR>[Address Reference Count : 1]<UL><LI> arm_startup_nrf52.o(RESET)
</UL>
<P><STRONG><a name="[8]"></a>PendSV_Handler</STRONG> (Thumb, 2 bytes, Stack size 0 bytes, arm_startup_nrf52.o(.text))
<BR><BR>[Calls]<UL><LI><a href="#[8]">&gt;&gt;</a>&nbsp;&nbsp;&nbsp;PendSV_Handler
</UL>
<BR>[Called By]<UL><LI><a href="#[8]">&gt;&gt;</a>&nbsp;&nbsp;&nbsp;PendSV_Handler
</UL>
<BR>[Address Reference Count : 1]<UL><LI> arm_startup_nrf52.o(RESET)
</UL>
<P><STRONG><a name="[9]"></a>SysTick_Handler</STRONG> (Thumb, 2 bytes, Stack size 0 bytes, arm_startup_nrf52.o(.text))
<BR><BR>[Calls]<UL><LI><a href="#[9]">&gt;&gt;</a>&nbsp;&nbsp;&nbsp;SysTick_Handler
</UL>
<BR>[Called By]<UL><LI><a href="#[9]">&gt;&gt;</a>&nbsp;&nbsp;&nbsp;SysTick_Handler
</UL>
<BR>[Address Reference Count : 1]<UL><LI> arm_startup_nrf52.o(RESET)
</UL>
<P><STRONG><a name="[19]"></a>CCM_AAR_IRQHandler</STRONG> (Thumb, 0 bytes, Stack size 0 bytes, arm_startup_nrf52.o(.text))
<BR><BR>[Calls]<UL><LI><a href="#[19]">&gt;&gt;</a>&nbsp;&nbsp;&nbsp;CCM_AAR_IRQHandler
</UL>
<BR>[Called By]<UL><LI><a href="#[19]">&gt;&gt;</a>&nbsp;&nbsp;&nbsp;CCM_AAR_IRQHandler
</UL>
<BR>[Address Reference Count : 1]<UL><LI> arm_startup_nrf52.o(RESET)
</UL>
<P><STRONG><a name="[18]"></a>ECB_IRQHandler</STRONG> (Thumb, 0 bytes, Stack size 0 bytes, arm_startup_nrf52.o(.text))
<BR>[Address Reference Count : 1]<UL><LI> arm_startup_nrf52.o(RESET)
</UL>
<P><STRONG><a name="[2e]"></a>FPU_IRQHandler</STRONG> (Thumb, 0 bytes, Stack size 0 bytes, arm_startup_nrf52.o(.text))
<BR>[Address Reference Count : 1]<UL><LI> arm_startup_nrf52.o(RESET)
</UL>
<P><STRONG><a name="[28]"></a>MWU_IRQHandler</STRONG> (Thumb, 0 bytes, Stack size 0 bytes, arm_startup_nrf52.o(.text))
<BR>[Address Reference Count : 1]<UL><LI> arm_startup_nrf52.o(RESET)
</UL>
<P><STRONG><a name="[f]"></a>NFCT_IRQHandler</STRONG> (Thumb, 0 bytes, Stack size 0 bytes, arm_startup_nrf52.o(.text))
<BR>[Address Reference Count : 1]<UL><LI> arm_startup_nrf52.o(RESET)
</UL>
<P><STRONG><a name="[b]"></a>RADIO_IRQHandler</STRONG> (Thumb, 0 bytes, Stack size 0 bytes, arm_startup_nrf52.o(.text))
<BR>[Address Reference Count : 1]<UL><LI> arm_startup_nrf52.o(RESET)
</UL>
<P><STRONG><a name="[16]"></a>TEMP_IRQHandler</STRONG> (Thumb, 0 bytes, Stack size 0 bytes, arm_startup_nrf52.o(.text))
<BR>[Address Reference Count : 1]<UL><LI> arm_startup_nrf52.o(RESET)
</UL>
<P><STRONG><a name="[7f]"></a>__rt_ctype_table</STRONG> (Thumb, 4 bytes, Stack size 0 bytes, ctype_o.o(.text))
<BR><BR>[Called By]<UL><LI><a href="#[7e]">&gt;&gt;</a>&nbsp;&nbsp;&nbsp;format_offset_string_print
</UL>

<P><STRONG><a name="[a8]"></a>___aeabi_memcpy8$move</STRONG> (Thumb, 0 bytes, Stack size 8 bytes, memmovea.o(.text), UNUSED)

<P><STRONG><a name="[89]"></a>__aeabi_memcpy</STRONG> (Thumb, 64 bytes, Stack size 8 bytes, memmovea.o(.text))
<BR><BR>[Stack]<UL><LI>Max Depth = 8<LI>Call Chain = __aeabi_memcpy
</UL>
<BR>[Called By]<UL><LI><a href="#[4e]">&gt;&gt;</a>&nbsp;&nbsp;&nbsp;nrf_queue_push
<LI><a href="#[88]">&gt;&gt;</a>&nbsp;&nbsp;&nbsp;memobj_op
</UL>

<P><STRONG><a name="[a9]"></a>__aeabi_memcpy4</STRONG> (Thumb, 0 bytes, Stack size 8 bytes, memmovea.o(.text), UNUSED)

<P><STRONG><a name="[62]"></a>__aeabi_memmove</STRONG> (Thumb, 0 bytes, Stack size 8 bytes, memmovea.o(.text), UNUSED)
<BR><BR>[Called By]<UL><LI><a href="#[61]">&gt;&gt;</a>&nbsp;&nbsp;&nbsp;char_insert
</UL>

<P><STRONG><a name="[aa]"></a>__aeabi_memmove4</STRONG> (Thumb, 0 bytes, Stack size 8 bytes, memmovea.o(.text), UNUSED)

<P><STRONG><a name="[ab]"></a>__aeabi_memmove8</STRONG> (Thumb, 0 bytes, Stack size 8 bytes, memmovea.o(.text), UNUSED)

<P><STRONG><a name="[3d]"></a>__aeabi_memset</STRONG> (Thumb, 14 bytes, Stack size 0 bytes, memseta.o(.text), UNUSED)
<BR><BR>[Called By]<UL><LI><a href="#[3e]">&gt;&gt;</a>&nbsp;&nbsp;&nbsp;_memset$wrapper
<LI><a href="#[3c]">&gt;&gt;</a>&nbsp;&nbsp;&nbsp;__aeabi_memclr
</UL>

<P><STRONG><a name="[ac]"></a>__aeabi_memset4</STRONG> (Thumb, 0 bytes, Stack size 0 bytes, memseta.o(.text), UNUSED)

<P><STRONG><a name="[ad]"></a>__aeabi_memset8</STRONG> (Thumb, 0 bytes, Stack size 0 bytes, memseta.o(.text), UNUSED)

<P><STRONG><a name="[3c]"></a>__aeabi_memclr</STRONG> (Thumb, 4 bytes, Stack size 0 bytes, memseta.o(.text), UNUSED)
<BR><BR>[Calls]<UL><LI><a href="#[3d]">&gt;&gt;</a>&nbsp;&nbsp;&nbsp;__aeabi_memset
</UL>

<P><STRONG><a name="[7b]"></a>__aeabi_memclr4</STRONG> (Thumb, 0 bytes, Stack size 0 bytes, memseta.o(.text))
<BR><BR>[Called By]<UL><LI><a href="#[7a]">&gt;&gt;</a>&nbsp;&nbsp;&nbsp;cursor_position_get
</UL>

<P><STRONG><a name="[ae]"></a>__aeabi_memclr8</STRONG> (Thumb, 0 bytes, Stack size 0 bytes, memseta.o(.text), UNUSED)

<P><STRONG><a name="[3e]"></a>_memset$wrapper</STRONG> (Thumb, 18 bytes, Stack size 8 bytes, memseta.o(.text), UNUSED)
<BR><BR>[Calls]<UL><LI><a href="#[3d]">&gt;&gt;</a>&nbsp;&nbsp;&nbsp;__aeabi_memset
</UL>

<P><STRONG><a name="[71]"></a>strlen</STRONG> (Thumb, 14 bytes, Stack size 0 bytes, strlen.o(.text))
<BR><BR>[Called By]<UL><LI><a href="#[8f]">&gt;&gt;</a>&nbsp;&nbsp;&nbsp;nrf_fprintf_fmt
<LI><a href="#[70]">&gt;&gt;</a>&nbsp;&nbsp;&nbsp;cli_strlen
</UL>

<P><STRONG><a name="[73]"></a>strcmp</STRONG> (Thumb, 28 bytes, Stack size 8 bytes, strcmp.o(.text))
<BR><BR>[Stack]<UL><LI>Max Depth = 8<LI>Call Chain = strcmp
</UL>
<BR>[Called By]<UL><LI><a href="#[72]">&gt;&gt;</a>&nbsp;&nbsp;&nbsp;cmd_get
</UL>

<P><STRONG><a name="[3b]"></a>__scatterload</STRONG> (Thumb, 28 bytes, Stack size 0 bytes, init.o(.text))
<BR><BR>[Calls]<UL><LI><a href="#[3f]">&gt;&gt;</a>&nbsp;&nbsp;&nbsp;__main_after_scatterload
</UL>
<BR>[Called By]<UL><LI><a href="#[3a]">&gt;&gt;</a>&nbsp;&nbsp;&nbsp;_main_scatterload
</UL>

<P><STRONG><a name="[af]"></a>__scatterload_rt2</STRONG> (Thumb, 0 bytes, Stack size 0 bytes, init.o(.text), UNUSED)

<P><STRONG><a name="[1d]"></a>COMP_LPCOMP_IRQHandler</STRONG> (Thumb, 6 bytes, Stack size 0 bytes, nrf_drv_common.o(i.COMP_LPCOMP_IRQHandler))
<BR>[Address Reference Count : 1]<UL><LI> arm_startup_nrf52.o(RESET)
</UL>
<P><STRONG><a name="[10]"></a>GPIOTE_IRQHandler</STRONG> (Thumb, 362 bytes, Stack size 80 bytes, nrf_drv_gpiote.o(i.GPIOTE_IRQHandler))
<BR><BR>[Stack]<UL><LI>Max Depth = 92<LI>Call Chain = GPIOTE_IRQHandler &rArr; nrf_gpio_ports_read
</UL>
<BR>[Calls]<UL><LI><a href="#[40]">&gt;&gt;</a>&nbsp;&nbsp;&nbsp;nrf_gpiote_event_is_set
<LI><a href="#[41]">&gt;&gt;</a>&nbsp;&nbsp;&nbsp;nrf_gpiote_event_clear
<LI><a href="#[42]">&gt;&gt;</a>&nbsp;&nbsp;&nbsp;nrf_gpio_ports_read
<LI><a href="#[45]">&gt;&gt;</a>&nbsp;&nbsp;&nbsp;nrf_gpio_cfg_sense_set
<LI><a href="#[43]">&gt;&gt;</a>&nbsp;&nbsp;&nbsp;nrf_bitmask_bit_is_set
<LI><a href="#[44]">&gt;&gt;</a>&nbsp;&nbsp;&nbsp;channel_port_get
</UL>
<BR>[Address Reference Count : 1]<UL><LI> arm_startup_nrf52.o(RESET)
</UL>
<P><STRONG><a name="[30]"></a>HardFault_c_handler</STRONG> (Thumb, 4 bytes, Stack size 0 bytes, hardfault_implementation.o(i.HardFault_c_handler))
<BR><BR>[Calls]<UL><LI><a href="#[46]">&gt;&gt;</a>&nbsp;&nbsp;&nbsp;HardFault_process
</UL>
<BR>[Address Reference Count : 1]<UL><LI> hardfault_handler_keil.o(.emb_text)
</UL>
<P><STRONG><a name="[46]"></a>HardFault_process</STRONG> (Thumb, 26 bytes, Stack size 0 bytes, hardfault_implementation.o(i.HardFault_process))
<BR><BR>[Called By]<UL><LI><a href="#[30]">&gt;&gt;</a>&nbsp;&nbsp;&nbsp;HardFault_c_handler
</UL>

<P><STRONG><a name="[2d]"></a>I2S_IRQHandler</STRONG> (Thumb, 206 bytes, Stack size 24 bytes, nrf_drv_i2s.o(i.I2S_IRQHandler))
<BR><BR>[Stack]<UL><LI>Max Depth = 32<LI>Call Chain = I2S_IRQHandler &rArr; nrf_i2s_event_clear
</UL>
<BR>[Calls]<UL><LI><a href="#[48]">&gt;&gt;</a>&nbsp;&nbsp;&nbsp;nrf_i2s_event_clear
<LI><a href="#[47]">&gt;&gt;</a>&nbsp;&nbsp;&nbsp;nrf_i2s_event_check
</UL>
<BR>[Address Reference Count : 1]<UL><LI> arm_startup_nrf52.o(RESET)
</UL>
<P><STRONG><a name="[27]"></a>PDM_IRQHandler</STRONG> (Thumb, 222 bytes, Stack size 32 bytes, nrf_drv_pdm.o(i.PDM_IRQHandler))
<BR><BR>[Stack]<UL><LI>Max Depth = 40<LI>Call Chain = PDM_IRQHandler &rArr; nrf_pdm_event_clear
</UL>
<BR>[Calls]<UL><LI><a href="#[4a]">&gt;&gt;</a>&nbsp;&nbsp;&nbsp;nrf_pdm_event_clear
<LI><a href="#[49]">&gt;&gt;</a>&nbsp;&nbsp;&nbsp;nrf_pdm_event_check
</UL>
<BR>[Address Reference Count : 1]<UL><LI> arm_startup_nrf52.o(RESET)
</UL>
<P><STRONG><a name="[a]"></a>POWER_CLOCK_IRQHandler</STRONG> (Thumb, 14 bytes, Stack size 8 bytes, nrf_drv_common.o(i.POWER_CLOCK_IRQHandler))
<BR><BR>[Stack]<UL><LI>Max Depth = 48<LI>Call Chain = POWER_CLOCK_IRQHandler &rArr; nrf_drv_clock_onIRQ &rArr; clock_clk_started_notify
</UL>
<BR>[Calls]<UL><LI><a href="#[4b]">&gt;&gt;</a>&nbsp;&nbsp;&nbsp;nrf_drv_clock_onIRQ
<LI><a href="#[4c]">&gt;&gt;</a>&nbsp;&nbsp;&nbsp;nrf_drv_power_onIRQ
</UL>
<BR>[Address Reference Count : 1]<UL><LI> arm_startup_nrf52.o(RESET)
</UL>
<P><STRONG><a name="[26]"></a>PWM0_IRQHandler</STRONG> (Thumb, 8 bytes, Stack size 0 bytes, nrf_drv_pwm.o(i.PWM0_IRQHandler))
<BR><BR>[Stack]<UL><LI>Max Depth = 24<LI>Call Chain = PWM0_IRQHandler &rArr; irq_handler &rArr; nrf_pwm_event_clear
</UL>
<BR>[Calls]<UL><LI><a href="#[4d]">&gt;&gt;</a>&nbsp;&nbsp;&nbsp;irq_handler
</UL>
<BR>[Address Reference Count : 1]<UL><LI> arm_startup_nrf52.o(RESET)
</UL>
<P><STRONG><a name="[29]"></a>PWM1_IRQHandler</STRONG> (Thumb, 8 bytes, Stack size 0 bytes, nrf_drv_pwm.o(i.PWM1_IRQHandler))
<BR><BR>[Stack]<UL><LI>Max Depth = 24<LI>Call Chain = PWM1_IRQHandler &rArr; irq_handler &rArr; nrf_pwm_event_clear
</UL>
<BR>[Calls]<UL><LI><a href="#[4d]">&gt;&gt;</a>&nbsp;&nbsp;&nbsp;irq_handler
</UL>
<BR>[Address Reference Count : 1]<UL><LI> arm_startup_nrf52.o(RESET)
</UL>
<P><STRONG><a name="[2a]"></a>PWM2_IRQHandler</STRONG> (Thumb, 8 bytes, Stack size 0 bytes, nrf_drv_pwm.o(i.PWM2_IRQHandler))
<BR><BR>[Stack]<UL><LI>Max Depth = 24<LI>Call Chain = PWM2_IRQHandler &rArr; irq_handler &rArr; nrf_pwm_event_clear
</UL>
<BR>[Calls]<UL><LI><a href="#[4d]">&gt;&gt;</a>&nbsp;&nbsp;&nbsp;irq_handler
</UL>
<BR>[Address Reference Count : 1]<UL><LI> arm_startup_nrf52.o(RESET)
</UL>
<P><STRONG><a name="[1c]"></a>QDEC_IRQHandler</STRONG> (Thumb, 172 bytes, Stack size 32 bytes, nrf_drv_qdec.o(i.QDEC_IRQHandler))
<BR><BR>[Stack]<UL><LI>Max Depth = 32<LI>Call Chain = QDEC_IRQHandler
</UL>
<BR>[Address Reference Count : 1]<UL><LI> arm_startup_nrf52.o(RESET)
</UL>
<P><STRONG><a name="[17]"></a>RNG_IRQHandler</STRONG> (Thumb, 62 bytes, Stack size 16 bytes, nrf_drv_rng.o(i.RNG_IRQHandler))
<BR><BR>[Stack]<UL><LI>Max Depth = 48<LI>Call Chain = RNG_IRQHandler &rArr; nrf_queue_push &rArr; __aeabi_memcpy
</UL>
<BR>[Calls]<UL><LI><a href="#[4e]">&gt;&gt;</a>&nbsp;&nbsp;&nbsp;nrf_queue_push
<LI><a href="#[4f]">&gt;&gt;</a>&nbsp;&nbsp;&nbsp;nrf_queue_is_full
<LI><a href="#[50]">&gt;&gt;</a>&nbsp;&nbsp;&nbsp;nrf_drv_rng_stop
</UL>
<BR>[Address Reference Count : 1]<UL><LI> arm_startup_nrf52.o(RESET)
</UL>
<P><STRONG><a name="[15]"></a>RTC0_IRQHandler</STRONG> (Thumb, 10 bytes, Stack size 0 bytes, nrf_drv_rtc.o(i.RTC0_IRQHandler))
<BR><BR>[Stack]<UL><LI>Max Depth = 40<LI>Call Chain = RTC0_IRQHandler &rArr; nrf_drv_rtc_int_handler &rArr; nrf_rtc_event_clear
</UL>
<BR>[Calls]<UL><LI><a href="#[51]">&gt;&gt;</a>&nbsp;&nbsp;&nbsp;nrf_drv_rtc_int_handler
</UL>
<BR>[Address Reference Count : 1]<UL><LI> arm_startup_nrf52.o(RESET)
</UL>
<P><STRONG><a name="[1b]"></a>RTC1_IRQHandler</STRONG> (Thumb, 32 bytes, Stack size 0 bytes, app_timer.o(i.RTC1_IRQHandler))
<BR><BR>[Stack]<UL><LI>Max Depth = 24<LI>Call Chain = RTC1_IRQHandler &rArr; timer_timeouts_check
</UL>
<BR>[Calls]<UL><LI><a href="#[52]">&gt;&gt;</a>&nbsp;&nbsp;&nbsp;timer_timeouts_check
</UL>
<BR>[Address Reference Count : 1]<UL><LI> arm_startup_nrf52.o(RESET)
</UL>
<P><STRONG><a name="[2c]"></a>RTC2_IRQHandler</STRONG> (Thumb, 10 bytes, Stack size 0 bytes, nrf_drv_rtc.o(i.RTC2_IRQHandler))
<BR><BR>[Stack]<UL><LI>Max Depth = 40<LI>Call Chain = RTC2_IRQHandler &rArr; nrf_drv_rtc_int_handler &rArr; nrf_rtc_event_clear
</UL>
<BR>[Calls]<UL><LI><a href="#[51]">&gt;&gt;</a>&nbsp;&nbsp;&nbsp;nrf_drv_rtc_int_handler
</UL>
<BR>[Address Reference Count : 1]<UL><LI> arm_startup_nrf52.o(RESET)
</UL>
<P><STRONG><a name="[11]"></a>SAADC_IRQHandler</STRONG> (Thumb, 320 bytes, Stack size 40 bytes, nrf_drv_saadc.o(i.SAADC_IRQHandler))
<BR><BR>[Stack]<UL><LI>Max Depth = 48<LI>Call Chain = SAADC_IRQHandler &rArr; nrf_saadc_event_clear
</UL>
<BR>[Calls]<UL><LI><a href="#[54]">&gt;&gt;</a>&nbsp;&nbsp;&nbsp;nrf_saadc_event_clear
<LI><a href="#[53]">&gt;&gt;</a>&nbsp;&nbsp;&nbsp;nrf_saadc_event_check
<LI><a href="#[55]">&gt;&gt;</a>&nbsp;&nbsp;&nbsp;nrf_saadc_buffer_init
</UL>
<BR>[Address Reference Count : 1]<UL><LI> arm_startup_nrf52.o(RESET)
</UL>
<P><STRONG><a name="[d]"></a>SPIM0_SPIS0_TWIM0_TWIS0_SPI0_TWI0_IRQHandler</STRONG> (Thumb, 6 bytes, Stack size 0 bytes, nrf_drv_common.o(i.SPIM0_SPIS0_TWIM0_TWIS0_SPI0_TWI0_IRQHandler))
<BR>[Address Reference Count : 1]<UL><LI> arm_startup_nrf52.o(RESET)
</UL>
<P><STRONG><a name="[e]"></a>SPIM1_SPIS1_TWIM1_TWIS1_SPI1_TWI1_IRQHandler</STRONG> (Thumb, 6 bytes, Stack size 0 bytes, nrf_drv_common.o(i.SPIM1_SPIS1_TWIM1_TWIS1_SPI1_TWI1_IRQHandler))
<BR>[Address Reference Count : 1]<UL><LI> arm_startup_nrf52.o(RESET)
</UL>
<P><STRONG><a name="[2b]"></a>SPIM2_SPIS2_SPI2_IRQHandler</STRONG> (Thumb, 6 bytes, Stack size 0 bytes, nrf_drv_common.o(i.SPIM2_SPIS2_SPI2_IRQHandler))
<BR>[Address Reference Count : 1]<UL><LI> arm_startup_nrf52.o(RESET)
</UL>
<P><STRONG><a name="[1e]"></a>SWI0_EGU0_IRQHandler</STRONG> (Thumb, 4 bytes, Stack size 0 bytes, app_timer.o(i.SWI0_EGU0_IRQHandler))
<BR><BR>[Stack]<UL><LI>Max Depth = 96<LI>Call Chain = SWI0_EGU0_IRQHandler &rArr; timer_list_handler &rArr; list_insertions_handler &rArr; timer_list_remove
</UL>
<BR>[Calls]<UL><LI><a href="#[56]">&gt;&gt;</a>&nbsp;&nbsp;&nbsp;timer_list_handler
</UL>
<BR>[Address Reference Count : 1]<UL><LI> arm_startup_nrf52.o(RESET)
</UL>
<P><STRONG><a name="[1f]"></a>SWI1_EGU1_IRQHandler</STRONG> (Thumb, 10 bytes, Stack size 0 bytes, nrf_drv_swi.o(i.SWI1_EGU1_IRQHandler))
<BR><BR>[Calls]<UL><LI><a href="#[57]">&gt;&gt;</a>&nbsp;&nbsp;&nbsp;nrf_drv_swi_process
</UL>
<BR>[Address Reference Count : 1]<UL><LI> arm_startup_nrf52.o(RESET)
</UL>
<P><STRONG><a name="[20]"></a>SWI2_EGU2_IRQHandler</STRONG> (Thumb, 10 bytes, Stack size 0 bytes, nrf_drv_swi.o(i.SWI2_EGU2_IRQHandler))
<BR><BR>[Calls]<UL><LI><a href="#[57]">&gt;&gt;</a>&nbsp;&nbsp;&nbsp;nrf_drv_swi_process
</UL>
<BR>[Address Reference Count : 1]<UL><LI> arm_startup_nrf52.o(RESET)
</UL>
<P><STRONG><a name="[21]"></a>SWI3_EGU3_IRQHandler</STRONG> (Thumb, 10 bytes, Stack size 0 bytes, nrf_drv_swi.o(i.SWI3_EGU3_IRQHandler))
<BR><BR>[Calls]<UL><LI><a href="#[57]">&gt;&gt;</a>&nbsp;&nbsp;&nbsp;nrf_drv_swi_process
</UL>
<BR>[Address Reference Count : 1]<UL><LI> arm_startup_nrf52.o(RESET)
</UL>
<P><STRONG><a name="[22]"></a>SWI4_EGU4_IRQHandler</STRONG> (Thumb, 10 bytes, Stack size 0 bytes, nrf_drv_swi.o(i.SWI4_EGU4_IRQHandler))
<BR><BR>[Calls]<UL><LI><a href="#[57]">&gt;&gt;</a>&nbsp;&nbsp;&nbsp;nrf_drv_swi_process
</UL>
<BR>[Address Reference Count : 1]<UL><LI> arm_startup_nrf52.o(RESET)
</UL>
<P><STRONG><a name="[23]"></a>SWI5_EGU5_IRQHandler</STRONG> (Thumb, 10 bytes, Stack size 0 bytes, nrf_drv_swi.o(i.SWI5_EGU5_IRQHandler))
<BR><BR>[Calls]<UL><LI><a href="#[57]">&gt;&gt;</a>&nbsp;&nbsp;&nbsp;nrf_drv_swi_process
</UL>
<BR>[Address Reference Count : 1]<UL><LI> arm_startup_nrf52.o(RESET)
</UL>
<P><STRONG><a name="[31]"></a>SystemInit</STRONG> (Thumb, 700 bytes, Stack size 20 bytes, system_nrf52.o(i.SystemInit))
<BR><BR>[Stack]<UL><LI>Max Depth = 20<LI>Call Chain = SystemInit
</UL>
<BR>[Address Reference Count : 1]<UL><LI> arm_startup_nrf52.o(.text)
</UL>
<P><STRONG><a name="[12]"></a>TIMER0_IRQHandler</STRONG> (Thumb, 10 bytes, Stack size 0 bytes, nrf_drv_timer.o(i.TIMER0_IRQHandler))
<BR><BR>[Stack]<UL><LI>Max Depth = 32<LI>Call Chain = TIMER0_IRQHandler &rArr; irq_handler
</UL>
<BR>[Calls]<UL><LI><a href="#[58]">&gt;&gt;</a>&nbsp;&nbsp;&nbsp;irq_handler
</UL>
<BR>[Address Reference Count : 1]<UL><LI> arm_startup_nrf52.o(RESET)
</UL>
<P><STRONG><a name="[13]"></a>TIMER1_IRQHandler</STRONG> (Thumb, 10 bytes, Stack size 0 bytes, nrf_drv_timer.o(i.TIMER1_IRQHandler))
<BR><BR>[Stack]<UL><LI>Max Depth = 32<LI>Call Chain = TIMER1_IRQHandler &rArr; irq_handler
</UL>
<BR>[Calls]<UL><LI><a href="#[58]">&gt;&gt;</a>&nbsp;&nbsp;&nbsp;irq_handler
</UL>
<BR>[Address Reference Count : 1]<UL><LI> arm_startup_nrf52.o(RESET)
</UL>
<P><STRONG><a name="[14]"></a>TIMER2_IRQHandler</STRONG> (Thumb, 10 bytes, Stack size 0 bytes, nrf_drv_timer.o(i.TIMER2_IRQHandler))
<BR><BR>[Stack]<UL><LI>Max Depth = 32<LI>Call Chain = TIMER2_IRQHandler &rArr; irq_handler
</UL>
<BR>[Calls]<UL><LI><a href="#[58]">&gt;&gt;</a>&nbsp;&nbsp;&nbsp;irq_handler
</UL>
<BR>[Address Reference Count : 1]<UL><LI> arm_startup_nrf52.o(RESET)
</UL>
<P><STRONG><a name="[24]"></a>TIMER3_IRQHandler</STRONG> (Thumb, 10 bytes, Stack size 0 bytes, nrf_drv_timer.o(i.TIMER3_IRQHandler))
<BR><BR>[Stack]<UL><LI>Max Depth = 32<LI>Call Chain = TIMER3_IRQHandler &rArr; irq_handler
</UL>
<BR>[Calls]<UL><LI><a href="#[58]">&gt;&gt;</a>&nbsp;&nbsp;&nbsp;irq_handler
</UL>
<BR>[Address Reference Count : 1]<UL><LI> arm_startup_nrf52.o(RESET)
</UL>
<P><STRONG><a name="[25]"></a>TIMER4_IRQHandler</STRONG> (Thumb, 10 bytes, Stack size 0 bytes, nrf_drv_timer.o(i.TIMER4_IRQHandler))
<BR><BR>[Stack]<UL><LI>Max Depth = 32<LI>Call Chain = TIMER4_IRQHandler &rArr; irq_handler
</UL>
<BR>[Calls]<UL><LI><a href="#[58]">&gt;&gt;</a>&nbsp;&nbsp;&nbsp;irq_handler
</UL>
<BR>[Address Reference Count : 1]<UL><LI> arm_startup_nrf52.o(RESET)
</UL>
<P><STRONG><a name="[c]"></a>UARTE0_UART0_IRQHandler</STRONG> (Thumb, 20 bytes, Stack size 0 bytes, nrf_drv_uart.o(i.UARTE0_UART0_IRQHandler))
<BR><BR>[Stack]<UL><LI>Max Depth = 72<LI>Call Chain = UARTE0_UART0_IRQHandler &rArr; uart_irq_handler &rArr; tx_done_event
</UL>
<BR>[Calls]<UL><LI><a href="#[59]">&gt;&gt;</a>&nbsp;&nbsp;&nbsp;uarte_irq_handler
<LI><a href="#[5a]">&gt;&gt;</a>&nbsp;&nbsp;&nbsp;uart_irq_handler
</UL>
<BR>[Address Reference Count : 1]<UL><LI> arm_startup_nrf52.o(RESET)
</UL>
<P><STRONG><a name="[1a]"></a>WDT_IRQHandler</STRONG> (Thumb, 38 bytes, Stack size 8 bytes, nrf_drv_wdt.o(i.WDT_IRQHandler))
<BR><BR>[Stack]<UL><LI>Max Depth = 8<LI>Call Chain = WDT_IRQHandler
</UL>
<BR>[Address Reference Count : 1]<UL><LI> arm_startup_nrf52.o(RESET)
</UL>
<P><STRONG><a name="[b0]"></a>__scatterload_copy</STRONG> (Thumb, 14 bytes, Stack size unknown bytes, handlers.o(i.__scatterload_copy), UNUSED)

<P><STRONG><a name="[b1]"></a>__scatterload_null</STRONG> (Thumb, 2 bytes, Stack size unknown bytes, handlers.o(i.__scatterload_null), UNUSED)

<P><STRONG><a name="[b2]"></a>__scatterload_zeroinit</STRONG> (Thumb, 14 bytes, Stack size unknown bytes, handlers.o(i.__scatterload_zeroinit), UNUSED)

<P><STRONG><a name="[5b]"></a>app_util_critical_region_enter</STRONG> (Thumb, 4 bytes, Stack size 0 bytes, app_util_platform.o(i.app_util_critical_region_enter))
<BR><BR>[Calls]<UL><LI><a href="#[5c]">&gt;&gt;</a>&nbsp;&nbsp;&nbsp;app_util_disable_irq
</UL>
<BR>[Called By]<UL><LI><a href="#[4e]">&gt;&gt;</a>&nbsp;&nbsp;&nbsp;nrf_queue_push
</UL>

<P><STRONG><a name="[5d]"></a>app_util_critical_region_exit</STRONG> (Thumb, 4 bytes, Stack size 0 bytes, app_util_platform.o(i.app_util_critical_region_exit))
<BR><BR>[Calls]<UL><LI><a href="#[5e]">&gt;&gt;</a>&nbsp;&nbsp;&nbsp;app_util_enable_irq
</UL>
<BR>[Called By]<UL><LI><a href="#[4e]">&gt;&gt;</a>&nbsp;&nbsp;&nbsp;nrf_queue_push
</UL>

<P><STRONG><a name="[5c]"></a>app_util_disable_irq</STRONG> (Thumb, 12 bytes, Stack size 0 bytes, app_util_platform.o(i.app_util_disable_irq))
<BR><BR>[Called By]<UL><LI><a href="#[5b]">&gt;&gt;</a>&nbsp;&nbsp;&nbsp;app_util_critical_region_enter
</UL>

<P><STRONG><a name="[5e]"></a>app_util_enable_irq</STRONG> (Thumb, 14 bytes, Stack size 0 bytes, app_util_platform.o(i.app_util_enable_irq))
<BR><BR>[Called By]<UL><LI><a href="#[5d]">&gt;&gt;</a>&nbsp;&nbsp;&nbsp;app_util_critical_region_exit
</UL>

<P><STRONG><a name="[2f]"></a>main</STRONG> (Thumb, 2 bytes, Stack size 0 bytes, main.o(i.main))
<BR><BR>[Calls]<UL><LI><a href="#[2f]">&gt;&gt;</a>&nbsp;&nbsp;&nbsp;main
</UL>
<BR>[Called By]<UL><LI><a href="#[2f]">&gt;&gt;</a>&nbsp;&nbsp;&nbsp;main
</UL>
<BR>[Address Reference Count : 1]<UL><LI> entry9a.o(.ARM.Collect$$$$0000000B)
</UL>
<P><STRONG><a name="[64]"></a>nrf_cli_fprintf</STRONG> (Thumb, 80 bytes, Stack size 32 bytes, nrf_cli.o(i.nrf_cli_fprintf))
<BR><BR>[Stack]<UL><LI>Max Depth = 216<LI>Call Chain = nrf_cli_fprintf &rArr; vt100_color_set &rArr; nrf_fprintf &rArr; nrf_fprintf_fmt &rArr; int_print &rArr; unsigned_print &rArr; buffer_add &rArr; nrf_fprintf_buffer_flush
</UL>
<BR>[Calls]<UL><LI><a href="#[8f]">&gt;&gt;</a>&nbsp;&nbsp;&nbsp;nrf_fprintf_fmt
<LI><a href="#[8e]">&gt;&gt;</a>&nbsp;&nbsp;&nbsp;vt100_color_set
<LI><a href="#[90]">&gt;&gt;</a>&nbsp;&nbsp;&nbsp;vt100_bgcolor_set
</UL>
<BR>[Called By]<UL><LI><a href="#[8b]">&gt;&gt;</a>&nbsp;&nbsp;&nbsp;nrf_cli_help_print
<LI><a href="#[38]">&gt;&gt;</a>&nbsp;&nbsp;&nbsp;nrf_cli_cmd_resize_default
<LI><a href="#[39]">&gt;&gt;</a>&nbsp;&nbsp;&nbsp;nrf_cli_cmd_resize
<LI><a href="#[37]">&gt;&gt;</a>&nbsp;&nbsp;&nbsp;nrf_cli_cmd_history
<LI><a href="#[34]">&gt;&gt;</a>&nbsp;&nbsp;&nbsp;nrf_cli_cmd_colors_on
<LI><a href="#[33]">&gt;&gt;</a>&nbsp;&nbsp;&nbsp;nrf_cli_cmd_colors_off
<LI><a href="#[35]">&gt;&gt;</a>&nbsp;&nbsp;&nbsp;nrf_cli_cmd_colors
<LI><a href="#[61]">&gt;&gt;</a>&nbsp;&nbsp;&nbsp;char_insert
</UL>

<P><STRONG><a name="[8b]"></a>nrf_cli_help_print</STRONG> (Thumb, 562 bytes, Stack size 72 bytes, nrf_cli.o(i.nrf_cli_help_print))
<BR><BR>[Stack]<UL><LI>Max Depth = 288<LI>Call Chain = nrf_cli_help_print &rArr; nrf_cli_fprintf &rArr; vt100_color_set &rArr; nrf_fprintf &rArr; nrf_fprintf_fmt &rArr; int_print &rArr; unsigned_print &rArr; buffer_add &rArr; nrf_fprintf_buffer_flush
</UL>
<BR>[Calls]<UL><LI><a href="#[69]">&gt;&gt;</a>&nbsp;&nbsp;&nbsp;nrf_fprintf
<LI><a href="#[64]">&gt;&gt;</a>&nbsp;&nbsp;&nbsp;nrf_cli_fprintf
<LI><a href="#[7e]">&gt;&gt;</a>&nbsp;&nbsp;&nbsp;format_offset_string_print
<LI><a href="#[68]">&gt;&gt;</a>&nbsp;&nbsp;&nbsp;cursor_right_move
<LI><a href="#[6b]">&gt;&gt;</a>&nbsp;&nbsp;&nbsp;cursor_next_line_move
<LI><a href="#[72]">&gt;&gt;</a>&nbsp;&nbsp;&nbsp;cmd_get
<LI><a href="#[70]">&gt;&gt;</a>&nbsp;&nbsp;&nbsp;cli_strlen
</UL>
<BR>[Called By]<UL><LI><a href="#[38]">&gt;&gt;</a>&nbsp;&nbsp;&nbsp;nrf_cli_cmd_resize_default
<LI><a href="#[39]">&gt;&gt;</a>&nbsp;&nbsp;&nbsp;nrf_cli_cmd_resize
<LI><a href="#[37]">&gt;&gt;</a>&nbsp;&nbsp;&nbsp;nrf_cli_cmd_history
<LI><a href="#[34]">&gt;&gt;</a>&nbsp;&nbsp;&nbsp;nrf_cli_cmd_colors_on
<LI><a href="#[33]">&gt;&gt;</a>&nbsp;&nbsp;&nbsp;nrf_cli_cmd_colors_off
<LI><a href="#[35]">&gt;&gt;</a>&nbsp;&nbsp;&nbsp;nrf_cli_cmd_colors
<LI><a href="#[36]">&gt;&gt;</a>&nbsp;&nbsp;&nbsp;nrf_cli_cmd_clear
</UL>

<P><STRONG><a name="[4b]"></a>nrf_drv_clock_onIRQ</STRONG> (Thumb, 84 bytes, Stack size 24 bytes, nrf_drv_clock.o(i.nrf_drv_clock_onIRQ))
<BR><BR>[Stack]<UL><LI>Max Depth = 40<LI>Call Chain = nrf_drv_clock_onIRQ &rArr; clock_clk_started_notify
</UL>
<BR>[Calls]<UL><LI><a href="#[92]">&gt;&gt;</a>&nbsp;&nbsp;&nbsp;nrf_clock_event_clear
<LI><a href="#[91]">&gt;&gt;</a>&nbsp;&nbsp;&nbsp;nrf_clock_event_check
<LI><a href="#[93]">&gt;&gt;</a>&nbsp;&nbsp;&nbsp;clock_clk_started_notify
</UL>
<BR>[Called By]<UL><LI><a href="#[a]">&gt;&gt;</a>&nbsp;&nbsp;&nbsp;POWER_CLOCK_IRQHandler
</UL>

<P><STRONG><a name="[4c]"></a>nrf_drv_power_onIRQ</STRONG> (Thumb, 78 bytes, Stack size 16 bytes, nrf_drv_power.o(i.nrf_drv_power_onIRQ))
<BR><BR>[Stack]<UL><LI>Max Depth = 16<LI>Call Chain = nrf_drv_power_onIRQ
</UL>
<BR>[Calls]<UL><LI><a href="#[94]">&gt;&gt;</a>&nbsp;&nbsp;&nbsp;nrf_power_event_get_and_clear
</UL>
<BR>[Called By]<UL><LI><a href="#[a]">&gt;&gt;</a>&nbsp;&nbsp;&nbsp;POWER_CLOCK_IRQHandler
</UL>

<P><STRONG><a name="[69]"></a>nrf_fprintf</STRONG> (Thumb, 26 bytes, Stack size 24 bytes, nrf_fprintf.o(i.nrf_fprintf))
<BR><BR>[Stack]<UL><LI>Max Depth = 168<LI>Call Chain = nrf_fprintf &rArr; nrf_fprintf_fmt &rArr; int_print &rArr; unsigned_print &rArr; buffer_add &rArr; nrf_fprintf_buffer_flush
</UL>
<BR>[Calls]<UL><LI><a href="#[8f]">&gt;&gt;</a>&nbsp;&nbsp;&nbsp;nrf_fprintf_fmt
</UL>
<BR>[Called By]<UL><LI><a href="#[8b]">&gt;&gt;</a>&nbsp;&nbsp;&nbsp;nrf_cli_help_print
<LI><a href="#[8e]">&gt;&gt;</a>&nbsp;&nbsp;&nbsp;vt100_color_set
<LI><a href="#[90]">&gt;&gt;</a>&nbsp;&nbsp;&nbsp;vt100_bgcolor_set
<LI><a href="#[38]">&gt;&gt;</a>&nbsp;&nbsp;&nbsp;nrf_cli_cmd_resize_default
<LI><a href="#[36]">&gt;&gt;</a>&nbsp;&nbsp;&nbsp;nrf_cli_cmd_clear
<LI><a href="#[7e]">&gt;&gt;</a>&nbsp;&nbsp;&nbsp;format_offset_string_print
<LI><a href="#[6e]">&gt;&gt;</a>&nbsp;&nbsp;&nbsp;cursor_up_move
<LI><a href="#[68]">&gt;&gt;</a>&nbsp;&nbsp;&nbsp;cursor_right_move
<LI><a href="#[7a]">&gt;&gt;</a>&nbsp;&nbsp;&nbsp;cursor_position_get
<LI><a href="#[6b]">&gt;&gt;</a>&nbsp;&nbsp;&nbsp;cursor_next_line_move
<LI><a href="#[65]">&gt;&gt;</a>&nbsp;&nbsp;&nbsp;cursor_left_move
<LI><a href="#[6d]">&gt;&gt;</a>&nbsp;&nbsp;&nbsp;cursor_down_move
<LI><a href="#[66]">&gt;&gt;</a>&nbsp;&nbsp;&nbsp;cli_cursor_save
<LI><a href="#[67]">&gt;&gt;</a>&nbsp;&nbsp;&nbsp;cli_cursor_restore
<LI><a href="#[6f]">&gt;&gt;</a>&nbsp;&nbsp;&nbsp;cli_clear_eos
<LI><a href="#[61]">&gt;&gt;</a>&nbsp;&nbsp;&nbsp;char_insert
</UL>

<P><STRONG><a name="[60]"></a>nrf_fprintf_buffer_flush</STRONG> (Thumb, 24 bytes, Stack size 8 bytes, nrf_fprintf.o(i.nrf_fprintf_buffer_flush))
<BR><BR>[Stack]<UL><LI>Max Depth = 8<LI>Call Chain = nrf_fprintf_buffer_flush
</UL>
<BR>[Called By]<UL><LI><a href="#[8f]">&gt;&gt;</a>&nbsp;&nbsp;&nbsp;nrf_fprintf_fmt
<LI><a href="#[7e]">&gt;&gt;</a>&nbsp;&nbsp;&nbsp;format_offset_string_print
<LI><a href="#[7a]">&gt;&gt;</a>&nbsp;&nbsp;&nbsp;cursor_position_get
<LI><a href="#[5f]">&gt;&gt;</a>&nbsp;&nbsp;&nbsp;buffer_add
</UL>

<P><STRONG><a name="[8f]"></a>nrf_fprintf_fmt</STRONG> (Thumb, 474 bytes, Stack size 40 bytes, nrf_fprintf_format.o(i.nrf_fprintf_fmt))
<BR><BR>[Stack]<UL><LI>Max Depth = 144<LI>Call Chain = nrf_fprintf_fmt &rArr; int_print &rArr; unsigned_print &rArr; buffer_add &rArr; nrf_fprintf_buffer_flush
</UL>
<BR>[Calls]<UL><LI><a href="#[60]">&gt;&gt;</a>&nbsp;&nbsp;&nbsp;nrf_fprintf_buffer_flush
<LI><a href="#[82]">&gt;&gt;</a>&nbsp;&nbsp;&nbsp;unsigned_print
<LI><a href="#[81]">&gt;&gt;</a>&nbsp;&nbsp;&nbsp;int_print
<LI><a href="#[5f]">&gt;&gt;</a>&nbsp;&nbsp;&nbsp;buffer_add
<LI><a href="#[71]">&gt;&gt;</a>&nbsp;&nbsp;&nbsp;strlen
</UL>
<BR>[Called By]<UL><LI><a href="#[69]">&gt;&gt;</a>&nbsp;&nbsp;&nbsp;nrf_fprintf
<LI><a href="#[64]">&gt;&gt;</a>&nbsp;&nbsp;&nbsp;nrf_cli_fprintf
</UL>

<P><STRONG><a name="[8c]"></a>nrf_memobj_read</STRONG> (Thumb, 12 bytes, Stack size 16 bytes, nrf_memobj.o(i.nrf_memobj_read))
<BR><BR>[Stack]<UL><LI>Max Depth = 56<LI>Call Chain = nrf_memobj_read &rArr; memobj_op &rArr; __aeabi_memcpy
</UL>
<BR>[Calls]<UL><LI><a href="#[88]">&gt;&gt;</a>&nbsp;&nbsp;&nbsp;memobj_op
</UL>
<BR>[Called By]<UL><LI><a href="#[37]">&gt;&gt;</a>&nbsp;&nbsp;&nbsp;nrf_cli_cmd_history
</UL>

<P><STRONG><a name="[4f]"></a>nrf_queue_is_full</STRONG> (Thumb, 30 bytes, Stack size 0 bytes, nrf_queue.o(i.nrf_queue_is_full))
<BR><BR>[Called By]<UL><LI><a href="#[4e]">&gt;&gt;</a>&nbsp;&nbsp;&nbsp;nrf_queue_push
<LI><a href="#[17]">&gt;&gt;</a>&nbsp;&nbsp;&nbsp;RNG_IRQHandler
</UL>

<P><STRONG><a name="[4e]"></a>nrf_queue_push</STRONG> (Thumb, 172 bytes, Stack size 24 bytes, nrf_queue.o(i.nrf_queue_push))
<BR><BR>[Stack]<UL><LI>Max Depth = 32<LI>Call Chain = nrf_queue_push &rArr; __aeabi_memcpy
</UL>
<BR>[Calls]<UL><LI><a href="#[5d]">&gt;&gt;</a>&nbsp;&nbsp;&nbsp;app_util_critical_region_exit
<LI><a href="#[5b]">&gt;&gt;</a>&nbsp;&nbsp;&nbsp;app_util_critical_region_enter
<LI><a href="#[4f]">&gt;&gt;</a>&nbsp;&nbsp;&nbsp;nrf_queue_is_full
<LI><a href="#[97]">&gt;&gt;</a>&nbsp;&nbsp;&nbsp;queue_utilization_get
<LI><a href="#[96]">&gt;&gt;</a>&nbsp;&nbsp;&nbsp;nrf_queue_next_idx
<LI><a href="#[89]">&gt;&gt;</a>&nbsp;&nbsp;&nbsp;__aeabi_memcpy
</UL>
<BR>[Called By]<UL><LI><a href="#[17]">&gt;&gt;</a>&nbsp;&nbsp;&nbsp;RNG_IRQHandler
</UL>
<P>
<H3>
Local Symbols
</H3>
<P><STRONG><a name="[93]"></a>clock_clk_started_notify</STRONG> (Thumb, 34 bytes, Stack size 16 bytes, nrf_drv_clock.o(i.clock_clk_started_notify))
<BR><BR>[Stack]<UL><LI>Max Depth = 16<LI>Call Chain = clock_clk_started_notify
</UL>
<BR>[Called By]<UL><LI><a href="#[4b]">&gt;&gt;</a>&nbsp;&nbsp;&nbsp;nrf_drv_clock_onIRQ
</UL>

<P><STRONG><a name="[91]"></a>nrf_clock_event_check</STRONG> (Thumb, 14 bytes, Stack size 0 bytes, nrf_drv_clock.o(i.nrf_clock_event_check))
<BR><BR>[Called By]<UL><LI><a href="#[4b]">&gt;&gt;</a>&nbsp;&nbsp;&nbsp;nrf_drv_clock_onIRQ
</UL>

<P><STRONG><a name="[92]"></a>nrf_clock_event_clear</STRONG> (Thumb, 16 bytes, Stack size 8 bytes, nrf_drv_clock.o(i.nrf_clock_event_clear))
<BR><BR>[Stack]<UL><LI>Max Depth = 8<LI>Call Chain = nrf_clock_event_clear
</UL>
<BR>[Called By]<UL><LI><a href="#[4b]">&gt;&gt;</a>&nbsp;&nbsp;&nbsp;nrf_drv_clock_onIRQ
</UL>

<P><STRONG><a name="[44]"></a>channel_port_get</STRONG> (Thumb, 10 bytes, Stack size 0 bytes, nrf_drv_gpiote.o(i.channel_port_get))
<BR><BR>[Called By]<UL><LI><a href="#[10]">&gt;&gt;</a>&nbsp;&nbsp;&nbsp;GPIOTE_IRQHandler
</UL>

<P><STRONG><a name="[43]"></a>nrf_bitmask_bit_is_set</STRONG> (Thumb, 16 bytes, Stack size 0 bytes, nrf_drv_gpiote.o(i.nrf_bitmask_bit_is_set))
<BR><BR>[Called By]<UL><LI><a href="#[10]">&gt;&gt;</a>&nbsp;&nbsp;&nbsp;GPIOTE_IRQHandler
</UL>

<P><STRONG><a name="[45]"></a>nrf_gpio_cfg_sense_set</STRONG> (Thumb, 34 bytes, Stack size 0 bytes, nrf_drv_gpiote.o(i.nrf_gpio_cfg_sense_set))
<BR><BR>[Called By]<UL><LI><a href="#[10]">&gt;&gt;</a>&nbsp;&nbsp;&nbsp;GPIOTE_IRQHandler
</UL>

<P><STRONG><a name="[42]"></a>nrf_gpio_ports_read</STRONG> (Thumb, 34 bytes, Stack size 12 bytes, nrf_drv_gpiote.o(i.nrf_gpio_ports_read))
<BR><BR>[Stack]<UL><LI>Max Depth = 12<LI>Call Chain = nrf_gpio_ports_read
</UL>
<BR>[Called By]<UL><LI><a href="#[10]">&gt;&gt;</a>&nbsp;&nbsp;&nbsp;GPIOTE_IRQHandler
</UL>

<P><STRONG><a name="[41]"></a>nrf_gpiote_event_clear</STRONG> (Thumb, 16 bytes, Stack size 8 bytes, nrf_drv_gpiote.o(i.nrf_gpiote_event_clear))
<BR><BR>[Stack]<UL><LI>Max Depth = 8<LI>Call Chain = nrf_gpiote_event_clear
</UL>
<BR>[Called By]<UL><LI><a href="#[10]">&gt;&gt;</a>&nbsp;&nbsp;&nbsp;GPIOTE_IRQHandler
</UL>

<P><STRONG><a name="[40]"></a>nrf_gpiote_event_is_set</STRONG> (Thumb, 12 bytes, Stack size 0 bytes, nrf_drv_gpiote.o(i.nrf_gpiote_event_is_set))
<BR><BR>[Called By]<UL><LI><a href="#[10]">&gt;&gt;</a>&nbsp;&nbsp;&nbsp;GPIOTE_IRQHandler
</UL>

<P><STRONG><a name="[47]"></a>nrf_i2s_event_check</STRONG> (Thumb, 10 bytes, Stack size 0 bytes, nrf_drv_i2s.o(i.nrf_i2s_event_check))
<BR><BR>[Called By]<UL><LI><a href="#[2d]">&gt;&gt;</a>&nbsp;&nbsp;&nbsp;I2S_IRQHandler
</UL>

<P><STRONG><a name="[48]"></a>nrf_i2s_event_clear</STRONG> (Thumb, 12 bytes, Stack size 8 bytes, nrf_drv_i2s.o(i.nrf_i2s_event_clear))
<BR><BR>[Stack]<UL><LI>Max Depth = 8<LI>Call Chain = nrf_i2s_event_clear
</UL>
<BR>[Called By]<UL><LI><a href="#[2d]">&gt;&gt;</a>&nbsp;&nbsp;&nbsp;I2S_IRQHandler
</UL>

<P><STRONG><a name="[49]"></a>nrf_pdm_event_check</STRONG> (Thumb, 12 bytes, Stack size 0 bytes, nrf_drv_pdm.o(i.nrf_pdm_event_check))
<BR><BR>[Called By]<UL><LI><a href="#[27]">&gt;&gt;</a>&nbsp;&nbsp;&nbsp;PDM_IRQHandler
</UL>

<P><STRONG><a name="[4a]"></a>nrf_pdm_event_clear</STRONG> (Thumb, 16 bytes, Stack size 8 bytes, nrf_drv_pdm.o(i.nrf_pdm_event_clear))
<BR><BR>[Stack]<UL><LI>Max Depth = 8<LI>Call Chain = nrf_pdm_event_clear
</UL>
<BR>[Called By]<UL><LI><a href="#[27]">&gt;&gt;</a>&nbsp;&nbsp;&nbsp;PDM_IRQHandler
</UL>

<P><STRONG><a name="[94]"></a>nrf_power_event_get_and_clear</STRONG> (Thumb, 20 bytes, Stack size 0 bytes, nrf_drv_power.o(i.nrf_power_event_get_and_clear))
<BR><BR>[Called By]<UL><LI><a href="#[4c]">&gt;&gt;</a>&nbsp;&nbsp;&nbsp;nrf_drv_power_onIRQ
</UL>

<P><STRONG><a name="[4d]"></a>irq_handler</STRONG> (Thumb, 156 bytes, Stack size 16 bytes, nrf_drv_pwm.o(i.irq_handler))
<BR><BR>[Stack]<UL><LI>Max Depth = 24<LI>Call Chain = irq_handler &rArr; nrf_pwm_event_clear
</UL>
<BR>[Calls]<UL><LI><a href="#[84]">&gt;&gt;</a>&nbsp;&nbsp;&nbsp;nrf_pwm_event_clear
<LI><a href="#[83]">&gt;&gt;</a>&nbsp;&nbsp;&nbsp;nrf_pwm_event_check
</UL>
<BR>[Called By]<UL><LI><a href="#[2a]">&gt;&gt;</a>&nbsp;&nbsp;&nbsp;PWM2_IRQHandler
<LI><a href="#[29]">&gt;&gt;</a>&nbsp;&nbsp;&nbsp;PWM1_IRQHandler
<LI><a href="#[26]">&gt;&gt;</a>&nbsp;&nbsp;&nbsp;PWM0_IRQHandler
</UL>

<P><STRONG><a name="[83]"></a>nrf_pwm_event_check</STRONG> (Thumb, 10 bytes, Stack size 0 bytes, nrf_drv_pwm.o(i.nrf_pwm_event_check))
<BR><BR>[Called By]<UL><LI><a href="#[4d]">&gt;&gt;</a>&nbsp;&nbsp;&nbsp;irq_handler
</UL>

<P><STRONG><a name="[84]"></a>nrf_pwm_event_clear</STRONG> (Thumb, 12 bytes, Stack size 8 bytes, nrf_drv_pwm.o(i.nrf_pwm_event_clear))
<BR><BR>[Stack]<UL><LI>Max Depth = 8<LI>Call Chain = nrf_pwm_event_clear
</UL>
<BR>[Called By]<UL><LI><a href="#[4d]">&gt;&gt;</a>&nbsp;&nbsp;&nbsp;irq_handler
</UL>

<P><STRONG><a name="[50]"></a>nrf_drv_rng_stop</STRONG> (Thumb, 14 bytes, Stack size 0 bytes, nrf_drv_rng.o(i.nrf_drv_rng_stop))
<BR><BR>[Called By]<UL><LI><a href="#[17]">&gt;&gt;</a>&nbsp;&nbsp;&nbsp;RNG_IRQHandler
</UL>

<P><STRONG><a name="[51]"></a>nrf_drv_rtc_int_handler</STRONG> (Thumb, 154 bytes, Stack size 32 bytes, nrf_drv_rtc.o(i.nrf_drv_rtc_int_handler))
<BR><BR>[Stack]<UL><LI>Max Depth = 40<LI>Call Chain = nrf_drv_rtc_int_handler &rArr; nrf_rtc_event_clear
</UL>
<BR>[Calls]<UL><LI><a href="#[95]">&gt;&gt;</a>&nbsp;&nbsp;&nbsp;nrf_rtc_event_clear
</UL>
<BR>[Called By]<UL><LI><a href="#[2c]">&gt;&gt;</a>&nbsp;&nbsp;&nbsp;RTC2_IRQHandler
<LI><a href="#[15]">&gt;&gt;</a>&nbsp;&nbsp;&nbsp;RTC0_IRQHandler
</UL>

<P><STRONG><a name="[95]"></a>nrf_rtc_event_clear</STRONG> (Thumb, 12 bytes, Stack size 8 bytes, nrf_drv_rtc.o(i.nrf_rtc_event_clear))
<BR><BR>[Stack]<UL><LI>Max Depth = 8<LI>Call Chain = nrf_rtc_event_clear
</UL>
<BR>[Called By]<UL><LI><a href="#[51]">&gt;&gt;</a>&nbsp;&nbsp;&nbsp;nrf_drv_rtc_int_handler
</UL>

<P><STRONG><a name="[55]"></a>nrf_saadc_buffer_init</STRONG> (Thumb, 10 bytes, Stack size 0 bytes, nrf_drv_saadc.o(i.nrf_saadc_buffer_init))
<BR><BR>[Called By]<UL><LI><a href="#[11]">&gt;&gt;</a>&nbsp;&nbsp;&nbsp;SAADC_IRQHandler
</UL>

<P><STRONG><a name="[53]"></a>nrf_saadc_event_check</STRONG> (Thumb, 12 bytes, Stack size 0 bytes, nrf_drv_saadc.o(i.nrf_saadc_event_check))
<BR><BR>[Called By]<UL><LI><a href="#[11]">&gt;&gt;</a>&nbsp;&nbsp;&nbsp;SAADC_IRQHandler
</UL>

<P><STRONG><a name="[54]"></a>nrf_saadc_event_clear</STRONG> (Thumb, 16 bytes, Stack size 8 bytes, nrf_drv_saadc.o(i.nrf_saadc_event_clear))
<BR><BR>[Stack]<UL><LI>Max Depth = 8<LI>Call Chain = nrf_saadc_event_clear
</UL>
<BR>[Called By]<UL><LI><a href="#[11]">&gt;&gt;</a>&nbsp;&nbsp;&nbsp;SAADC_IRQHandler
</UL>

<P><STRONG><a name="[57]"></a>nrf_drv_swi_process</STRONG> (Thumb, 28 bytes, Stack size 0 bytes, nrf_drv_swi.o(i.nrf_drv_swi_process))
<BR><BR>[Called By]<UL><LI><a href="#[23]">&gt;&gt;</a>&nbsp;&nbsp;&nbsp;SWI5_EGU5_IRQHandler
<LI><a href="#[22]">&gt;&gt;</a>&nbsp;&nbsp;&nbsp;SWI4_EGU4_IRQHandler
<LI><a href="#[21]">&gt;&gt;</a>&nbsp;&nbsp;&nbsp;SWI3_EGU3_IRQHandler
<LI><a href="#[20]">&gt;&gt;</a>&nbsp;&nbsp;&nbsp;SWI2_EGU2_IRQHandler
<LI><a href="#[1f]">&gt;&gt;</a>&nbsp;&nbsp;&nbsp;SWI1_EGU1_IRQHandler
</UL>

<P><STRONG><a name="[58]"></a>irq_handler</STRONG> (Thumb, 66 bytes, Stack size 32 bytes, nrf_drv_timer.o(i.irq_handler))
<BR><BR>[Stack]<UL><LI>Max Depth = 32<LI>Call Chain = irq_handler
</UL>
<BR>[Called By]<UL><LI><a href="#[25]">&gt;&gt;</a>&nbsp;&nbsp;&nbsp;TIMER4_IRQHandler
<LI><a href="#[24]">&gt;&gt;</a>&nbsp;&nbsp;&nbsp;TIMER3_IRQHandler
<LI><a href="#[14]">&gt;&gt;</a>&nbsp;&nbsp;&nbsp;TIMER2_IRQHandler
<LI><a href="#[13]">&gt;&gt;</a>&nbsp;&nbsp;&nbsp;TIMER1_IRQHandler
<LI><a href="#[12]">&gt;&gt;</a>&nbsp;&nbsp;&nbsp;TIMER0_IRQHandler
</UL>

<P><STRONG><a name="[9d]"></a>nrf_uart_event_check</STRONG> (Thumb, 10 bytes, Stack size 0 bytes, nrf_drv_uart.o(i.nrf_uart_event_check))
<BR><BR>[Called By]<UL><LI><a href="#[5a]">&gt;&gt;</a>&nbsp;&nbsp;&nbsp;uart_irq_handler
</UL>

<P><STRONG><a name="[99]"></a>nrf_uart_event_clear</STRONG> (Thumb, 12 bytes, Stack size 8 bytes, nrf_drv_uart.o(i.nrf_uart_event_clear))
<BR><BR>[Stack]<UL><LI>Max Depth = 8<LI>Call Chain = nrf_uart_event_clear
</UL>
<BR>[Called By]<UL><LI><a href="#[5a]">&gt;&gt;</a>&nbsp;&nbsp;&nbsp;uart_irq_handler
<LI><a href="#[9b]">&gt;&gt;</a>&nbsp;&nbsp;&nbsp;tx_byte
<LI><a href="#[98]">&gt;&gt;</a>&nbsp;&nbsp;&nbsp;rx_byte
</UL>

<P><STRONG><a name="[9c]"></a>nrf_uart_int_enable_check</STRONG> (Thumb, 12 bytes, Stack size 0 bytes, nrf_drv_uart.o(i.nrf_uart_int_enable_check))
<BR><BR>[Called By]<UL><LI><a href="#[5a]">&gt;&gt;</a>&nbsp;&nbsp;&nbsp;uart_irq_handler
</UL>

<P><STRONG><a name="[a0]"></a>nrf_uarte_event_check</STRONG> (Thumb, 10 bytes, Stack size 0 bytes, nrf_drv_uart.o(i.nrf_uarte_event_check))
<BR><BR>[Called By]<UL><LI><a href="#[59]">&gt;&gt;</a>&nbsp;&nbsp;&nbsp;uarte_irq_handler
</UL>

<P><STRONG><a name="[a1]"></a>nrf_uarte_event_clear</STRONG> (Thumb, 12 bytes, Stack size 8 bytes, nrf_drv_uart.o(i.nrf_uarte_event_clear))
<BR><BR>[Stack]<UL><LI>Max Depth = 8<LI>Call Chain = nrf_uarte_event_clear
</UL>
<BR>[Called By]<UL><LI><a href="#[59]">&gt;&gt;</a>&nbsp;&nbsp;&nbsp;uarte_irq_handler
</UL>

<P><STRONG><a name="[98]"></a>rx_byte</STRONG> (Thumb, 50 bytes, Stack size 16 bytes, nrf_drv_uart.o(i.rx_byte))
<BR><BR>[Stack]<UL><LI>Max Depth = 24<LI>Call Chain = rx_byte &rArr; nrf_uart_event_clear
</UL>
<BR>[Calls]<UL><LI><a href="#[99]">&gt;&gt;</a>&nbsp;&nbsp;&nbsp;nrf_uart_event_clear
</UL>
<BR>[Called By]<UL><LI><a href="#[5a]">&gt;&gt;</a>&nbsp;&nbsp;&nbsp;uart_irq_handler
</UL>

<P><STRONG><a name="[9e]"></a>rx_done_event</STRONG> (Thumb, 24 bytes, Stack size 24 bytes, nrf_drv_uart.o(i.rx_done_event))
<BR><BR>[Stack]<UL><LI>Max Depth = 24<LI>Call Chain = rx_done_event
</UL>
<BR>[Called By]<UL><LI><a href="#[59]">&gt;&gt;</a>&nbsp;&nbsp;&nbsp;uarte_irq_handler
<LI><a href="#[5a]">&gt;&gt;</a>&nbsp;&nbsp;&nbsp;uart_irq_handler
</UL>

<P><STRONG><a name="[9b]"></a>tx_byte</STRONG> (Thumb, 32 bytes, Stack size 16 bytes, nrf_drv_uart.o(i.tx_byte))
<BR><BR>[Stack]<UL><LI>Max Depth = 24<LI>Call Chain = tx_byte &rArr; nrf_uart_event_clear
</UL>
<BR>[Calls]<UL><LI><a href="#[99]">&gt;&gt;</a>&nbsp;&nbsp;&nbsp;nrf_uart_event_clear
</UL>
<BR>[Called By]<UL><LI><a href="#[5a]">&gt;&gt;</a>&nbsp;&nbsp;&nbsp;uart_irq_handler
</UL>

<P><STRONG><a name="[9f]"></a>tx_done_event</STRONG> (Thumb, 28 bytes, Stack size 24 bytes, nrf_drv_uart.o(i.tx_done_event))
<BR><BR>[Stack]<UL><LI>Max Depth = 24<LI>Call Chain = tx_done_event
</UL>
<BR>[Called By]<UL><LI><a href="#[59]">&gt;&gt;</a>&nbsp;&nbsp;&nbsp;uarte_irq_handler
<LI><a href="#[5a]">&gt;&gt;</a>&nbsp;&nbsp;&nbsp;uart_irq_handler
</UL>

<P><STRONG><a name="[5a]"></a>uart_irq_handler</STRONG> (Thumb, 286 bytes, Stack size 48 bytes, nrf_drv_uart.o(i.uart_irq_handler))
<BR><BR>[Stack]<UL><LI>Max Depth = 72<LI>Call Chain = uart_irq_handler &rArr; tx_done_event
</UL>
<BR>[Calls]<UL><LI><a href="#[9f]">&gt;&gt;</a>&nbsp;&nbsp;&nbsp;tx_done_event
<LI><a href="#[9b]">&gt;&gt;</a>&nbsp;&nbsp;&nbsp;tx_byte
<LI><a href="#[9e]">&gt;&gt;</a>&nbsp;&nbsp;&nbsp;rx_done_event
<LI><a href="#[98]">&gt;&gt;</a>&nbsp;&nbsp;&nbsp;rx_byte
<LI><a href="#[9c]">&gt;&gt;</a>&nbsp;&nbsp;&nbsp;nrf_uart_int_enable_check
<LI><a href="#[99]">&gt;&gt;</a>&nbsp;&nbsp;&nbsp;nrf_uart_event_clear
<LI><a href="#[9d]">&gt;&gt;</a>&nbsp;&nbsp;&nbsp;nrf_uart_event_check
</UL>
<BR>[Called By]<UL><LI><a href="#[c]">&gt;&gt;</a>&nbsp;&nbsp;&nbsp;UARTE0_UART0_IRQHandler
</UL>

<P><STRONG><a name="[59]"></a>uarte_irq_handler</STRONG> (Thumb, 240 bytes, Stack size 40 bytes, nrf_drv_uart.o(i.uarte_irq_handler))
<BR><BR>[Stack]<UL><LI>Max Depth = 64<LI>Call Chain = uarte_irq_handler &rArr; tx_done_event
</UL>
<BR>[Calls]<UL><LI><a href="#[9f]">&gt;&gt;</a>&nbsp;&nbsp;&nbsp;tx_done_event
<LI><a href="#[9e]">&gt;&gt;</a>&nbsp;&nbsp;&nbsp;rx_done_event
<LI><a href="#[a1]">&gt;&gt;</a>&nbsp;&nbsp;&nbsp;nrf_uarte_event_clear
<LI><a href="#[a0]">&gt;&gt;</a>&nbsp;&nbsp;&nbsp;nrf_uarte_event_check
</UL>
<BR>[Called By]<UL><LI><a href="#[c]">&gt;&gt;</a>&nbsp;&nbsp;&nbsp;UARTE0_UART0_IRQHandler
</UL>

<P><STRONG><a name="[75]"></a>NVIC_ClearPendingIRQ</STRONG> (Thumb, 22 bytes, Stack size 0 bytes, app_timer.o(i.NVIC_ClearPendingIRQ))
<BR><BR>[Called By]<UL><LI><a href="#[74]">&gt;&gt;</a>&nbsp;&nbsp;&nbsp;compare_reg_update
</UL>

<P><STRONG><a name="[76]"></a>NVIC_EnableIRQ</STRONG> (Thumb, 22 bytes, Stack size 0 bytes, app_timer.o(i.NVIC_EnableIRQ))
<BR><BR>[Called By]<UL><LI><a href="#[74]">&gt;&gt;</a>&nbsp;&nbsp;&nbsp;compare_reg_update
</UL>

<P><STRONG><a name="[78]"></a>NVIC_SetPendingIRQ</STRONG> (Thumb, 22 bytes, Stack size 0 bytes, app_timer.o(i.NVIC_SetPendingIRQ))
<BR><BR>[Called By]<UL><LI><a href="#[52]">&gt;&gt;</a>&nbsp;&nbsp;&nbsp;timer_timeouts_check
<LI><a href="#[74]">&gt;&gt;</a>&nbsp;&nbsp;&nbsp;compare_reg_update
</UL>

<P><STRONG><a name="[74]"></a>compare_reg_update</STRONG> (Thumb, 160 bytes, Stack size 40 bytes, app_timer.o(i.compare_reg_update))
<BR><BR>[Stack]<UL><LI>Max Depth = 56<LI>Call Chain = compare_reg_update &rArr; rtc1_stop
</UL>
<BR>[Calls]<UL><LI><a href="#[79]">&gt;&gt;</a>&nbsp;&nbsp;&nbsp;rtc1_stop
<LI><a href="#[77]">&gt;&gt;</a>&nbsp;&nbsp;&nbsp;nrf_delay_us
<LI><a href="#[78]">&gt;&gt;</a>&nbsp;&nbsp;&nbsp;NVIC_SetPendingIRQ
<LI><a href="#[76]">&gt;&gt;</a>&nbsp;&nbsp;&nbsp;NVIC_EnableIRQ
<LI><a href="#[75]">&gt;&gt;</a>&nbsp;&nbsp;&nbsp;NVIC_ClearPendingIRQ
</UL>
<BR>[Called By]<UL><LI><a href="#[56]">&gt;&gt;</a>&nbsp;&nbsp;&nbsp;timer_list_handler
</UL>

<P><STRONG><a name="[9a]"></a>elapsed_ticks_acquire</STRONG> (Thumb, 58 bytes, Stack size 8 bytes, app_timer.o(i.elapsed_ticks_acquire))
<BR><BR>[Stack]<UL><LI>Max Depth = 8<LI>Call Chain = elapsed_ticks_acquire
</UL>
<BR>[Called By]<UL><LI><a href="#[56]">&gt;&gt;</a>&nbsp;&nbsp;&nbsp;timer_list_handler
</UL>

<P><STRONG><a name="[85]"></a>list_insertions_handler</STRONG> (Thumb, 234 bytes, Stack size 32 bytes, app_timer.o(i.list_insertions_handler))
<BR><BR>[Stack]<UL><LI>Max Depth = 56<LI>Call Chain = list_insertions_handler &rArr; timer_list_remove
</UL>
<BR>[Calls]<UL><LI><a href="#[86]">&gt;&gt;</a>&nbsp;&nbsp;&nbsp;timer_list_remove
<LI><a href="#[87]">&gt;&gt;</a>&nbsp;&nbsp;&nbsp;timer_list_insert
</UL>
<BR>[Called By]<UL><LI><a href="#[56]">&gt;&gt;</a>&nbsp;&nbsp;&nbsp;timer_list_handler
</UL>

<P><STRONG><a name="[77]"></a>nrf_delay_us</STRONG> (Thumb, 132 bytes, Stack size 0 bytes, app_timer.o(i.nrf_delay_us))
<BR><BR>[Called By]<UL><LI><a href="#[86]">&gt;&gt;</a>&nbsp;&nbsp;&nbsp;timer_list_remove
<LI><a href="#[79]">&gt;&gt;</a>&nbsp;&nbsp;&nbsp;rtc1_stop
<LI><a href="#[74]">&gt;&gt;</a>&nbsp;&nbsp;&nbsp;compare_reg_update
</UL>

<P><STRONG><a name="[79]"></a>rtc1_stop</STRONG> (Thumb, 52 bytes, Stack size 16 bytes, app_timer.o(i.rtc1_stop))
<BR><BR>[Stack]<UL><LI>Max Depth = 16<LI>Call Chain = rtc1_stop
</UL>
<BR>[Calls]<UL><LI><a href="#[77]">&gt;&gt;</a>&nbsp;&nbsp;&nbsp;nrf_delay_us
</UL>
<BR>[Called By]<UL><LI><a href="#[74]">&gt;&gt;</a>&nbsp;&nbsp;&nbsp;compare_reg_update
</UL>

<P><STRONG><a name="[56]"></a>timer_list_handler</STRONG> (Thumb, 122 bytes, Stack size 40 bytes, app_timer.o(i.timer_list_handler))
<BR><BR>[Stack]<UL><LI>Max Depth = 96<LI>Call Chain = timer_list_handler &rArr; list_insertions_handler &rArr; timer_list_remove
</UL>
<BR>[Calls]<UL><LI><a href="#[85]">&gt;&gt;</a>&nbsp;&nbsp;&nbsp;list_insertions_handler
<LI><a href="#[9a]">&gt;&gt;</a>&nbsp;&nbsp;&nbsp;elapsed_ticks_acquire
<LI><a href="#[74]">&gt;&gt;</a>&nbsp;&nbsp;&nbsp;compare_reg_update
</UL>
<BR>[Called By]<UL><LI><a href="#[1e]">&gt;&gt;</a>&nbsp;&nbsp;&nbsp;SWI0_EGU0_IRQHandler
</UL>

<P><STRONG><a name="[87]"></a>timer_list_insert</STRONG> (Thumb, 56 bytes, Stack size 8 bytes, app_timer.o(i.timer_list_insert))
<BR><BR>[Stack]<UL><LI>Max Depth = 8<LI>Call Chain = timer_list_insert
</UL>
<BR>[Called By]<UL><LI><a href="#[85]">&gt;&gt;</a>&nbsp;&nbsp;&nbsp;list_insertions_handler
</UL>

<P><STRONG><a name="[86]"></a>timer_list_remove</STRONG> (Thumb, 88 bytes, Stack size 24 bytes, app_timer.o(i.timer_list_remove))
<BR><BR>[Stack]<UL><LI>Max Depth = 24<LI>Call Chain = timer_list_remove
</UL>
<BR>[Calls]<UL><LI><a href="#[77]">&gt;&gt;</a>&nbsp;&nbsp;&nbsp;nrf_delay_us
</UL>
<BR>[Called By]<UL><LI><a href="#[85]">&gt;&gt;</a>&nbsp;&nbsp;&nbsp;list_insertions_handler
</UL>

<P><STRONG><a name="[52]"></a>timer_timeouts_check</STRONG> (Thumb, 106 bytes, Stack size 24 bytes, app_timer.o(i.timer_timeouts_check))
<BR><BR>[Stack]<UL><LI>Max Depth = 24<LI>Call Chain = timer_timeouts_check
</UL>
<BR>[Calls]<UL><LI><a href="#[78]">&gt;&gt;</a>&nbsp;&nbsp;&nbsp;NVIC_SetPendingIRQ
</UL>
<BR>[Called By]<UL><LI><a href="#[1b]">&gt;&gt;</a>&nbsp;&nbsp;&nbsp;RTC1_IRQHandler
</UL>

<P><STRONG><a name="[61]"></a>char_insert</STRONG> (Thumb, 310 bytes, Stack size 24 bytes, nrf_cli.o(i.char_insert), UNUSED)
<BR><BR>[Calls]<UL><LI><a href="#[69]">&gt;&gt;</a>&nbsp;&nbsp;&nbsp;nrf_fprintf
<LI><a href="#[64]">&gt;&gt;</a>&nbsp;&nbsp;&nbsp;nrf_cli_fprintf
<LI><a href="#[63]">&gt;&gt;</a>&nbsp;&nbsp;&nbsp;multiline_console_data_check
<LI><a href="#[6c]">&gt;&gt;</a>&nbsp;&nbsp;&nbsp;full_line_cmd
<LI><a href="#[6e]">&gt;&gt;</a>&nbsp;&nbsp;&nbsp;cursor_up_move
<LI><a href="#[68]">&gt;&gt;</a>&nbsp;&nbsp;&nbsp;cursor_right_move
<LI><a href="#[6b]">&gt;&gt;</a>&nbsp;&nbsp;&nbsp;cursor_next_line_move
<LI><a href="#[65]">&gt;&gt;</a>&nbsp;&nbsp;&nbsp;cursor_left_move
<LI><a href="#[6a]">&gt;&gt;</a>&nbsp;&nbsp;&nbsp;cursor_in_empty_line
<LI><a href="#[6d]">&gt;&gt;</a>&nbsp;&nbsp;&nbsp;cursor_down_move
<LI><a href="#[66]">&gt;&gt;</a>&nbsp;&nbsp;&nbsp;cli_cursor_save
<LI><a href="#[67]">&gt;&gt;</a>&nbsp;&nbsp;&nbsp;cli_cursor_restore
<LI><a href="#[62]">&gt;&gt;</a>&nbsp;&nbsp;&nbsp;__aeabi_memmove
</UL>

<P><STRONG><a name="[6f]"></a>cli_clear_eos</STRONG> (Thumb, 10 bytes, Stack size 0 bytes, nrf_cli.o(i.cli_clear_eos), UNUSED)
<BR><BR>[Calls]<UL><LI><a href="#[69]">&gt;&gt;</a>&nbsp;&nbsp;&nbsp;nrf_fprintf
</UL>

<P><STRONG><a name="[67]"></a>cli_cursor_restore</STRONG> (Thumb, 10 bytes, Stack size 0 bytes, nrf_cli.o(i.cli_cursor_restore), UNUSED)
<BR><BR>[Calls]<UL><LI><a href="#[69]">&gt;&gt;</a>&nbsp;&nbsp;&nbsp;nrf_fprintf
</UL>
<BR>[Called By]<UL><LI><a href="#[61]">&gt;&gt;</a>&nbsp;&nbsp;&nbsp;char_insert
</UL>

<P><STRONG><a name="[66]"></a>cli_cursor_save</STRONG> (Thumb, 10 bytes, Stack size 0 bytes, nrf_cli.o(i.cli_cursor_save), UNUSED)
<BR><BR>[Calls]<UL><LI><a href="#[69]">&gt;&gt;</a>&nbsp;&nbsp;&nbsp;nrf_fprintf
</UL>
<BR>[Called By]<UL><LI><a href="#[61]">&gt;&gt;</a>&nbsp;&nbsp;&nbsp;char_insert
</UL>

<P><STRONG><a name="[7c]"></a>cli_read</STRONG> (Thumb, 14 bytes, Stack size 8 bytes, nrf_cli.o(i.cli_read))
<BR><BR>[Stack]<UL><LI>Max Depth = 8<LI>Call Chain = cli_read
</UL>
<BR>[Called By]<UL><LI><a href="#[7a]">&gt;&gt;</a>&nbsp;&nbsp;&nbsp;cursor_position_get
</UL>

<P><STRONG><a name="[70]"></a>cli_strlen</STRONG> (Thumb, 10 bytes, Stack size 0 bytes, nrf_cli.o(i.cli_strlen))
<BR><BR>[Calls]<UL><LI><a href="#[71]">&gt;&gt;</a>&nbsp;&nbsp;&nbsp;strlen
</UL>
<BR>[Called By]<UL><LI><a href="#[8b]">&gt;&gt;</a>&nbsp;&nbsp;&nbsp;nrf_cli_help_print
<LI><a href="#[63]">&gt;&gt;</a>&nbsp;&nbsp;&nbsp;multiline_console_data_check
<LI><a href="#[6c]">&gt;&gt;</a>&nbsp;&nbsp;&nbsp;full_line_cmd
<LI><a href="#[7e]">&gt;&gt;</a>&nbsp;&nbsp;&nbsp;format_offset_string_print
<LI><a href="#[6a]">&gt;&gt;</a>&nbsp;&nbsp;&nbsp;cursor_in_empty_line
</UL>

<P><STRONG><a name="[80]"></a>cli_write</STRONG> (Thumb, 82 bytes, Stack size 32 bytes, nrf_cli.o(i.cli_write))
<BR><BR>[Stack]<UL><LI>Max Depth = 32<LI>Call Chain = cli_write
</UL>
<BR>[Called By]<UL><LI><a href="#[7e]">&gt;&gt;</a>&nbsp;&nbsp;&nbsp;format_offset_string_print
</UL>

<P><STRONG><a name="[72]"></a>cmd_get</STRONG> (Thumb, 124 bytes, Stack size 40 bytes, nrf_cli.o(i.cmd_get))
<BR><BR>[Stack]<UL><LI>Max Depth = 48<LI>Call Chain = cmd_get &rArr; strcmp
</UL>
<BR>[Calls]<UL><LI><a href="#[73]">&gt;&gt;</a>&nbsp;&nbsp;&nbsp;strcmp
</UL>
<BR>[Called By]<UL><LI><a href="#[8b]">&gt;&gt;</a>&nbsp;&nbsp;&nbsp;nrf_cli_help_print
</UL>

<P><STRONG><a name="[6d]"></a>cursor_down_move</STRONG> (Thumb, 16 bytes, Stack size 0 bytes, nrf_cli.o(i.cursor_down_move))
<BR><BR>[Stack]<UL><LI>Max Depth = 168<LI>Call Chain = cursor_down_move &rArr; nrf_fprintf &rArr; nrf_fprintf_fmt &rArr; int_print &rArr; unsigned_print &rArr; buffer_add &rArr; nrf_fprintf_buffer_flush
</UL>
<BR>[Calls]<UL><LI><a href="#[69]">&gt;&gt;</a>&nbsp;&nbsp;&nbsp;nrf_fprintf
</UL>
<BR>[Called By]<UL><LI><a href="#[8d]">&gt;&gt;</a>&nbsp;&nbsp;&nbsp;terminal_size_get
<LI><a href="#[61]">&gt;&gt;</a>&nbsp;&nbsp;&nbsp;char_insert
</UL>

<P><STRONG><a name="[6a]"></a>cursor_in_empty_line</STRONG> (Thumb, 38 bytes, Stack size 8 bytes, nrf_cli.o(i.cursor_in_empty_line), UNUSED)
<BR><BR>[Calls]<UL><LI><a href="#[70]">&gt;&gt;</a>&nbsp;&nbsp;&nbsp;cli_strlen
</UL>
<BR>[Called By]<UL><LI><a href="#[61]">&gt;&gt;</a>&nbsp;&nbsp;&nbsp;char_insert
</UL>

<P><STRONG><a name="[65]"></a>cursor_left_move</STRONG> (Thumb, 16 bytes, Stack size 0 bytes, nrf_cli.o(i.cursor_left_move))
<BR><BR>[Stack]<UL><LI>Max Depth = 168<LI>Call Chain = cursor_left_move &rArr; nrf_fprintf &rArr; nrf_fprintf_fmt &rArr; int_print &rArr; unsigned_print &rArr; buffer_add &rArr; nrf_fprintf_buffer_flush
</UL>
<BR>[Calls]<UL><LI><a href="#[69]">&gt;&gt;</a>&nbsp;&nbsp;&nbsp;nrf_fprintf
</UL>
<BR>[Called By]<UL><LI><a href="#[8d]">&gt;&gt;</a>&nbsp;&nbsp;&nbsp;terminal_size_get
<LI><a href="#[61]">&gt;&gt;</a>&nbsp;&nbsp;&nbsp;char_insert
</UL>

<P><STRONG><a name="[6b]"></a>cursor_next_line_move</STRONG> (Thumb, 10 bytes, Stack size 0 bytes, nrf_cli.o(i.cursor_next_line_move))
<BR><BR>[Stack]<UL><LI>Max Depth = 168<LI>Call Chain = cursor_next_line_move &rArr; nrf_fprintf &rArr; nrf_fprintf_fmt &rArr; int_print &rArr; unsigned_print &rArr; buffer_add &rArr; nrf_fprintf_buffer_flush
</UL>
<BR>[Calls]<UL><LI><a href="#[69]">&gt;&gt;</a>&nbsp;&nbsp;&nbsp;nrf_fprintf
</UL>
<BR>[Called By]<UL><LI><a href="#[8b]">&gt;&gt;</a>&nbsp;&nbsp;&nbsp;nrf_cli_help_print
<LI><a href="#[7e]">&gt;&gt;</a>&nbsp;&nbsp;&nbsp;format_offset_string_print
<LI><a href="#[61]">&gt;&gt;</a>&nbsp;&nbsp;&nbsp;char_insert
</UL>

<P><STRONG><a name="[7a]"></a>cursor_position_get</STRONG> (Thumb, 292 bytes, Stack size 48 bytes, nrf_cli.o(i.cursor_position_get))
<BR><BR>[Stack]<UL><LI>Max Depth = 216<LI>Call Chain = cursor_position_get &rArr; nrf_fprintf &rArr; nrf_fprintf_fmt &rArr; int_print &rArr; unsigned_print &rArr; buffer_add &rArr; nrf_fprintf_buffer_flush
</UL>
<BR>[Calls]<UL><LI><a href="#[60]">&gt;&gt;</a>&nbsp;&nbsp;&nbsp;nrf_fprintf_buffer_flush
<LI><a href="#[69]">&gt;&gt;</a>&nbsp;&nbsp;&nbsp;nrf_fprintf
<LI><a href="#[7d]">&gt;&gt;</a>&nbsp;&nbsp;&nbsp;nrf_delay_us
<LI><a href="#[7c]">&gt;&gt;</a>&nbsp;&nbsp;&nbsp;cli_read
<LI><a href="#[7b]">&gt;&gt;</a>&nbsp;&nbsp;&nbsp;__aeabi_memclr4
</UL>
<BR>[Called By]<UL><LI><a href="#[8d]">&gt;&gt;</a>&nbsp;&nbsp;&nbsp;terminal_size_get
</UL>

<P><STRONG><a name="[68]"></a>cursor_right_move</STRONG> (Thumb, 16 bytes, Stack size 0 bytes, nrf_cli.o(i.cursor_right_move))
<BR><BR>[Stack]<UL><LI>Max Depth = 168<LI>Call Chain = cursor_right_move &rArr; nrf_fprintf &rArr; nrf_fprintf_fmt &rArr; int_print &rArr; unsigned_print &rArr; buffer_add &rArr; nrf_fprintf_buffer_flush
</UL>
<BR>[Calls]<UL><LI><a href="#[69]">&gt;&gt;</a>&nbsp;&nbsp;&nbsp;nrf_fprintf
</UL>
<BR>[Called By]<UL><LI><a href="#[8b]">&gt;&gt;</a>&nbsp;&nbsp;&nbsp;nrf_cli_help_print
<LI><a href="#[8d]">&gt;&gt;</a>&nbsp;&nbsp;&nbsp;terminal_size_get
<LI><a href="#[7e]">&gt;&gt;</a>&nbsp;&nbsp;&nbsp;format_offset_string_print
<LI><a href="#[61]">&gt;&gt;</a>&nbsp;&nbsp;&nbsp;char_insert
</UL>

<P><STRONG><a name="[6e]"></a>cursor_up_move</STRONG> (Thumb, 16 bytes, Stack size 0 bytes, nrf_cli.o(i.cursor_up_move))
<BR><BR>[Stack]<UL><LI>Max Depth = 168<LI>Call Chain = cursor_up_move &rArr; nrf_fprintf &rArr; nrf_fprintf_fmt &rArr; int_print &rArr; unsigned_print &rArr; buffer_add &rArr; nrf_fprintf_buffer_flush
</UL>
<BR>[Calls]<UL><LI><a href="#[69]">&gt;&gt;</a>&nbsp;&nbsp;&nbsp;nrf_fprintf
</UL>
<BR>[Called By]<UL><LI><a href="#[8d]">&gt;&gt;</a>&nbsp;&nbsp;&nbsp;terminal_size_get
<LI><a href="#[61]">&gt;&gt;</a>&nbsp;&nbsp;&nbsp;char_insert
</UL>

<P><STRONG><a name="[7e]"></a>format_offset_string_print</STRONG> (Thumb, 242 bytes, Stack size 40 bytes, nrf_cli.o(i.format_offset_string_print))
<BR><BR>[Stack]<UL><LI>Max Depth = 208<LI>Call Chain = format_offset_string_print &rArr; nrf_fprintf &rArr; nrf_fprintf_fmt &rArr; int_print &rArr; unsigned_print &rArr; buffer_add &rArr; nrf_fprintf_buffer_flush
</UL>
<BR>[Calls]<UL><LI><a href="#[60]">&gt;&gt;</a>&nbsp;&nbsp;&nbsp;nrf_fprintf_buffer_flush
<LI><a href="#[69]">&gt;&gt;</a>&nbsp;&nbsp;&nbsp;nrf_fprintf
<LI><a href="#[68]">&gt;&gt;</a>&nbsp;&nbsp;&nbsp;cursor_right_move
<LI><a href="#[6b]">&gt;&gt;</a>&nbsp;&nbsp;&nbsp;cursor_next_line_move
<LI><a href="#[80]">&gt;&gt;</a>&nbsp;&nbsp;&nbsp;cli_write
<LI><a href="#[70]">&gt;&gt;</a>&nbsp;&nbsp;&nbsp;cli_strlen
<LI><a href="#[7f]">&gt;&gt;</a>&nbsp;&nbsp;&nbsp;__rt_ctype_table
</UL>
<BR>[Called By]<UL><LI><a href="#[8b]">&gt;&gt;</a>&nbsp;&nbsp;&nbsp;nrf_cli_help_print
</UL>

<P><STRONG><a name="[6c]"></a>full_line_cmd</STRONG> (Thumb, 38 bytes, Stack size 8 bytes, nrf_cli.o(i.full_line_cmd), UNUSED)
<BR><BR>[Calls]<UL><LI><a href="#[70]">&gt;&gt;</a>&nbsp;&nbsp;&nbsp;cli_strlen
</UL>
<BR>[Called By]<UL><LI><a href="#[61]">&gt;&gt;</a>&nbsp;&nbsp;&nbsp;char_insert
</UL>

<P><STRONG><a name="[63]"></a>multiline_console_data_check</STRONG> (Thumb, 80 bytes, Stack size 16 bytes, nrf_cli.o(i.multiline_console_data_check), UNUSED)
<BR><BR>[Calls]<UL><LI><a href="#[70]">&gt;&gt;</a>&nbsp;&nbsp;&nbsp;cli_strlen
</UL>
<BR>[Called By]<UL><LI><a href="#[61]">&gt;&gt;</a>&nbsp;&nbsp;&nbsp;char_insert
</UL>

<P><STRONG><a name="[36]"></a>nrf_cli_cmd_clear</STRONG> (Thumb, 54 bytes, Stack size 8 bytes, nrf_cli.o(i.nrf_cli_cmd_clear))
<BR><BR>[Stack]<UL><LI>Max Depth = 296<LI>Call Chain = nrf_cli_cmd_clear &rArr; nrf_cli_help_print &rArr; nrf_cli_fprintf &rArr; vt100_color_set &rArr; nrf_fprintf &rArr; nrf_fprintf_fmt &rArr; int_print &rArr; unsigned_print &rArr; buffer_add &rArr; nrf_fprintf_buffer_flush
</UL>
<BR>[Calls]<UL><LI><a href="#[69]">&gt;&gt;</a>&nbsp;&nbsp;&nbsp;nrf_fprintf
<LI><a href="#[8b]">&gt;&gt;</a>&nbsp;&nbsp;&nbsp;nrf_cli_help_print
<LI><a href="#[8a]">&gt;&gt;</a>&nbsp;&nbsp;&nbsp;nrf_cli_help_requested
</UL>
<BR>[Address Reference Count : 1]<UL><LI> nrf_cli.o(.constdata)
</UL>
<P><STRONG><a name="[35]"></a>nrf_cli_cmd_colors</STRONG> (Thumb, 80 bytes, Stack size 24 bytes, nrf_cli.o(i.nrf_cli_cmd_colors))
<BR><BR>[Stack]<UL><LI>Max Depth = 312<LI>Call Chain = nrf_cli_cmd_colors &rArr; nrf_cli_help_print &rArr; nrf_cli_fprintf &rArr; vt100_color_set &rArr; nrf_fprintf &rArr; nrf_fprintf_fmt &rArr; int_print &rArr; unsigned_print &rArr; buffer_add &rArr; nrf_fprintf_buffer_flush
</UL>
<BR>[Calls]<UL><LI><a href="#[8b]">&gt;&gt;</a>&nbsp;&nbsp;&nbsp;nrf_cli_help_print
<LI><a href="#[64]">&gt;&gt;</a>&nbsp;&nbsp;&nbsp;nrf_cli_fprintf
<LI><a href="#[8a]">&gt;&gt;</a>&nbsp;&nbsp;&nbsp;nrf_cli_help_requested
</UL>
<BR>[Address Reference Count : 1]<UL><LI> nrf_cli.o(.constdata)
</UL>
<P><STRONG><a name="[33]"></a>nrf_cli_cmd_colors_off</STRONG> (Thumb, 66 bytes, Stack size 24 bytes, nrf_cli.o(i.nrf_cli_cmd_colors_off))
<BR><BR>[Stack]<UL><LI>Max Depth = 312<LI>Call Chain = nrf_cli_cmd_colors_off &rArr; nrf_cli_help_print &rArr; nrf_cli_fprintf &rArr; vt100_color_set &rArr; nrf_fprintf &rArr; nrf_fprintf_fmt &rArr; int_print &rArr; unsigned_print &rArr; buffer_add &rArr; nrf_fprintf_buffer_flush
</UL>
<BR>[Calls]<UL><LI><a href="#[8b]">&gt;&gt;</a>&nbsp;&nbsp;&nbsp;nrf_cli_help_print
<LI><a href="#[64]">&gt;&gt;</a>&nbsp;&nbsp;&nbsp;nrf_cli_fprintf
<LI><a href="#[8a]">&gt;&gt;</a>&nbsp;&nbsp;&nbsp;nrf_cli_help_requested
</UL>
<BR>[Address Reference Count : 1]<UL><LI> nrf_cli.o(.constdata)
</UL>
<P><STRONG><a name="[34]"></a>nrf_cli_cmd_colors_on</STRONG> (Thumb, 66 bytes, Stack size 24 bytes, nrf_cli.o(i.nrf_cli_cmd_colors_on))
<BR><BR>[Stack]<UL><LI>Max Depth = 312<LI>Call Chain = nrf_cli_cmd_colors_on &rArr; nrf_cli_help_print &rArr; nrf_cli_fprintf &rArr; vt100_color_set &rArr; nrf_fprintf &rArr; nrf_fprintf_fmt &rArr; int_print &rArr; unsigned_print &rArr; buffer_add &rArr; nrf_fprintf_buffer_flush
</UL>
<BR>[Calls]<UL><LI><a href="#[8b]">&gt;&gt;</a>&nbsp;&nbsp;&nbsp;nrf_cli_help_print
<LI><a href="#[64]">&gt;&gt;</a>&nbsp;&nbsp;&nbsp;nrf_cli_fprintf
<LI><a href="#[8a]">&gt;&gt;</a>&nbsp;&nbsp;&nbsp;nrf_cli_help_requested
</UL>
<BR>[Address Reference Count : 1]<UL><LI> nrf_cli.o(.constdata)
</UL>
<P><STRONG><a name="[37]"></a>nrf_cli_cmd_history</STRONG> (Thumb, 130 bytes, Stack size 32 bytes, nrf_cli.o(i.nrf_cli_cmd_history))
<BR><BR>[Stack]<UL><LI>Max Depth = 320<LI>Call Chain = nrf_cli_cmd_history &rArr; nrf_cli_help_print &rArr; nrf_cli_fprintf &rArr; vt100_color_set &rArr; nrf_fprintf &rArr; nrf_fprintf_fmt &rArr; int_print &rArr; unsigned_print &rArr; buffer_add &rArr; nrf_fprintf_buffer_flush
</UL>
<BR>[Calls]<UL><LI><a href="#[8c]">&gt;&gt;</a>&nbsp;&nbsp;&nbsp;nrf_memobj_read
<LI><a href="#[8b]">&gt;&gt;</a>&nbsp;&nbsp;&nbsp;nrf_cli_help_print
<LI><a href="#[64]">&gt;&gt;</a>&nbsp;&nbsp;&nbsp;nrf_cli_fprintf
<LI><a href="#[8a]">&gt;&gt;</a>&nbsp;&nbsp;&nbsp;nrf_cli_help_requested
</UL>
<BR>[Address Reference Count : 1]<UL><LI> nrf_cli.o(.constdata)
</UL>
<P><STRONG><a name="[39]"></a>nrf_cli_cmd_resize</STRONG> (Thumb, 122 bytes, Stack size 24 bytes, nrf_cli.o(i.nrf_cli_cmd_resize))
<BR><BR>[Stack]<UL><LI>Max Depth = 312<LI>Call Chain = nrf_cli_cmd_resize &rArr; nrf_cli_help_print &rArr; nrf_cli_fprintf &rArr; vt100_color_set &rArr; nrf_fprintf &rArr; nrf_fprintf_fmt &rArr; int_print &rArr; unsigned_print &rArr; buffer_add &rArr; nrf_fprintf_buffer_flush
</UL>
<BR>[Calls]<UL><LI><a href="#[8b]">&gt;&gt;</a>&nbsp;&nbsp;&nbsp;nrf_cli_help_print
<LI><a href="#[64]">&gt;&gt;</a>&nbsp;&nbsp;&nbsp;nrf_cli_fprintf
<LI><a href="#[8d]">&gt;&gt;</a>&nbsp;&nbsp;&nbsp;terminal_size_get
<LI><a href="#[8a]">&gt;&gt;</a>&nbsp;&nbsp;&nbsp;nrf_cli_help_requested
</UL>
<BR>[Address Reference Count : 1]<UL><LI> nrf_cli.o(.constdata)
</UL>
<P><STRONG><a name="[38]"></a>nrf_cli_cmd_resize_default</STRONG> (Thumb, 76 bytes, Stack size 24 bytes, nrf_cli.o(i.nrf_cli_cmd_resize_default))
<BR><BR>[Stack]<UL><LI>Max Depth = 312<LI>Call Chain = nrf_cli_cmd_resize_default &rArr; nrf_cli_help_print &rArr; nrf_cli_fprintf &rArr; vt100_color_set &rArr; nrf_fprintf &rArr; nrf_fprintf_fmt &rArr; int_print &rArr; unsigned_print &rArr; buffer_add &rArr; nrf_fprintf_buffer_flush
</UL>
<BR>[Calls]<UL><LI><a href="#[69]">&gt;&gt;</a>&nbsp;&nbsp;&nbsp;nrf_fprintf
<LI><a href="#[8b]">&gt;&gt;</a>&nbsp;&nbsp;&nbsp;nrf_cli_help_print
<LI><a href="#[64]">&gt;&gt;</a>&nbsp;&nbsp;&nbsp;nrf_cli_fprintf
<LI><a href="#[8a]">&gt;&gt;</a>&nbsp;&nbsp;&nbsp;nrf_cli_help_requested
</UL>
<BR>[Address Reference Count : 1]<UL><LI> nrf_cli.o(.constdata)
</UL>
<P><STRONG><a name="[8a]"></a>nrf_cli_help_requested</STRONG> (Thumb, 12 bytes, Stack size 0 bytes, nrf_cli.o(i.nrf_cli_help_requested))
<BR><BR>[Called By]<UL><LI><a href="#[38]">&gt;&gt;</a>&nbsp;&nbsp;&nbsp;nrf_cli_cmd_resize_default
<LI><a href="#[39]">&gt;&gt;</a>&nbsp;&nbsp;&nbsp;nrf_cli_cmd_resize
<LI><a href="#[37]">&gt;&gt;</a>&nbsp;&nbsp;&nbsp;nrf_cli_cmd_history
<LI><a href="#[34]">&gt;&gt;</a>&nbsp;&nbsp;&nbsp;nrf_cli_cmd_colors_on
<LI><a href="#[33]">&gt;&gt;</a>&nbsp;&nbsp;&nbsp;nrf_cli_cmd_colors_off
<LI><a href="#[35]">&gt;&gt;</a>&nbsp;&nbsp;&nbsp;nrf_cli_cmd_colors
<LI><a href="#[36]">&gt;&gt;</a>&nbsp;&nbsp;&nbsp;nrf_cli_cmd_clear
</UL>

<P><STRONG><a name="[7d]"></a>nrf_delay_us</STRONG> (Thumb, 132 bytes, Stack size 0 bytes, nrf_cli.o(i.nrf_delay_us))
<BR><BR>[Called By]<UL><LI><a href="#[7a]">&gt;&gt;</a>&nbsp;&nbsp;&nbsp;cursor_position_get
</UL>

<P><STRONG><a name="[8d]"></a>terminal_size_get</STRONG> (Thumb, 96 bytes, Stack size 24 bytes, nrf_cli.o(i.terminal_size_get))
<BR><BR>[Stack]<UL><LI>Max Depth = 240<LI>Call Chain = terminal_size_get &rArr; cursor_position_get &rArr; nrf_fprintf &rArr; nrf_fprintf_fmt &rArr; int_print &rArr; unsigned_print &rArr; buffer_add &rArr; nrf_fprintf_buffer_flush
</UL>
<BR>[Calls]<UL><LI><a href="#[6e]">&gt;&gt;</a>&nbsp;&nbsp;&nbsp;cursor_up_move
<LI><a href="#[68]">&gt;&gt;</a>&nbsp;&nbsp;&nbsp;cursor_right_move
<LI><a href="#[7a]">&gt;&gt;</a>&nbsp;&nbsp;&nbsp;cursor_position_get
<LI><a href="#[65]">&gt;&gt;</a>&nbsp;&nbsp;&nbsp;cursor_left_move
<LI><a href="#[6d]">&gt;&gt;</a>&nbsp;&nbsp;&nbsp;cursor_down_move
</UL>
<BR>[Called By]<UL><LI><a href="#[39]">&gt;&gt;</a>&nbsp;&nbsp;&nbsp;nrf_cli_cmd_resize
</UL>

<P><STRONG><a name="[90]"></a>vt100_bgcolor_set</STRONG> (Thumb, 48 bytes, Stack size 16 bytes, nrf_cli.o(i.vt100_bgcolor_set))
<BR><BR>[Stack]<UL><LI>Max Depth = 184<LI>Call Chain = vt100_bgcolor_set &rArr; nrf_fprintf &rArr; nrf_fprintf_fmt &rArr; int_print &rArr; unsigned_print &rArr; buffer_add &rArr; nrf_fprintf_buffer_flush
</UL>
<BR>[Calls]<UL><LI><a href="#[69]">&gt;&gt;</a>&nbsp;&nbsp;&nbsp;nrf_fprintf
</UL>
<BR>[Called By]<UL><LI><a href="#[64]">&gt;&gt;</a>&nbsp;&nbsp;&nbsp;nrf_cli_fprintf
</UL>

<P><STRONG><a name="[8e]"></a>vt100_color_set</STRONG> (Thumb, 64 bytes, Stack size 16 bytes, nrf_cli.o(i.vt100_color_set))
<BR><BR>[Stack]<UL><LI>Max Depth = 184<LI>Call Chain = vt100_color_set &rArr; nrf_fprintf &rArr; nrf_fprintf_fmt &rArr; int_print &rArr; unsigned_print &rArr; buffer_add &rArr; nrf_fprintf_buffer_flush
</UL>
<BR>[Calls]<UL><LI><a href="#[69]">&gt;&gt;</a>&nbsp;&nbsp;&nbsp;nrf_fprintf
</UL>
<BR>[Called By]<UL><LI><a href="#[64]">&gt;&gt;</a>&nbsp;&nbsp;&nbsp;nrf_cli_fprintf
</UL>

<P><STRONG><a name="[5f]"></a>buffer_add</STRONG> (Thumb, 30 bytes, Stack size 8 bytes, nrf_fprintf_format.o(i.buffer_add))
<BR><BR>[Stack]<UL><LI>Max Depth = 16<LI>Call Chain = buffer_add &rArr; nrf_fprintf_buffer_flush
</UL>
<BR>[Calls]<UL><LI><a href="#[60]">&gt;&gt;</a>&nbsp;&nbsp;&nbsp;nrf_fprintf_buffer_flush
</UL>
<BR>[Called By]<UL><LI><a href="#[8f]">&gt;&gt;</a>&nbsp;&nbsp;&nbsp;nrf_fprintf_fmt
<LI><a href="#[82]">&gt;&gt;</a>&nbsp;&nbsp;&nbsp;unsigned_print
<LI><a href="#[81]">&gt;&gt;</a>&nbsp;&nbsp;&nbsp;int_print
</UL>

<P><STRONG><a name="[81]"></a>int_print</STRONG> (Thumb, 166 bytes, Stack size 48 bytes, nrf_fprintf_format.o(i.int_print))
<BR><BR>[Stack]<UL><LI>Max Depth = 104<LI>Call Chain = int_print &rArr; unsigned_print &rArr; buffer_add &rArr; nrf_fprintf_buffer_flush
</UL>
<BR>[Calls]<UL><LI><a href="#[82]">&gt;&gt;</a>&nbsp;&nbsp;&nbsp;unsigned_print
<LI><a href="#[5f]">&gt;&gt;</a>&nbsp;&nbsp;&nbsp;buffer_add
</UL>
<BR>[Called By]<UL><LI><a href="#[8f]">&gt;&gt;</a>&nbsp;&nbsp;&nbsp;nrf_fprintf_fmt
</UL>

<P><STRONG><a name="[82]"></a>unsigned_print</STRONG> (Thumb, 176 bytes, Stack size 40 bytes, nrf_fprintf_format.o(i.unsigned_print))
<BR><BR>[Stack]<UL><LI>Max Depth = 56<LI>Call Chain = unsigned_print &rArr; buffer_add &rArr; nrf_fprintf_buffer_flush
</UL>
<BR>[Calls]<UL><LI><a href="#[5f]">&gt;&gt;</a>&nbsp;&nbsp;&nbsp;buffer_add
</UL>
<BR>[Called By]<UL><LI><a href="#[8f]">&gt;&gt;</a>&nbsp;&nbsp;&nbsp;nrf_fprintf_fmt
<LI><a href="#[81]">&gt;&gt;</a>&nbsp;&nbsp;&nbsp;int_print
</UL>

<P><STRONG><a name="[88]"></a>memobj_op</STRONG> (Thumb, 118 bytes, Stack size 32 bytes, nrf_memobj.o(i.memobj_op))
<BR><BR>[Stack]<UL><LI>Max Depth = 40<LI>Call Chain = memobj_op &rArr; __aeabi_memcpy
</UL>
<BR>[Calls]<UL><LI><a href="#[89]">&gt;&gt;</a>&nbsp;&nbsp;&nbsp;__aeabi_memcpy
</UL>
<BR>[Called By]<UL><LI><a href="#[8c]">&gt;&gt;</a>&nbsp;&nbsp;&nbsp;nrf_memobj_read
</UL>

<P><STRONG><a name="[96]"></a>nrf_queue_next_idx</STRONG> (Thumb, 14 bytes, Stack size 0 bytes, nrf_queue.o(i.nrf_queue_next_idx))
<BR><BR>[Called By]<UL><LI><a href="#[4e]">&gt;&gt;</a>&nbsp;&nbsp;&nbsp;nrf_queue_push
</UL>

<P><STRONG><a name="[97]"></a>queue_utilization_get</STRONG> (Thumb, 24 bytes, Stack size 0 bytes, nrf_queue.o(i.queue_utilization_get))
<BR><BR>[Called By]<UL><LI><a href="#[4e]">&gt;&gt;</a>&nbsp;&nbsp;&nbsp;nrf_queue_push
</UL>
<P>
<H3>
Undefined Global Symbols
</H3><HR></body></html>
